Component: ARM Compiler 6.11 Tool: armlink [5d3b3900]

==============================================================================

Section Cross References

    startup_stm32g474xx.o(STACK) refers (Special) to heapauxi.o(.text) for __use_two_region_memory
    startup_stm32g474xx.o(HEAP) refers (Special) to heapauxi.o(.text) for __use_two_region_memory
    startup_stm32g474xx.o(RESET) refers (Special) to heapauxi.o(.text) for __use_two_region_memory
    startup_stm32g474xx.o(RESET) refers to startup_stm32g474xx.o(STACK) for __initial_sp
    startup_stm32g474xx.o(RESET) refers to startup_stm32g474xx.o(.text) for Reset_Handler
    startup_stm32g474xx.o(RESET) refers to stm32g4xx_it.o(.text.NMI_Handler) for NMI_Handler
    startup_stm32g474xx.o(RESET) refers to stm32g4xx_it.o(.text.HardFault_Handler) for HardFault_Handler
    startup_stm32g474xx.o(RESET) refers to stm32g4xx_it.o(.text.MemManage_Handler) for MemManage_Handler
    startup_stm32g474xx.o(RESET) refers to stm32g4xx_it.o(.text.BusFault_Handler) for BusFault_Handler
    startup_stm32g474xx.o(RESET) refers to stm32g4xx_it.o(.text.UsageFault_Handler) for UsageFault_Handler
    startup_stm32g474xx.o(RESET) refers to stm32g4xx_it.o(.text.SVC_Handler) for SVC_Handler
    startup_stm32g474xx.o(RESET) refers to stm32g4xx_it.o(.text.DebugMon_Handler) for DebugMon_Handler
    startup_stm32g474xx.o(RESET) refers to stm32g4xx_it.o(.text.PendSV_Handler) for PendSV_Handler
    startup_stm32g474xx.o(RESET) refers to stm32g4xx_it.o(.text.SysTick_Handler) for SysTick_Handler
    startup_stm32g474xx.o(RESET) refers to stm32g4xx_it.o(.text.DMA1_Channel1_IRQHandler) for DMA1_Channel1_IRQHandler
    startup_stm32g474xx.o(RESET) refers to stm32g4xx_it.o(.text.DMA1_Channel2_IRQHandler) for DMA1_Channel2_IRQHandler
    startup_stm32g474xx.o(RESET) refers to stm32g4xx_it.o(.text.TIM1_UP_TIM16_IRQHandler) for TIM1_UP_TIM16_IRQHandler
    startup_stm32g474xx.o(RESET) refers to stm32g4xx_it.o(.text.USART1_IRQHandler) for USART1_IRQHandler
    startup_stm32g474xx.o(RESET) refers to stm32g4xx_it.o(.text.HRTIM1_TIMC_IRQHandler) for HRTIM1_TIMC_IRQHandler
    startup_stm32g474xx.o(.text) refers (Special) to heapauxi.o(.text) for __use_two_region_memory
    startup_stm32g474xx.o(.text) refers to system_stm32g4xx.o(.text.SystemInit) for SystemInit
    startup_stm32g474xx.o(.text) refers to __main.o(!!!main) for __main
    startup_stm32g474xx.o(.text) refers to startup_stm32g474xx.o(HEAP) for Heap_Mem
    startup_stm32g474xx.o(.text) refers to startup_stm32g474xx.o(STACK) for Stack_Mem
    util.o(.ARM.exidx.text.Saturation_float) refers to util.o(.text.Saturation_float) for [Anonymous Symbol]
    util.o(.ARM.exidx.text.Saturation_int) refers to util.o(.text.Saturation_int) for [Anonymous Symbol]
    main.o(.text.main) refers to stm32g4xx_hal.o(.text.HAL_Init) for HAL_Init
    main.o(.text.main) refers to main.o(.text.SystemClock_Config) for SystemClock_Config
    main.o(.text.main) refers to gpio.o(.text.MX_GPIO_Init) for MX_GPIO_Init
    main.o(.text.main) refers to dma.o(.text.MX_DMA_Init) for MX_DMA_Init
    main.o(.text.main) refers to adc.o(.text.MX_ADC5_Init) for MX_ADC5_Init
    main.o(.text.main) refers to hrtim.o(.text.MX_HRTIM1_Init) for MX_HRTIM1_Init
    main.o(.text.main) refers to usart.o(.text.MX_USART1_UART_Init) for MX_USART1_UART_Init
    main.o(.text.main) refers to tim.o(.text.MX_TIM1_Init) for MX_TIM1_Init
    main.o(.text.main) refers to stm32g4xx_hal.o(.text.HAL_Delay) for HAL_Delay
    main.o(.text.main) refers to usart.o(.text.UART_Enable) for UART_Enable
    main.o(.text.main) refers to wpt_tx.o(.text.WPT_Tx_Init) for WPT_Tx_Init
    main.o(.text.main) refers to tim.o(.text.TIM_Enable) for TIM_Enable
    main.o(.ARM.exidx.text.main) refers to main.o(.text.main) for [Anonymous Symbol]
    main.o(.text.SystemClock_Config) refers to rt_memclr_w.o(.text) for __aeabi_memclr4
    main.o(.text.SystemClock_Config) refers to stm32g4xx_hal_pwr_ex.o(.text.HAL_PWREx_ControlVoltageScaling) for HAL_PWREx_ControlVoltageScaling
    main.o(.text.SystemClock_Config) refers to stm32g4xx_hal_rcc.o(.text.HAL_RCC_OscConfig) for HAL_RCC_OscConfig
    main.o(.text.SystemClock_Config) refers to stm32g4xx_hal_rcc.o(.text.HAL_RCC_ClockConfig) for HAL_RCC_ClockConfig
    main.o(.text.SystemClock_Config) refers to stm32g4xx_hal_rcc_ex.o(.text.HAL_RCCEx_PeriphCLKConfig) for HAL_RCCEx_PeriphCLKConfig
    main.o(.ARM.exidx.text.SystemClock_Config) refers to main.o(.text.SystemClock_Config) for [Anonymous Symbol]
    main.o(.ARM.exidx.text.Error_Handler) refers to main.o(.text.Error_Handler) for [Anonymous Symbol]
    gpio.o(.ARM.exidx.text.MX_GPIO_Init) refers to gpio.o(.text.MX_GPIO_Init) for [Anonymous Symbol]
    adc.o(.text.MX_ADC5_Init) refers to rt_memclr_w.o(.text) for __aeabi_memclr4
    adc.o(.text.MX_ADC5_Init) refers to stm32g4xx_hal_adc.o(.text.HAL_ADC_Init) for HAL_ADC_Init
    adc.o(.text.MX_ADC5_Init) refers to main.o(.text.Error_Handler) for Error_Handler
[...]
    _signal_finish                            - Undefined Weak Reference
    _signal_init                              - Undefined Weak Reference
    _terminate_alloc                          - Undefined Weak Reference
    _terminate_user_alloc                     - Undefined Weak Reference
    _terminateio                              - Undefined Weak Reference
    __Vectors_Size                           0x000001d8   Number         0  startup_stm32g474xx.o ABSOLUTE
    __Vectors                                0x08000000   Data           4  startup_stm32g474xx.o(RESET)
    __Vectors_End                            0x080001d8   Data           0  startup_stm32g474xx.o(RESET)
    __main                                   0x080001d9   Thumb Code     8  __main.o(!!!main)
    __scatterload                            0x080001e1   Thumb Code     0  __scatter.o(!!!scatter)
    __scatterload_rt2                        0x080001e1   Thumb Code    44  __scatter.o(!!!scatter)
    __scatterload_rt2_thumb_only             0x080001e1   Thumb Code     0  __scatter.o(!!!scatter)
    __scatterload_null                       0x080001ef   Thumb Code     0  __scatter.o(!!!scatter)
    __scatterload_copy                       0x08000215   Thumb Code    26  __scatter_copy.o(!!handler_copy)
    __scatterload_zeroinit                   0x08000231   Thumb Code    28  __scatter_zi.o(!!handler_zi)
    _printf_n                                0x0800024d   Thumb Code     0  _printf_n.o(.ARM.Collect$$_printf_percent$$00000001)
    _printf_percent                          0x0800024d   Thumb Code     0  _printf_percent.o(.ARM.Collect$$_printf_percent$$00000000)
    _printf_p                                0x08000253   Thumb Code     0  _printf_p.o(.ARM.Collect$$_printf_percent$$00000002)
    _printf_f                                0x08000259   Thumb Code     0  _printf_f.o(.ARM.Collect$$_printf_percent$$00000003)
    _printf_e                                0x0800025f   Thumb Code     0  _printf_e.o(.ARM.Collect$$_printf_percent$$00000004)
    _printf_g                                0x08000265   Thumb Code     0  _printf_g.o(.ARM.Collect$$_printf_percent$$00000005)
    _printf_a                                0x0800026b   Thumb Code     0  _printf_a.o(.ARM.Collect$$_printf_percent$$00000006)
    _printf_ll                               0x08000271   Thumb Code     0  _printf_ll.o(.ARM.Collect$$_printf_percent$$00000007)
    _printf_i                                0x0800027b   Thumb Code     0  _printf_i.o(.ARM.Collect$$_printf_percent$$00000008)
    _printf_d                                0x08000281   Thumb Code     0  _printf_d.o(.ARM.Collect$$_printf_percent$$00000009)
    _printf_u                                0x08000287   Thumb Code     0  _printf_u.o(.ARM.Collect$$_printf_percent$$0000000A)
    _printf_o                                0x0800028d   Thumb Code     0  _printf_o.o(.ARM.Collect$$_printf_percent$$0000000B)
    _printf_x                                0x08000293   Thumb Code     0  _printf_x.o(.ARM.Collect$$_printf_percent$$0000000C)
    _printf_lli                              0x08000299   Thumb Code     0  _printf_lli.o(.ARM.Collect$$_printf_percent$$0000000D)
    _printf_lld                              0x0800029f   Thumb Code     0  _printf_lld.o(.ARM.Collect$$_printf_percent$$0000000E)
    _printf_llu                              0x080002a5   Thumb Code     0  _printf_llu.o(.ARM.Collect$$_printf_percent$$0000000F)
    _printf_llo                              0x080002ab   Thumb Code     0  _printf_llo.o(.ARM.Collect$$_printf_percent$$00000010)
    _printf_llx                              0x080002b1   Thumb Code     0  _printf_llx.o(.ARM.Collect$$_printf_percent$$00000011)
    _printf_l                                0x080002b7   Thumb Code     0  _printf_l.o(.ARM.Collect$$_printf_percent$$00000012)
    _printf_c                                0x080002c1   Thumb Code     0  _printf_c.o(.ARM.Collect$$_printf_percent$$00000013)
    _printf_s                                0x080002c7   Thumb Code     0  _printf_s.o(.ARM.Collect$$_printf_percent$$00000014)
    _printf_lc                               0x080002cd   Thumb Code     0  _printf_lc.o(.ARM.Collect$$_printf_percent$$00000015)
    _printf_ls                               0x080002d3   Thumb Code     0  _printf_ls.o(.ARM.Collect$$_printf_percent$$00000016)
    _printf_percent_end                      0x080002d9   Thumb Code     0  _printf_percent_end.o(.ARM.Collect$$_printf_percent$$00000017)
    __rt_lib_init                            0x080002dd   Thumb Code     0  libinit.o(.ARM.Collect$$libinit$$00000000)
    __rt_lib_init_fp_1                       0x080002df   Thumb Code     0  libinit2.o(.ARM.Collect$$libinit$$00000001)
    __rt_lib_init_heap_1                     0x080002e3   Thumb Code     0  libinit2.o(.ARM.Collect$$libinit$$0000000A)
    __rt_lib_init_lc_common                  0x080002e3   Thumb Code     0  libinit2.o(.ARM.Collect$$libinit$$0000000F)
    __rt_lib_init_preinit_1                  0x080002e3   Thumb Code     0  libinit2.o(.ARM.Collect$$libinit$$00000004)
    __rt_lib_init_rand_1                     0x080002e3   Thumb Code     0  libinit2.o(.ARM.Collect$$libinit$$0000000E)
    __rt_lib_init_user_alloc_1               0x080002e3   Thumb Code     0  libinit2.o(.ARM.Collect$$libinit$$0000000C)
    __rt_lib_init_lc_collate_1               0x080002e9   Thumb Code     0  libinit2.o(.ARM.Collect$$libinit$$00000011)
    __rt_lib_init_lc_ctype_2                 0x080002e9   Thumb Code     0  libinit2.o(.ARM.Collect$$libinit$$00000012)
    __rt_lib_init_alloca_1                   0x080002f5   Thumb Code     0  libinit2.o(.ARM.Collect$$libinit$$0000002E)
    __rt_lib_init_argv_1                     0x080002f5   Thumb Code     0  libinit2.o(.ARM.Collect$$libinit$$0000002C)
    __rt_lib_init_atexit_1                   0x080002f5   Thumb Code     0  libinit2.o(.ARM.Collect$$libinit$$0000001B)
    __rt_lib_init_clock_1                    0x080002f5   Thumb Code     0  libinit2.o(.ARM.Collect$$libinit$$00000021)
    __rt_lib_init_cpp_1                      0x080002f5   Thumb Code     0  libinit2.o(.ARM.Collect$$libinit$$00000032)
    __rt_lib_init_exceptions_1               0x080002f5   Thumb Code     0  libinit2.o(.ARM.Collect$$libinit$$00000030)
    __rt_lib_init_fp_trap_1                  0x080002f5   Thumb Code     0  libinit2.o(.ARM.Collect$$libinit$$0000001F)
    __rt_lib_init_getenv_1                   0x080002f5   Thumb Code     0  libinit2.o(.ARM.Collect$$libinit$$00000023)
    __rt_lib_init_lc_ctype_1                 0x080002f5   Thumb Code     0  libinit2.o(.ARM.Collect$$libinit$$00000013)
    __rt_lib_init_lc_monetary_1              0x080002f5   Thumb Code     0  libinit2.o(.ARM.Collect$$libinit$$00000015)
    __rt_lib_init_lc_numeric_1               0x080002f5   Thumb Code     0  libinit2.o(.ARM.Collect$$libinit$$00000017)
    __rt_lib_init_lc_time_1                  0x080002f5   Thumb Code     0  libinit2.o(.ARM.Collect$$libinit$$00000019)
    __rt_lib_init_return                     0x080002f5   Thumb Code     0  libinit2.o(.ARM.Collect$$libinit$$00000033)
    __rt_lib_init_signal_1                   0x080002f5   Thumb Code     0  libinit2.o(.ARM.Collect$$libinit$$0000001D)
    __rt_lib_init_stdio_1                    0x080002f5   Thumb Code     0  libinit2.o(.ARM.Collect$$libinit$$00000025)
    __rt_lib_shutdown                        0x080002f7   Thumb Code     0  libshutdown.o(.ARM.Collect$$libshutdown$$00000000)
    __rt_lib_shutdown_cpp_1                  0x080002f9   Thumb Code     0  libshutdown2.o(.ARM.Collect$$libshutdown$$00000002)
    __rt_lib_shutdown_fp_trap_1              0x080002f9   Thumb Code     0  libshutdown2.o(.ARM.Collect$$libshutdown$$00000007)
    __rt_lib_shutdown_heap_1                 0x080002f9   Thumb Code     0  libshutdown2.o(.ARM.Collect$$libshutdown$$0000000F)
    __rt_lib_shutdown_return                 0x080002f9   Thumb Code     0  libshutdown2.o(.ARM.Collect$$libshutdown$$00000010)
    __rt_lib_shutdown_signal_1               0x080002f9   Thumb Code     0  libshutdown2.o(.ARM.Collect$$libshutdown$$0000000A)
    __rt_lib_shutdown_stdio_1                0x080002f9   Thumb Code     0  libshutdown2.o(.ARM.Collect$$libshutdown$$00000004)
    __rt_lib_shutdown_user_alloc_1           0x080002f9   Thumb Code     0  libshutdown2.o(.ARM.Collect$$libshutdown$$0000000C)
    __rt_entry                               0x080002fb   Thumb Code     0  __rtentry.o(.ARM.Collect$$rtentry$$00000000)
    __rt_entry_presh_1                       0x080002fb   Thumb Code     0  __rtentry2.o(.ARM.Collect$$rtentry$$00000002)
    __rt_entry_sh                            0x080002fb   Thumb Code     0  __rtentry4.o(.ARM.Collect$$rtentry$$00000004)
    __rt_entry_li                            0x08000301   Thumb Code     0  __rtentry2.o(.ARM.Collect$$rtentry$$0000000A)
    __rt_entry_postsh_1                      0x08000301   Thumb Code     0  __rtentry2.o(.ARM.Collect$$rtentry$$00000009)
    __rt_entry_main                          0x08000305   Thumb Code     0  __rtentry2.o(.ARM.Collect$$rtentry$$0000000D)
    __rt_entry_postli_1                      0x08000305   Thumb Code     0  __rtentry2.o(.ARM.Collect$$rtentry$$0000000C)
    __rt_exit                                0x0800030d   Thumb Code     0  rtexit.o(.ARM.Collect$$rtexit$$00000000)
    __rt_exit_ls                             0x0800030f   Thumb Code     0  rtexit2.o(.ARM.Collect$$rtexit$$00000003)
    __rt_exit_prels_1                        0x0800030f   Thumb Code     0  rtexit2.o(.ARM.Collect$$rtexit$$00000002)
    __rt_exit_exit                           0x08000313   Thumb Code     0  rtexit2.o(.ARM.Collect$$rtexit$$00000004)
    Reset_Handler                            0x08000319   Thumb Code     8  startup_stm32g474xx.o(.text)
    ADC1_2_IRQHandler                        0x08000333   Thumb Code     0  startup_stm32g474xx.o(.text)
    ADC3_IRQHandler                          0x08000333   Thumb Code     0  startup_stm32g474xx.o(.text)
    ADC4_IRQHandler                          0x08000333   Thumb Code     0  startup_stm32g474xx.o(.text)
    ADC5_IRQHandler                          0x08000333   Thumb Code     0  startup_stm32g474xx.o(.text)
    COMP1_2_3_IRQHandler                     0x08000333   Thumb Code     0  startup_stm32g474xx.o(.text)
    COMP4_5_6_IRQHandler                     0x08000333   Thumb Code     0  startup_stm32g474xx.o(.text)
    COMP7_IRQHandler                         0x08000333   Thumb Code     0  startup_stm32g474xx.o(.text)
    CORDIC_IRQHandler                        0x08000333   Thumb Code     0  startup_stm32g474xx.o(.text)
    CRS_IRQHandler                           0x08000333   Thumb Code     0  startup_stm32g474xx.o(.text)
    DMA1_Channel3_IRQHandler                 0x08000333   Thumb Code     0  startup_stm32g474xx.o(.text)
    DMA1_Channel4_IRQHandler                 0x08000333   Thumb Code     0  startup_stm32g474xx.o(.text)
    DMA1_Channel5_IRQHandler                 0x08000333   Thumb Code     0  startup_stm32g474xx.o(.text)
    DMA1_Channel6_IRQHandler                 0x08000333   Thumb Code     0  startup_stm32g474xx.o(.text)
    DMA1_Channel7_IRQHandler                 0x08000333   Thumb Code     0  startup_stm32g474xx.o(.text)
    DMA1_Channel8_IRQHandler                 0x08000333   Thumb Code     0  startup_stm32g474xx.o(.text)
    DMA2_Channel1_IRQHandler                 0x08000333   Thumb Code     0  startup_stm32g474xx.o(.text)
    DMA2_Channel2_IRQHandler                 0x08000333   Thumb Code     0  startup_stm32g474xx.o(.text)
    DMA2_Channel3_IRQHandler                 0x08000333   Thumb Code     0  startup_stm32g474xx.o(.text)
    DMA2_Channel4_IRQHandler                 0x08000333   Thumb Code     0  startup_stm32g474xx.o(.text)
    DMA2_Channel5_IRQHandler                 0x08000333   Thumb Code     0  startup_stm32g474xx.o(.text)
    DMA2_Channel6_IRQHandler                 0x08000333   Thumb Code     0  startup_stm32g474xx.o(.text)
    DMA2_Channel7_IRQHandler                 0x08000333   Thumb Code     0  startup_stm32g474xx.o(.text)
    DMA2_Channel8_IRQHandler                 0x08000333   Thumb Code     0  startup_stm32g474xx.o(.text)
    DMAMUX_OVR_IRQHandler                    0x08000333   Thumb Code     0  startup_stm32g474xx.o(.text)
    EXTI0_IRQHandler                         0x08000333   Thumb Code     0  startup_stm32g474xx.o(.text)
    EXTI15_10_IRQHandler                     0x08000333   Thumb Code     0  startup_stm32g474xx.o(.text)
    EXTI1_IRQHandler                         0x08000333   Thumb Code     0  startup_stm32g474xx.o(.text)
    EXTI2_IRQHandler                         0x08000333   Thumb Code     0  startup_stm32g474xx.o(.text)
    EXTI3_IRQHandler                         0x08000333   Thumb Code     0  startup_stm32g474xx.o(.text)
    EXTI4_IRQHandler                         0x08000333   Thumb Code     0  startup_stm32g474xx.o(.text)
    EXTI9_5_IRQHandler                       0x08000333   Thumb Code     0  startup_stm32g474xx.o(.text)
    FDCAN1_IT0_IRQHandler                    0x08000333   Thumb Code     0  startup_stm32g474xx.o(.text)
    FDCAN1_IT1_IRQHandler                    0x08000333   Thumb Code     0  startup_stm32g474xx.o(.text)
    FDCAN2_IT0_IRQHandler                    0x08000333   Thumb Code     0  startup_stm32g474xx.o(.text)
    FDCAN2_IT1_IRQHandler                    0x08000333   Thumb Code     0  startup_stm32g474xx.o(.text)
    FDCAN3_IT0_IRQHandler                    0x08000333   Thumb Code     0  startup_stm32g474xx.o(.text)
    FDCAN3_IT1_IRQHandler                    0x08000333   Thumb Code     0  startup_stm32g474xx.o(.text)
    FLASH_IRQHandler                         0x08000333   Thumb Code     0  startup_stm32g474xx.o(.text)
    FMAC_IRQHandler                          0x08000333   Thumb Code     0  startup_stm32g474xx.o(.text)
    FMC_IRQHandler                           0x08000333   Thumb Code     0  startup_stm32g474xx.o(.text)
    FPU_IRQHandler                           0x08000333   Thumb Code     0  startup_stm32g474xx.o(.text)
    HRTIM1_FLT_IRQHandler                    0x08000333   Thumb Code     0  startup_stm32g474xx.o(.text)
    HRTIM1_Master_IRQHandler                 0x08000333   Thumb Code     0  startup_stm32g474xx.o(.text)
    HRTIM1_TIMA_IRQHandler                   0x08000333   Thumb Code     0  startup_stm32g474xx.o(.text)
    HRTIM1_TIMB_IRQHandler                   0x08000333   Thumb Code     0  startup_stm32g474xx.o(.text)
    HRTIM1_TIMD_IRQHandler                   0x08000333   Thumb Code     0  startup_stm32g474xx.o(.text)
    HRTIM1_TIME_IRQHandler                   0x08000333   Thumb Code     0  startup_stm32g474xx.o(.text)
    HRTIM1_TIMF_IRQHandler                   0x08000333   Thumb Code     0  startup_stm32g474xx.o(.text)
    I2C1_ER_IRQHandler                       0x08000333   Thumb Code     0  startup_stm32g474xx.o(.text)
    I2C1_EV_IRQHandler                       0x08000333   Thumb Code     0  startup_stm32g474xx.o(.text)
    I2C2_ER_IRQHandler                       0x08000333   Thumb Code     0  startup_stm32g474xx.o(.text)
    I2C2_EV_IRQHandler                       0x08000333   Thumb Code     0  startup_stm32g474xx.o(.text)
    I2C3_ER_IRQHandler                       0x08000333   Thumb Code     0  startup_stm32g474xx.o(.text)
    I2C3_EV_IRQHandler                       0x08000333   Thumb Code     0  startup_stm32g474xx.o(.text)
    I2C4_ER_IRQHandler                       0x08000333   Thumb Code     0  startup_stm32g474xx.o(.text)
    I2C4_EV_IRQHandler                       0x08000333   Thumb Code     0  startup_stm32g474xx.o(.text)
    LPTIM1_IRQHandler                        0x08000333   Thumb Code     0  startup_stm32g474xx.o(.text)
    LPUART1_IRQHandler                       0x08000333   Thumb Code     0  startup_stm32g474xx.o(.text)
    PVD_PVM_IRQHandler                       0x08000333   Thumb Code     0  startup_stm32g474xx.o(.text)
    QUADSPI_IRQHandler                       0x08000333   Thumb Code     0  startup_stm32g474xx.o(.text)
    RCC_IRQHandler                           0x08000333   Thumb Code     0  startup_stm32g474xx.o(.text)
    RNG_IRQHandler                           0x08000333   Thumb Code     0  startup_stm32g474xx.o(.text)
    RTC_Alarm_IRQHandler                     0x08000333   Thumb Code     0  startup_stm32g474xx.o(.text)
    RTC_TAMP_LSECSS_IRQHandler               0x08000333   Thumb Code     0  startup_stm32g474xx.o(.text)
    RTC_WKUP_IRQHandler                      0x08000333   Thumb Code     0  startup_stm32g474xx.o(.text)
    SAI1_IRQHandler                          0x08000333   Thumb Code     0  startup_stm32g474xx.o(.text)
    SPI1_IRQHandler                          0x08000333   Thumb Code     0  startup_stm32g474xx.o(.text)
    SPI2_IRQHandler                          0x08000333   Thumb Code     0  startup_stm32g474xx.o(.text)
    SPI3_IRQHandler                          0x08000333   Thumb Code     0  startup_stm32g474xx.o(.text)
    SPI4_IRQHandler                          0x08000333   Thumb Code     0  startup_stm32g474xx.o(.text)
    TIM1_BRK_TIM15_IRQHandler                0x08000333   Thumb Code     0  startup_stm32g474xx.o(.text)
    TIM1_CC_IRQHandler                       0x08000333   Thumb Code     0  startup_stm32g474xx.o(.text)
    TIM1_TRG_COM_TIM17_IRQHandler            0x08000333   Thumb Code     0  startup_stm32g474xx.o(.text)
    TIM20_BRK_IRQHandler                     0x08000333   Thumb Code     0  startup_stm32g474xx.o(.text)
    TIM20_CC_IRQHandler                      0x08000333   Thumb Code     0  startup_stm32g474xx.o(.text)
    TIM20_TRG_COM_IRQHandler                 0x08000333   Thumb Code     0  startup_stm32g474xx.o(.text)
    TIM20_UP_IRQHandler                      0x08000333   Thumb Code     0  startup_stm32g474xx.o(.text)
    TIM2_IRQHandler                          0x08000333   Thumb Code     0  startup_stm32g474xx.o(.text)
    TIM3_IRQHandler                          0x08000333   Thumb Code     0  startup_stm32g474xx.o(.text)
    TIM4_IRQHandler                          0x08000333   Thumb Code     0  startup_stm32g474xx.o(.text)
    TIM5_IRQHandler                          0x08000333   Thumb Code     0  startup_stm32g474xx.o(.text)
    TIM6_DAC_IRQHandler                      0x08000333   Thumb Code     0  startup_stm32g474xx.o(.text)
    TIM7_DAC_IRQHandler                      0x08000333   Thumb Code     0  startup_stm32g474xx.o(.text)
    TIM8_BRK_IRQHandler                      0x08000333   Thumb Code     0  startup_stm32g474xx.o(.text)
    TIM8_CC_IRQHandler                       0x08000333   Thumb Code     0  startup_stm32g474xx.o(.text)
    TIM8_TRG_COM_IRQHandler                  0x08000333   Thumb Code     0  startup_stm32g474xx.o(.text)
    TIM8_UP_IRQHandler                       0x08000333   Thumb Code     0  startup_stm32g474xx.o(.text)
    UART4_IRQHandler                         0x08000333   Thumb Code     0  startup_stm32g474xx.o(.text)
    UART5_IRQHandler                         0x08000333   Thumb Code     0  startup_stm32g474xx.o(.text)
    UCPD1_IRQHandler                         0x08000333   Thumb Code     0  startup_stm32g474xx.o(.text)
    USART2_IRQHandler                        0x08000333   Thumb Code     0  startup_stm32g474xx.o(.text)
    USART3_IRQHandler                        0x08000333   Thumb Code     0  startup_stm32g474xx.o(.text)
    USBWakeUp_IRQHandler                     0x08000333   Thumb Code     0  startup_stm32g474xx.o(.text)
    USB_HP_IRQHandler                        0x08000333   Thumb Code     0  startup_stm32g474xx.o(.text)
    USB_LP_IRQHandler                        0x08000333   Thumb Code     0  startup_stm32g474xx.o(.text)
    WWDG_IRQHandler                          0x08000333   Thumb Code     0  startup_stm32g474xx.o(.text)
    __user_initial_stackheap                 0x08000335   Thumb Code     0  startup_stm32g474xx.o(.text)
    __aeabi_uldivmod                         0x08000359   Thumb Code     0  lludivv7m.o(.text)
    _ll_udiv                                 0x08000359   Thumb Code   238  lludivv7m.o(.text)
    _sprintf                                 0x08000449   Thumb Code    38  _sprintf.o(.text)
    __aeabi_memclr4                          0x08000475   Thumb Code     0  rt_memclr_w.o(.text)
    __aeabi_memclr8                          0x08000475   Thumb Code     0  rt_memclr_w.o(.text)
    __rt_memclr_w                            0x08000475   Thumb Code    78  rt_memclr_w.o(.text)
    _memset_w                                0x08000479   Thumb Code     0  rt_memclr_w.o(.text)
    __use_two_region_memory                  0x080004c3   Thumb Code     2  heapauxi.o(.text)
    __rt_heap_escrow$2region                 0x080004c5   Thumb Code     2  heapauxi.o(.text)
    __rt_heap_expand$2region                 0x080004c7   Thumb Code     2  heapauxi.o(.text)
    _printf_pre_padding                      0x080004c9   Thumb Code    44  _printf_pad.o(.text)
    _printf_post_padding                     0x080004f5   Thumb Code    34  _printf_pad.o(.text)
    _printf_truncate_signed                  0x08000517   Thumb Code    18  _printf_truncate.o(.text)
    _printf_truncate_unsigned                0x08000529   Thumb Code    18  _printf_truncate.o(.text)
    _printf_str                              0x0800053b   Thumb Code    82  _printf_str.o(.text)
    _printf_int_dec                          0x0800058d   Thumb Code   104  _printf_dec.o(.text)
    _printf_charcount                        0x08000605   Thumb Code    40  _printf_charcount.o(.text)
    _printf_char_common                      0x08000637   Thumb Code    32  _printf_char_common.o(.text)
    _sputc                                   0x0800065d   Thumb Code    10  _sputc.o(.text)
    _printf_wctomb                           0x08000669   Thumb Code   182  _printf_wctomb.o(.text)
    _printf_longlong_dec                     0x08000725   Thumb Code   108  _printf_longlong_dec.o(.text)
    _printf_longlong_oct                     0x080007a1   Thumb Code    68  _printf_oct_int_ll.o(.text)
    _printf_int_oct                          0x080007e5   Thumb Code    24  _printf_oct_int_ll.o(.text)
    _printf_ll_oct                           0x080007fd   Thumb Code    12  _printf_oct_int_ll.o(.text)
    _printf_longlong_hex                     0x08000811   Thumb Code    86  _printf_hex_int_ll_ptr.o(.text)
    _printf_int_hex                          0x08000867   Thumb Code    28  _printf_hex_int_ll_ptr.o(.text)
    _printf_ll_hex                           0x08000883   Thumb Code    12  _printf_hex_int_ll_ptr.o(.text)
    _printf_hex_ptr                          0x0800088f   Thumb Code    18  _printf_hex_int_ll_ptr.o(.text)
    __printf                                 0x080008a5   Thumb Code   388  __printf_flags_ss_wp.o(.text)
    _ll_udiv10                               0x08000a2d   Thumb Code   138  lludiv10.o(.text)
    _printf_int_common                       0x08000ab7   Thumb Code   178  _printf_intcommon.o(.text)
    _printf_cs_common                        0x08000b69   Thumb Code    20  _printf_char.o(.text)
    _printf_char                             0x08000b7d   Thumb Code    16  _printf_char.o(.text)
    _printf_string                           0x08000b8d   Thumb Code     8  _printf_char.o(.text)
    _printf_lcs_common                       0x08000b95   Thumb Code    20  _printf_wchar.o(.text)
    _printf_wchar                            0x08000ba9   Thumb Code    16  _printf_wchar.o(.text)
    _printf_wstring                          0x08000bb9   Thumb Code     8  _printf_wchar.o(.text)
    _c16rtomb                                0x08000bc1   Thumb Code    72  _c16rtomb.o(.text)
    _wcrtomb                                 0x08000bc1   Thumb Code     0  _c16rtomb.o(.text)
    __user_setup_stackheap                   0x08000c09   Thumb Code    74  sys_stackheap_outer.o(.text)
    __rt_ctype_table                         0x08000c55   Thumb Code    16  rt_ctype_table.o(.text)
    exit                                     0x08000c65   Thumb Code    18  exit.o(.text)
    __user_libspace                          0x08000c79   Thumb Code     8  libspace.o(.text)
    __user_perproc_libspace                  0x08000c79   Thumb Code     0  libspace.o(.text)
    __user_perthread_libspace                0x08000c79   Thumb Code     0  libspace.o(.text)
    __rt_locale                              0x08000c81   Thumb Code     8  rt_locale_intlibspace.o(.text)
    _sys_exit                                0x08000c89   Thumb Code     8  sys_exit.o(.text)
    strcmp                                   0x08000c99   Thumb Code   124  strcmpv7em.o(.text)
    __I$use$semihosting                      0x08000d15   Thumb Code     0  use_no_semi.o(.text)
    __use_no_semihosting_swi                 0x08000d15   Thumb Code     2  use_no_semi.o(.text)
    __semihosting_library_function           0x08000d17   Thumb Code     0  indicate_semi.o(.text)
    ADC_ConversionStop                       0x08000d19   Thumb Code   196  stm32g4xx_hal_adc.o(.text.ADC_ConversionStop)
    ADC_DMAConvCplt                          0x08000dd9   Thumb Code    94  stm32g4xx_hal_adc.o(.text.ADC_DMAConvCplt)
    ADC_DMAError                             0x08000e37   Thumb Code    22  stm32g4xx_hal_adc.o(.text.ADC_DMAError)
    ADC_DMAHalfConvCplt                      0x08000e4d   Thumb Code     6  stm32g4xx_hal_adc.o(.text.ADC_DMAHalfConvCplt)
    ADC_Disable                              0x08000e55   Thumb Code   104  stm32g4xx_hal_adc.o(.text.ADC_Disable)
    ADC_Enable                               0x08000eb9   Thumb Code   104  stm32g4xx_hal_adc.o(.text.ADC_Enable)
    ADConvert_Enable                         0x08000f21   Thumb Code    44  wpt_tx.o(.text.ADConvert_Enable)
    BusFault_Handler                         0x08000f45   Thumb Code     2  stm32g4xx_it.o(.text.BusFault_Handler)
    DMA1_Channel1_IRQHandler                 0x08000f49   Thumb Code    28  stm32g4xx_it.o(.text.DMA1_Channel1_IRQHandler)
    DMA1_Channel2_IRQHandler                 0x08000f65   Thumb Code    12  stm32g4xx_it.o(.text.DMA1_Channel2_IRQHandler)
    DebugMon_Handler                         0x08001023   Thumb Code     2  stm32g4xx_it.o(.text.DebugMon_Handler)
    Error_Handler                            0x08001025   Thumb Code     2  main.o(.text.Error_Handler)
    GetVolCurr                               0x08001029   Thumb Code    60  wpt_tx.o(.text.GetVolCurr)
    HAL_ADC_ConfigChannel                    0x08001065   Thumb Code   864  stm32g4xx_hal_adc.o(.text.HAL_ADC_ConfigChannel)
    HAL_ADC_ConvCpltCallback                 0x080013b5   Thumb Code     2  stm32g4xx_hal_adc.o(.text.HAL_ADC_ConvCpltCallback)
    HAL_ADC_ConvHalfCpltCallback             0x080013b7   Thumb Code     2  stm32g4xx_hal_adc.o(.text.HAL_ADC_ConvHalfCpltCallback)
    HAL_ADC_ErrorCallback                    0x080013b9   Thumb Code     2  stm32g4xx_hal_adc.o(.text.HAL_ADC_ErrorCallback)
    HAL_ADC_Init                             0x080013bd   Thumb Code   516  stm32g4xx_hal_adc.o(.text.HAL_ADC_Init)
    HAL_ADC_MspInit                          0x080015c1   Thumb Code   164  adc.o(.text.HAL_ADC_MspInit)
    HAL_ADC_Start_DMA                        0x08001665   Thumb Code   272  stm32g4xx_hal_adc.o(.text.HAL_ADC_Start_DMA)
    HAL_ADC_Stop                             0x08001775   Thumb Code    62  stm32g4xx_hal_adc.o(.text.HAL_ADC_Stop)
    HAL_DMA_Abort_IT                         0x080017b3   Thumb Code   122  stm32g4xx_hal_dma.o(.text.HAL_DMA_Abort_IT)
    HAL_DMA_IRQHandler                       0x0800182d   Thumb Code   164  stm32g4xx_hal_dma.o(.text.HAL_DMA_IRQHandler)
    HAL_DMA_Init                             0x080018d1   Thumb Code   192  stm32g4xx_hal_dma.o(.text.HAL_DMA_Init)
    HAL_DMA_Start_IT                         0x08001991   Thumb Code   136  stm32g4xx_hal_dma.o(.text.HAL_DMA_Start_IT)
    HAL_Delay                                0x08001a19   Thumb Code    36  stm32g4xx_hal.o(.text.HAL_Delay)
    HAL_GPIO_Init                            0x08001a3d   Thumb Code   380  stm32g4xx_hal_gpio.o(.text.HAL_GPIO_Init)
    HAL_GetTick                              0x08001bb9   Thumb Code    12  stm32g4xx_hal.o(.text.HAL_GetTick)
    HAL_HRTIM_BurstModePeriodCallback        0x08001bc5   Thumb Code     2  stm32g4xx_hal_hrtim.o(.text.HAL_HRTIM_BurstModePeriodCallback)
    HAL_HRTIM_Capture1EventCallback          0x08001bc7   Thumb Code     2  stm32g4xx_hal_hrtim.o(.text.HAL_HRTIM_Capture1EventCallback)
    HAL_HRTIM_Capture2EventCallback          0x08001bc9   Thumb Code     2  stm32g4xx_hal_hrtim.o(.text.HAL_HRTIM_Capture2EventCallback)
    HAL_HRTIM_Compare1EventCallback          0x08001bcb   Thumb Code     2  stm32g4xx_hal_hrtim.o(.text.HAL_HRTIM_Compare1EventCallback)
    HAL_HRTIM_Compare2EventCallback          0x08001bcd   Thumb Code     2  stm32g4xx_hal_hrtim.o(.text.HAL_HRTIM_Compare2EventCallback)
    HAL_HRTIM_Compare3EventCallback          0x08001bcf   Thumb Code     2  stm32g4xx_hal_hrtim.o(.text.HAL_HRTIM_Compare3EventCallback)
    HAL_HRTIM_Compare4EventCallback          0x08001bd1   Thumb Code     2  stm32g4xx_hal_hrtim.o(.text.HAL_HRTIM_Compare4EventCallback)
    HAL_HRTIM_CounterResetCallback           0x08001bd3   Thumb Code     2  stm32g4xx_hal_hrtim.o(.text.HAL_HRTIM_CounterResetCallback)
    HAL_HRTIM_DLLCalibrationReadyCallback    0x08001bd5   Thumb Code     2  stm32g4xx_hal_hrtim.o(.text.HAL_HRTIM_DLLCalibrationReadyCallback)
    HAL_HRTIM_DLLCalibrationStart            0x08001bd7   Thumb Code    82  stm32g4xx_hal_hrtim.o(.text.HAL_HRTIM_DLLCalibrationStart)
    HAL_HRTIM_DeadTimeConfig                 0x08001c29   Thumb Code   152  stm32g4xx_hal_hrtim.o(.text.HAL_HRTIM_DeadTimeConfig)
    HAL_HRTIM_DelayedProtectionCallback      0x08001cc1   Thumb Code     2  stm32g4xx_hal_hrtim.o(.text.HAL_HRTIM_DelayedProtectionCallback)
    HAL_HRTIM_Fault1Callback                 0x08001cc3   Thumb Code     2  stm32g4xx_hal_hrtim.o(.text.HAL_HRTIM_Fault1Callback)
    HAL_HRTIM_Fault2Callback                 0x08001cc5   Thumb Code     2  stm32g4xx_hal_hrtim.o(.text.HAL_HRTIM_Fault2Callback)
    HAL_HRTIM_Fault3Callback                 0x08001cc7   Thumb Code     2  stm32g4xx_hal_hrtim.o(.text.HAL_HRTIM_Fault3Callback)
    HAL_HRTIM_Fault4Callback                 0x08001cc9   Thumb Code     2  stm32g4xx_hal_hrtim.o(.text.HAL_HRTIM_Fault4Callback)
    HAL_HRTIM_Fault5Callback                 0x08001ccb   Thumb Code     2  stm32g4xx_hal_hrtim.o(.text.HAL_HRTIM_Fault5Callback)
    HAL_HRTIM_Fault6Callback                 0x08001ccd   Thumb Code     2  stm32g4xx_hal_hrtim.o(.text.HAL_HRTIM_Fault6Callback)
    HAL_HRTIM_IRQHandler                     0x08001ccf   Thumb Code  1180  stm32g4xx_hal_hrtim.o(.text.HAL_HRTIM_IRQHandler)
    HAL_HRTIM_Init                           0x0800216d   Thumb Code   160  stm32g4xx_hal_hrtim.o(.text.HAL_HRTIM_Init)
    HAL_HRTIM_MspInit                        0x08002205   Thumb Code    60  hrtim.o(.text.HAL_HRTIM_MspInit)
    HAL_HRTIM_MspPostInit                    0x0800223d   Thumb Code    88  hrtim.o(.text.HAL_HRTIM_MspPostInit)
    HAL_HRTIM_Output1ResetCallback           0x08002295   Thumb Code     2  stm32g4xx_hal_hrtim.o(.text.HAL_HRTIM_Output1ResetCallback)
    HAL_HRTIM_Output1SetCallback             0x08002297   Thumb Code     2  stm32g4xx_hal_hrtim.o(.text.HAL_HRTIM_Output1SetCallback)
    HAL_HRTIM_Output2ResetCallback           0x08002299   Thumb Code     2  stm32g4xx_hal_hrtim.o(.text.HAL_HRTIM_Output2ResetCallback)
    HAL_HRTIM_Output2SetCallback             0x0800229b   Thumb Code     2  stm32g4xx_hal_hrtim.o(.text.HAL_HRTIM_Output2SetCallback)
    HAL_HRTIM_PollForDLLCalibration          0x0800229d   Thumb Code    66  stm32g4xx_hal_hrtim.o(.text.HAL_HRTIM_PollForDLLCalibration)
    HAL_HRTIM_RegistersUpdateCallback        0x080022df   Thumb Code     2  stm32g4xx_hal_hrtim.o(.text.HAL_HRTIM_RegistersUpdateCallback)
    HAL_HRTIM_RepetitionEventCallback        0x080022e1   Thumb Code     2  stm32g4xx_hal_hrtim.o(.text.HAL_HRTIM_RepetitionEventCallback)
    HAL_HRTIM_SynchronizationEventCallback   0x080022e3   Thumb Code     2  stm32g4xx_hal_hrtim.o(.text.HAL_HRTIM_SynchronizationEventCallback)
    HAL_HRTIM_SystemFaultCallback            0x080022e5   Thumb Code     2  stm32g4xx_hal_hrtim.o(.text.HAL_HRTIM_SystemFaultCallback)
    HAL_HRTIM_TimeBaseConfig                 0x080022e7   Thumb Code   118  stm32g4xx_hal_hrtim.o(.text.HAL_HRTIM_TimeBaseConfig)
    HAL_HRTIM_WaveformCompareConfig          0x0800235d   Thumb Code   306  stm32g4xx_hal_hrtim.o(.text.HAL_HRTIM_WaveformCompareConfig)
    HAL_HRTIM_WaveformCountStart             0x0800248f   Thumb Code    38  stm32g4xx_hal_hrtim.o(.text.HAL_HRTIM_WaveformCountStart)
    HAL_HRTIM_WaveformOutputConfig           0x080024b5   Thumb Code    58  stm32g4xx_hal_hrtim.o(.text.HAL_HRTIM_WaveformOutputConfig)
    HAL_HRTIM_WaveformOutputStart            0x080024ef   Thumb Code    42  stm32g4xx_hal_hrtim.o(.text.HAL_HRTIM_WaveformOutputStart)
    HAL_HRTIM_WaveformTimerConfig            0x08002519   Thumb Code   628  stm32g4xx_hal_hrtim.o(.text.HAL_HRTIM_WaveformTimerConfig)
    HAL_HRTIM_WaveformTimerControl           0x0800278d   Thumb Code   148  stm32g4xx_hal_hrtim.o(.text.HAL_HRTIM_WaveformTimerControl)
    HAL_IncTick                              0x08002821   Thumb Code    24  stm32g4xx_hal.o(.text.HAL_IncTick)
    HAL_Init                                 0x08002835   Thumb Code    28  stm32g4xx_hal.o(.text.HAL_Init)
    HAL_InitTick                             0x08002851   Thumb Code    72  stm32g4xx_hal.o(.text.HAL_InitTick)
    HAL_MspInit                              0x08002895   Thumb Code    52  stm32g4xx_hal_msp.o(.text.HAL_MspInit)
    HAL_NVIC_EnableIRQ                       0x080028c9   Thumb Code    28  stm32g4xx_hal_cortex.o(.text.HAL_NVIC_EnableIRQ)
    HAL_NVIC_SetPriority                     0x080028e5   Thumb Code    64  stm32g4xx_hal_cortex.o(.text.HAL_NVIC_SetPriority)
    HAL_NVIC_SetPriorityGrouping             0x08002921   Thumb Code    32  stm32g4xx_hal_cortex.o(.text.HAL_NVIC_SetPriorityGrouping)
    HAL_PWREx_ControlVoltageScaling          0x08002941   Thumb Code   176  stm32g4xx_hal_pwr_ex.o(.text.HAL_PWREx_ControlVoltageScaling)
    HAL_PWREx_DisableUCPDDeadBattery         0x080029ed   Thumb Code    16  stm32g4xx_hal_pwr_ex.o(.text.HAL_PWREx_DisableUCPDDeadBattery)
    HAL_RCCEx_PeriphCLKConfig                0x080029fd   Thumb Code   664  stm32g4xx_hal_rcc_ex.o(.text.HAL_RCCEx_PeriphCLKConfig)
    HAL_RCC_ClockConfig                      0x08002c95   Thumb Code   496  stm32g4xx_hal_rcc.o(.text.HAL_RCC_ClockConfig)
    HAL_RCC_GetPCLK1Freq                     0x08002e79   Thumb Code    36  stm32g4xx_hal_rcc.o(.text.HAL_RCC_GetPCLK1Freq)
    HAL_RCC_GetPCLK2Freq                     0x08002e91   Thumb Code    36  stm32g4xx_hal_rcc.o(.text.HAL_RCC_GetPCLK2Freq)
    HAL_RCC_GetSysClockFreq                  0x08002eb1   Thumb Code   108  stm32g4xx_hal_rcc.o(.text.HAL_RCC_GetSysClockFreq)
    HAL_RCC_OscConfig                        0x08002f1d   Thumb Code  1084  stm32g4xx_hal_rcc.o(.text.HAL_RCC_OscConfig)
    HAL_SYSTICK_Config                       0x08003359   Thumb Code    40  stm32g4xx_hal_cortex.o(.text.HAL_SYSTICK_Config)
    HAL_TIMEx_Break2Callback                 0x08003381   Thumb Code     2  stm32g4xx_hal_tim_ex.o(.text.HAL_TIMEx_Break2Callback)
    HAL_TIMEx_BreakCallback                  0x08003383   Thumb Code     2  stm32g4xx_hal_tim_ex.o(.text.HAL_TIMEx_BreakCallback)
    HAL_TIMEx_CommutCallback                 0x08003385   Thumb Code     2  stm32g4xx_hal_tim_ex.o(.text.HAL_TIMEx_CommutCallback)
    HAL_TIMEx_ConfigBreakDeadTime            0x08003389   Thumb Code   220  stm32g4xx_hal_tim_ex.o(.text.HAL_TIMEx_ConfigBreakDeadTime)
    HAL_TIMEx_DirectionChangeCallback        0x08003459   Thumb Code     2  stm32g4xx_hal_tim_ex.o(.text.HAL_TIMEx_DirectionChangeCallback)
    HAL_TIMEx_EncoderIndexCallback           0x0800345b   Thumb Code     2  stm32g4xx_hal_tim_ex.o(.text.HAL_TIMEx_EncoderIndexCallback)
    HAL_TIMEx_IndexErrorCallback             0x0800345d   Thumb Code     2  stm32g4xx_hal_tim_ex.o(.text.HAL_TIMEx_IndexErrorCallback)
    HAL_TIMEx_MasterConfigSynchronization    0x08003461   Thumb Code   176  stm32g4xx_hal_tim_ex.o(.text.HAL_TIMEx_MasterConfigSynchronization)
    HAL_TIMEx_TransitionErrorCallback        0x0800350d   Thumb Code     2  stm32g4xx_hal_tim_ex.o(.text.HAL_TIMEx_TransitionErrorCallback)
    HAL_TIM_Base_Init                        0x0800350f   Thumb Code    96  stm32g4xx_hal_tim.o(.text.HAL_TIM_Base_Init)
    HAL_TIM_Base_MspInit                     0x08003571   Thumb Code    60  tim.o(.text.HAL_TIM_Base_MspInit)
    HAL_TIM_ConfigClockSource                0x080035ad   Thumb Code   320  stm32g4xx_hal_tim.o(.text.HAL_TIM_ConfigClockSource)
    HAL_TIM_IC_CaptureCallback               0x080036ed   Thumb Code     2  stm32g4xx_hal_tim.o(.text.HAL_TIM_IC_CaptureCallback)
    HAL_TIM_IRQHandler                       0x080036f1   Thumb Code   524  stm32g4xx_hal_tim.o(.text.HAL_TIM_IRQHandler)
    HAL_TIM_OC_DelayElapsedCallback          0x080038fd   Thumb Code     2  stm32g4xx_hal_tim.o(.text.HAL_TIM_OC_DelayElapsedCallback)
    HAL_TIM_PWM_PulseFinishedCallback        0x080038ff   Thumb Code     2  stm32g4xx_hal_tim.o(.text.HAL_TIM_PWM_PulseFinishedCallback)
    HAL_TIM_PeriodElapsedCallback            0x08003901   Thumb Code     2  stm32g4xx_hal_tim.o(.text.HAL_TIM_PeriodElapsedCallback)
    HAL_TIM_TriggerCallback                  0x08003903   Thumb Code     2  stm32g4xx_hal_tim.o(.text.HAL_TIM_TriggerCallback)
    HAL_UARTEx_DisableFifoMode               0x08003905   Thumb Code    54  stm32g4xx_hal_uart_ex.o(.text.HAL_UARTEx_DisableFifoMode)
    HAL_UARTEx_RxFifoFullCallback            0x0800393b   Thumb Code     2  stm32g4xx_hal_uart_ex.o(.text.HAL_UARTEx_RxFifoFullCallback)
    HAL_UARTEx_SetRxFifoThreshold            0x0800393d   Thumb Code    74  stm32g4xx_hal_uart_ex.o(.text.HAL_UARTEx_SetRxFifoThreshold)
    HAL_UARTEx_SetTxFifoThreshold            0x08003987   Thumb Code    74  stm32g4xx_hal_uart_ex.o(.text.HAL_UARTEx_SetTxFifoThreshold)
    HAL_UARTEx_TxFifoEmptyCallback           0x080039d1   Thumb Code     2  stm32g4xx_hal_uart_ex.o(.text.HAL_UARTEx_TxFifoEmptyCallback)
    HAL_UARTEx_WakeupCallback                0x080039d3   Thumb Code     2  stm32g4xx_hal_uart_ex.o(.text.HAL_UARTEx_WakeupCallback)
    HAL_UART_ErrorCallback                   0x080039d5   Thumb Code     2  stm32g4xx_hal_uart.o(.text.HAL_UART_ErrorCallback)
    HAL_UART_IRQHandler                      0x080039d9   Thumb Code   464  stm32g4xx_hal_uart.o(.text.HAL_UART_IRQHandler)
    HAL_UART_Init                            0x08003ba9   Thumb Code   100  stm32g4xx_hal_uart.o(.text.HAL_UART_Init)
    HAL_UART_MspInit                         0x08003c0d   Thumb Code   176  usart.o(.text.HAL_UART_MspInit)
    HAL_UART_Transmit_DMA                    0x08003cb9   Thumb Code   148  stm32g4xx_hal_uart.o(.text.HAL_UART_Transmit_DMA)
    HAL_UART_TxCpltCallback                  0x08003d4d   Thumb Code     2  stm32g4xx_hal_uart.o(.text.HAL_UART_TxCpltCallback)
    HAL_UART_TxHalfCpltCallback              0x08003d4f   Thumb Code     2  stm32g4xx_hal_uart.o(.text.HAL_UART_TxHalfCpltCallback)
    HRTIM1_TIMC_IRQHandler                   0x08003d51   Thumb Code    32  stm32g4xx_it.o(.text.HRTIM1_TIMC_IRQHandler)
    HRTIM_PWM_Enable                         0x08003e69   Thumb Code    40  wpt_tx.o(.text.HRTIM_PWM_Enable)
    HardFault_Handler                        0x08003e8d   Thumb Code     2  stm32g4xx_it.o(.text.HardFault_Handler)
    MX_ADC5_Init                             0x08003eb1   Thumb Code   156  adc.o(.text.MX_ADC5_Init)
    MX_DMA_Init                              0x08003f4d   Thumb Code    80  dma.o(.text.MX_DMA_Init)
    MX_GPIO_Init                             0x08003f9d   Thumb Code    68  gpio.o(.text.MX_GPIO_Init)
    MX_HRTIM1_Init                           0x08003fe1   Thumb Code   364  hrtim.o(.text.MX_HRTIM1_Init)
    MX_TIM1_Init                             0x0800414d   Thumb Code   132  tim.o(.text.MX_TIM1_Init)
    MX_USART1_UART_Init                      0x080041cd   Thumb Code   104  usart.o(.text.MX_USART1_UART_Init)
    MemManage_Handler                        0x08004231   Thumb Code     2  stm32g4xx_it.o(.text.MemManage_Handler)
    NMI_Handler                              0x08004233   Thumb Code     2  stm32g4xx_it.o(.text.NMI_Handler)
    PendSV_Handler                           0x08004235   Thumb Code     2  stm32g4xx_it.o(.text.PendSV_Handler)
    PutStr                                   0x08004239   Thumb Code    40  usart.o(.text.PutStr)
    SVC_Handler                              0x0800425d   Thumb Code     2  stm32g4xx_it.o(.text.SVC_Handler)
    Saturation_int                           0x0800425f   Thumb Code    20  util.o(.text.Saturation_int)
    SendBuf                                  0x08004275   Thumb Code    72  usart.o(.text.SendBuf)
    SendBufWhenFull                          0x080042b9   Thumb Code    64  usart.o(.text.SendBufWhenFull)
    SetSwitchFreq                            0x080042f9   Thumb Code   108  wpt_tx.o(.text.SetSwitchFreq)
    SysTick_Handler                          0x08004365   Thumb Code     4  stm32g4xx_it.o(.text.SysTick_Handler)
    SystemClock_Config                       0x08004369   Thumb Code   116  main.o(.text.SystemClock_Config)
    SystemInit                               0x080043dd   Thumb Code    28  system_stm32g4xx.o(.text.SystemInit)
    TIM1_UP_TIM16_IRQHandler                 0x080043f9   Thumb Code   176  stm32g4xx_it.o(.text.TIM1_UP_TIM16_IRQHandler)
    TIM_Base_SetConfig                       0x080044a9   Thumb Code   216  stm32g4xx_hal_tim.o(.text.TIM_Base_SetConfig)
    TIM_Enable                               0x08004581   Thumb Code    28  tim.o(.text.TIM_Enable)
    UART_AdvFeatureConfig                    0x08004635   Thumb Code   210  stm32g4xx_hal_uart.o(.text.UART_AdvFeatureConfig)
    UART_CheckIdleState                      0x08004709   Thumb Code   100  stm32g4xx_hal_uart.o(.text.UART_CheckIdleState)
    UART_Enable                              0x08004805   Thumb Code    20  usart.o(.text.UART_Enable)
    UART_SetConfig                           0x08004855   Thumb Code   564  stm32g4xx_hal_uart.o(.text.UART_SetConfig)
    UART_WaitOnFlagUntilTimeout              0x08004a89   Thumb Code   160  stm32g4xx_hal_uart.o(.text.UART_WaitOnFlagUntilTimeout)
    USART1_IRQHandler                        0x08004b29   Thumb Code    12  stm32g4xx_it.o(.text.USART1_IRQHandler)
    UsageFault_Handler                       0x08004b35   Thumb Code     2  stm32g4xx_it.o(.text.UsageFault_Handler)
    WPT_Tx_Init                              0x08004b39   Thumb Code    68  wpt_tx.o(.text.WPT_Tx_Init)
    main                                     0x08004ba1   Thumb Code    54  main.o(.text.main)
    _is_digit                                0x08004bd7   Thumb Code    14  __printf_wp.o(i._is_digit)
    _get_lc_ctype                            0x08004be5   Thumb Code    44  lc_ctype_c.o(locale$$code)
    __aeabi_ddiv                             0x08004c11   Thumb Code     0  ddiv.o(x$fpl$ddiv)
    _ddiv                                    0x08004c11   Thumb Code   552  ddiv.o(x$fpl$ddiv)
    __aeabi_d2iz                             0x08004ec1   Thumb Code     0  dfix.o(x$fpl$dfix)
    _dfix                                    0x08004ec1   Thumb Code    94  dfix.o(x$fpl$dfix)
    __aeabi_dmul                             0x08004f21   Thumb Code     0  dmul.o(x$fpl$dmul)
    _dmul                                    0x08004f21   Thumb Code   332  dmul.o(x$fpl$dmul)
    __fpl_dnaninf                            0x08005075   Thumb Code   156  dnaninf.o(x$fpl$dnaninf)
    __fpl_dretinf                            0x08005111   Thumb Code    12  dretinf.o(x$fpl$dretinf)
    __aeabi_f2d                              0x0800511d   Thumb Code     0  f2d.o(x$fpl$f2d)
    _f2d                                     0x0800511d   Thumb Code    86  f2d.o(x$fpl$f2d)
    __fpl_fnaninf                            0x08005173   Thumb Code   140  fnaninf.o(x$fpl$fnaninf)
    _fp_init                                 0x080051ff   Thumb Code    26  fpinit.o(x$fpl$fpinit)
    __fplib_config_fpu_vfp                   0x08005217   Thumb Code     0  fpinit.o(x$fpl$fpinit)
    __fplib_config_pureend_doubles           0x08005217   Thumb Code     0  fpinit.o(x$fpl$fpinit)
    __I$use$fp                               0x08005218   Number         0  usenofp.o(x$fpl$usenofp)
    AHBPrescTable                            0x08005259   Data          16  system_stm32g4xx.o(.rodata.AHBPrescTable)
    APBPrescTable                            0x08005269   Data           8  system_stm32g4xx.o(.rodata.APBPrescTable)
    UARTPrescTable                           0x08005272   Data          24  stm32g4xx_hal_uart.o(.rodata.UARTPrescTable)
    Region$$Table$$Base                      0x080052b0   Number         0  anon$$obj.o(Region$$Table)
    Region$$Table$$Limit                     0x080052d0   Number         0  anon$$obj.o(Region$$Table)
    __ctype                                  0x080052dd   Data           0  lc_ctype_c.o(locale$$data)
    pBuf                                     0x20000000   Data           4  usart.o(.data..L_MergedGlobals)
    uwTickPrio                               0x20000008   Data           4  stm32g4xx_hal.o(.data..L_MergedGlobals)
    uwTickFreq                               0x2000000c   Data           4  stm32g4xx_hal.o(.data..L_MergedGlobals)
    SystemCoreClock                          0x20000010   Data           4  system_stm32g4xx.o(.data.SystemCoreClock)
    __libspace_start                         0x20000018   Data          96  libspace.o(.bss)
    __temporary_stack_top$libspace           0x20000078   Data           0  libspace.o(.bss)
    WptTx                                    0x2000101c   Data          32  wpt_tx.o(.bss.WptTx)
    hadc5                                    0x2000103c   Data         108  adc.o(.bss.hadc5)
    hdma_adc5                                0x200010a8   Data          96  adc.o(.bss.hdma_adc5)
    hdma_usart1_tx                           0x20001108   Data          96  usart.o(.bss.hdma_usart1_tx)
    hhrtim1                                  0x20001168   Data         252  hrtim.o(.bss.hhrtim1)
    htim1                                    0x20001264   Data          76  tim.o(.bss.htim1)
    huart1                                   0x200012b0   Data         140  usart.o(.bss.huart1)
    uwTick                                   0x2000133c   Data           4  stm32g4xx_hal.o(.bss.uwTick)



==============================================================================

Memory Map of the image

  Image Entry point : 0x080001d9

  Load Region LR_IROM1 (Base: 0x08000000, Size: 0x000053f8, Max: 0x00080000, ABSOLUTE)

    Execution Region ER_IROM1 (Exec base: 0x08000000, Load base: 0x08000000, Size: 0x000053e0, Max: 0x00080000, ABSOLUTE)

    Exec Addr    Load Addr    Size         Type   Attr      Idx    E Section Name        Object

    0x08000000   0x08000000   0x000001d8   Data   RO            3    RESET               startup_stm32g474xx.o
    0x080001d8   0x080001d8   0x00000008   Code   RO         1756  * !!!main             c_w.l(__main.o)
    0x080001e0   0x080001e0   0x00000034   Code   RO         2064    !!!scatter          c_w.l(__scatter.o)
    0x08000214   0x08000214   0x0000001a   Code   RO         2066    !!handler_copy      c_w.l(__scatter_copy.o)
    0x0800022e   0x0800022e   0x00000002   PAD
    0x08000230   0x08000230   0x0000001c   Code   RO         2068    !!handler_zi        c_w.l(__scatter_zi.o)
    0x0800024c   0x0800024c   0x00000000   Code   RO         1856    .ARM.Collect$$_printf_percent$$00000000  c_w.l(_printf_percent.o)
    0x0800024c   0x0800024c   0x00000006   Code   RO         1845    .ARM.Collect$$_printf_percent$$00000001  c_w.l(_printf_n.o)
    0x08000252   0x08000252   0x00000006   Code   RO         1847    .ARM.Collect$$_printf_percent$$00000002  c_w.l(_printf_p.o)
    0x08000258   0x08000258   0x00000006   Code   RO         1852    .ARM.Collect$$_printf_percent$$00000003  c_w.l(_printf_f.o)
    0x0800025e   0x0800025e   0x00000006   Code   RO         1853    .ARM.Collect$$_printf_percent$$00000004  c_w.l(_printf_e.o)
    0x08000264   0x08000264   0x00000006   Code   RO         1854    .ARM.Collect$$_printf_percent$$00000005  c_w.l(_printf_g.o)
    0x0800026a   0x0800026a   0x00000006   Code   RO         1855    .ARM.Collect$$_printf_percent$$00000006  c_w.l(_printf_a.o)
    0x08000270   0x08000270   0x0000000a   Code   RO         1860    .ARM.Collect$$_printf_percent$$00000007  c_w.l(_printf_ll.o)
    0x0800027a   0x0800027a   0x00000006   Code   RO         1849    .ARM.Collect$$_printf_percent$$00000008  c_w.l(_printf_i.o)
    0x08000280   0x08000280   0x00000006   Code   RO         1850    .ARM.Collect$$_printf_percent$$00000009  c_w.l(_printf_d.o)
    0x08000286   0x08000286   0x00000006   Code   RO         1851    .ARM.Collect$$_printf_percent$$0000000A  c_w.l(_printf_u.o)
    0x0800028c   0x0800028c   0x00000006   Code   RO         1848    .ARM.Collect$$_printf_percent$$0000000B  c_w.l(_printf_o.o)
    0x08000292   0x08000292   0x00000006   Code   RO         1846    .ARM.Collect$$_printf_percent$$0000000C  c_w.l(_printf_x.o)
    0x08000298   0x08000298   0x00000006   Code   RO         1857    .ARM.Collect$$_printf_percent$$0000000D  c_w.l(_printf_lli.o)
    0x0800029e   0x0800029e   0x00000006   Code   RO         1858    .ARM.Collect$$_printf_percent$$0000000E  c_w.l(_printf_lld.o)
    0x080002a4   0x080002a4   0x00000006   Code   RO         1859    .ARM.Collect$$_printf_percent$$0000000F  c_w.l(_printf_llu.o)
    0x080002aa   0x080002aa   0x00000006   Code   RO         1864    .ARM.Collect$$_printf_percent$$00000010  c_w.l(_printf_llo.o)
    0x080002b0   0x080002b0   0x00000006   Code   RO         1865    .ARM.Collect$$_printf_percent$$00000011  c_w.l(_printf_llx.o)
    0x080002b6   0x080002b6   0x0000000a   Code   RO         1861    .ARM.Collect$$_printf_percent$$00000012  c_w.l(_printf_l.o)
    0x080002c0   0x080002c0   0x00000006   Code   RO         1843    .ARM.Collect$$_printf_percent$$00000013  c_w.l(_printf_c.o)
    0x080002c6   0x080002c6   0x00000006   Code   RO         1844    .ARM.Collect$$_printf_percent$$00000014  c_w.l(_printf_s.o)
    0x080002cc   0x080002cc   0x00000006   Code   RO         1862    .ARM.Collect$$_printf_percent$$00000015  c_w.l(_printf_lc.o)
    0x080002d2   0x080002d2   0x00000006   Code   RO         1863    .ARM.Collect$$_printf_percent$$00000016  c_w.l(_printf_ls.o)
    0x080002d8   0x080002d8   0x00000004   Code   RO         1900    .ARM.Collect$$_printf_percent$$00000017  c_w.l(_printf_percent_end.o)
    0x080002dc   0x080002dc   0x00000002   Code   RO         1918    .ARM.Collect$$libinit$$00000000  c_w.l(libinit.o)
    0x080002de   0x080002de   0x00000004   Code   RO         1938    .ARM.Collect$$libinit$$00000001  c_w.l(libinit2.o)
    0x080002e2   0x080002e2   0x00000000   Code   RO         1941    .ARM.Collect$$libinit$$00000004  c_w.l(libinit2.o)
    0x080002e2   0x080002e2   0x00000000   Code   RO         1944    .ARM.Collect$$libinit$$0000000A  c_w.l(libinit2.o)
    0x080002e2   0x080002e2   0x00000000   Code   RO         1946    .ARM.Collect$$libinit$$0000000C  c_w.l(libinit2.o)
    0x080002e2   0x080002e2   0x00000000   Code   RO         1948    .ARM.Collect$$libinit$$0000000E  c_w.l(libinit2.o)
    0x080002e2   0x080002e2   0x00000006   Code   RO         1949    .ARM.Collect$$libinit$$0000000F  c_w.l(libinit2.o)
    0x080002e8   0x080002e8   0x00000000   Code   RO         1951    .ARM.Collect$$libinit$$00000011  c_w.l(libinit2.o)
    0x080002e8   0x080002e8   0x0000000c   Code   RO         1952    .ARM.Collect$$libinit$$00000012  c_w.l(libinit2.o)
    0x080002f4   0x080002f4   0x00000000   Code   RO         1953    .ARM.Collect$$libinit$$00000013  c_w.l(libinit2.o)
    0x080002f4   0x080002f4   0x00000000   Code   RO         1955    .ARM.Collect$$libinit$$00000015  c_w.l(libinit2.o)
    0x080002f4   0x080002f4   0x00000000   Code   RO         1957    .ARM.Collect$$libinit$$00000017  c_w.l(libinit2.o)
    0x080002f4   0x080002f4   0x00000000   Code   RO         1959    .ARM.Collect$$libinit$$00000019  c_w.l(libinit2.o)
    0x080002f4   0x080002f4   0x00000000   Code   RO         1961    .ARM.Collect$$libinit$$0000001B  c_w.l(libinit2.o)
    0x080002f4   0x080002f4   0x00000000   Code   RO         1963    .ARM.Collect$$libinit$$0000001D  c_w.l(libinit2.o)
    0x080002f4   0x080002f4   0x00000000   Code   RO         1965    .ARM.Collect$$libinit$$0000001F  c_w.l(libinit2.o)
    0x080002f4   0x080002f4   0x00000000   Code   RO         1967    .ARM.Collect$$libinit$$00000021  c_w.l(libinit2.o)
    0x080002f4   0x080002f4   0x00000000   Code   RO         1969    .ARM.Collect$$libinit$$00000023  c_w.l(libinit2.o)
    0x080002f4   0x080002f4   0x00000000   Code   RO         1971    .ARM.Collect$$libinit$$00000025  c_w.l(libinit2.o)
    0x080002f4   0x080002f4   0x00000000   Code   RO         1975    .ARM.Collect$$libinit$$0000002C  c_w.l(libinit2.o)
    0x080002f4   0x080002f4   0x00000000   Code   RO         1977    .ARM.Collect$$libinit$$0000002E  c_w.l(libinit2.o)
    0x080002f4   0x080002f4   0x00000000   Code   RO         1979    .ARM.Collect$$libinit$$00000030  c_w.l(libinit2.o)
    0x080002f4   0x080002f4   0x00000000   Code   RO         1981    .ARM.Collect$$libinit$$00000032  c_w.l(libinit2.o)
    0x080002f4   0x080002f4   0x00000002   Code   RO         1982    .ARM.Collect$$libinit$$00000033  c_w.l(libinit2.o)
    0x080002f6   0x080002f6   0x00000002   Code   RO         2019    .ARM.Collect$$libshutdown$$00000000  c_w.l(libshutdown.o)
    0x080002f8   0x080002f8   0x00000000   Code   RO         2047    .ARM.Collect$$libshutdown$$00000002  c_w.l(libshutdown2.o)
    0x080002f8   0x080002f8   0x00000000   Code   RO         2049    .ARM.Collect$$libshutdown$$00000004  c_w.l(libshutdown2.o)
    0x080002f8   0x080002f8   0x00000000   Code   RO         2052    .ARM.Collect$$libshutdown$$00000007  c_w.l(libshutdown2.o)
    0x080002f8   0x080002f8   0x00000000   Code   RO         2055    .ARM.Collect$$libshutdown$$0000000A  c_w.l(libshutdown2.o)
    0x080002f8   0x080002f8   0x00000000   Code   RO         2057    .ARM.Collect$$libshutdown$$0000000C  c_w.l(libshutdown2.o)
    0x080002f8   0x080002f8   0x00000000   Code   RO         2060    .ARM.Collect$$libshutdown$$0000000F  c_w.l(libshutdown2.o)
    0x080002f8   0x080002f8   0x00000002   Code   RO         2061    .ARM.Collect$$libshutdown$$00000010  c_w.l(libshutdown2.o)
    0x080002fa   0x080002fa   0x00000000   Code   RO         1770    .ARM.Collect$$rtentry$$00000000  c_w.l(__rtentry.o)
    0x080002fa   0x080002fa   0x00000000   Code   RO         1874    .ARM.Collect$$rtentry$$00000002  c_w.l(__rtentry2.o)
    0x080002fa   0x080002fa   0x00000006   Code   RO         1886    .ARM.Collect$$rtentry$$00000004  c_w.l(__rtentry4.o)
    0x08000300   0x08000300   0x00000000   Code   RO         1876    .ARM.Collect$$rtentry$$00000009  c_w.l(__rtentry2.o)
    0x08000300   0x08000300   0x00000004   Code   RO         1877    .ARM.Collect$$rtentry$$0000000A  c_w.l(__rtentry2.o)
    0x08000304   0x08000304   0x00000000   Code   RO         1879    .ARM.Collect$$rtentry$$0000000C  c_w.l(__rtentry2.o)
    0x08000304   0x08000304   0x00000008   Code   RO         1880    .ARM.Collect$$rtentry$$0000000D  c_w.l(__rtentry2.o)
    0x0800030c   0x0800030c   0x00000002   Code   RO         1922    .ARM.Collect$$rtexit$$00000000  c_w.l(rtexit.o)
    0x0800030e   0x0800030e   0x00000000   Code   RO         1988    .ARM.Collect$$rtexit$$00000002  c_w.l(rtexit2.o)
    0x0800030e   0x0800030e   0x00000004   Code   RO         1989    .ARM.Collect$$rtexit$$00000003  c_w.l(rtexit2.o)
    0x08000312   0x08000312   0x00000006   Code   RO         1990    .ARM.Collect$$rtexit$$00000004  c_w.l(rtexit2.o)
    0x08000318   0x08000318   0x00000040   Code   RO            4    .text               startup_stm32g474xx.o
    0x08000358   0x08000358   0x000000ee   Code   RO         1748    .text               c_w.l(lludivv7m.o)
    0x08000446   0x08000446   0x00000002   PAD
    0x08000448   0x08000448   0x0000002c   Code   RO         1750    .text               c_w.l(_sprintf.o)
    0x08000474   0x08000474   0x0000004e   Code   RO         1752    .text               c_w.l(rt_memclr_w.o)
    0x080004c2   0x080004c2   0x00000006   Code   RO         1754    .text               c_w.l(heapauxi.o)
    0x080004c8   0x080004c8   0x0000004e   Code   RO         1777    .text               c_w.l(_printf_pad.o)
    0x08000516   0x08000516   0x00000024   Code   RO         1779    .text               c_w.l(_printf_truncate.o)
    0x0800053a   0x0800053a   0x00000052   Code   RO         1781    .text               c_w.l(_printf_str.o)
    0x0800058c   0x0800058c   0x00000078   Code   RO         1783    .text               c_w.l(_printf_dec.o)
    0x08000604   0x08000604   0x00000028   Code   RO         1785    .text               c_w.l(_printf_charcount.o)
    0x0800062c   0x0800062c   0x00000030   Code   RO         1787    .text               c_w.l(_printf_char_common.o)
    0x0800065c   0x0800065c   0x0000000a   Code   RO         1789    .text               c_w.l(_sputc.o)
    0x08000666   0x08000666   0x00000002   PAD
    0x08000668   0x08000668   0x000000bc   Code   RO         1791    .text               c_w.l(_printf_wctomb.o)
    0x08000724   0x08000724   0x0000007c   Code   RO         1794    .text               c_w.l(_printf_longlong_dec.o)
    0x080007a0   0x080007a0   0x00000070   Code   RO         1800    .text               c_w.l(_printf_oct_int_ll.o)
    0x08000810   0x08000810   0x00000094   Code   RO         1820    .text               c_w.l(_printf_hex_int_ll_ptr.o)
    0x080008a4   0x080008a4   0x00000188   Code   RO         1840    .text               c_w.l(__printf_flags_ss_wp.o)
    0x08000a2c   0x08000a2c   0x0000008a   Code   RO         1890    .text               c_w.l(lludiv10.o)
    0x08000ab6   0x08000ab6   0x000000b2   Code   RO         1892    .text               c_w.l(_printf_intcommon.o)
    0x08000b68   0x08000b68   0x0000002c   Code   RO         1896    .text               c_w.l(_printf_char.o)
    0x08000b94   0x08000b94   0x0000002c   Code   RO         1898    .text               c_w.l(_printf_wchar.o)
    0x08000bc0   0x08000bc0   0x00000048   Code   RO         1901    .text               c_w.l(_c16rtomb.o)
    0x08000c08   0x08000c08   0x0000004a   Code   RO         1903    .text               c_w.l(sys_stackheap_outer.o)
    0x08000c52   0x08000c52   0x00000002   PAD
    0x08000c54   0x08000c54   0x00000010   Code   RO         1905    .text               c_w.l(rt_ctype_table.o)
    0x08000c64   0x08000c64   0x00000012   Code   RO         1907    .text               c_w.l(exit.o)
    0x08000c76   0x08000c76   0x00000002   PAD
    0x08000c78   0x08000c78   0x00000008   Code   RO         1919    .text               c_w.l(libspace.o)
    0x08000c80   0x08000c80   0x00000008   Code   RO         1929    .text               c_w.l(rt_locale_intlibspace.o)
    0x08000c88   0x08000c88   0x0000000c   Code   RO         1983    .text               c_w.l(sys_exit.o)
    0x08000c94   0x08000c94   0x00000004   PAD
    0x08000c98   0x08000c98   0x0000007c   Code   RO         1998    .text               c_w.l(strcmpv7em.o)
    0x08000d14   0x08000d14   0x00000002   Code   RO         2008    .text               c_w.l(use_no_semi.o)
    0x08000d16   0x08000d16   0x00000000   Code   RO         2010    .text               c_w.l(indicate_semi.o)
    0x08000d16   0x08000d16   0x00000002   PAD
    0x08000d18   0x08000d18   0x000000c0   Code   RO          250    .text.ADC_ConversionStop  stm32g4xx_hal_adc.o
    0x08000dd8   0x08000dd8   0x0000005e   Code   RO          272    .text.ADC_DMAConvCplt  stm32g4xx_hal_adc.o
    0x08000e36   0x08000e36   0x00000016   Code   RO          276    .text.ADC_DMAError  stm32g4xx_hal_adc.o
    0x08000e4c   0x08000e4c   0x00000006   Code   RO          274    .text.ADC_DMAHalfConvCplt  stm32g4xx_hal_adc.o
    0x08000e52   0x08000e52   0x00000002   PAD
    0x08000e54   0x08000e54   0x00000064   Code   RO          252    .text.ADC_Disable   stm32g4xx_hal_adc.o
    0x08000eb8   0x08000eb8   0x00000068   Code   RO          258    .text.ADC_Enable    stm32g4xx_hal_adc.o
    0x08000f20   0x08000f20   0x00000024   Code   RO          201    .text.ADConvert_Enable  wpt_tx.o
    0x08000f44   0x08000f44   0x00000002   Code   RO          157    .text.BusFault_Handler  stm32g4xx_it.o
    0x08000f46   0x08000f46   0x00000002   PAD
    0x08000f48   0x08000f48   0x0000001c   Code   RO          169    .text.DMA1_Channel1_IRQHandler  stm32g4xx_it.o
    0x08000f64   0x08000f64   0x0000000c   Code   RO          171    .text.DMA1_Channel2_IRQHandler  stm32g4xx_it.o
    0x08000f70   0x08000f70   0x00000048   Code   RO          654    .text.DMA_CalcDMAMUXChannelBaseAndMask  stm32g4xx_hal_dma.o
    0x08000fb8   0x08000fb8   0x00000024   Code   RO          656    .text.DMA_CalcDMAMUXRequestGenBaseAndMask  stm32g4xx_hal_dma.o
    0x08000fdc   0x08000fdc   0x00000046   Code   RO          662    .text.DMA_SetConfig  stm32g4xx_hal_dma.o
    0x08001022   0x08001022   0x00000002   Code   RO          163    .text.DebugMon_Handler  stm32g4xx_it.o
    0x08001024   0x08001024   0x00000002   Code   RO           28    .text.Error_Handler  main.o
    0x08001026   0x08001026   0x00000002   PAD
    0x08001028   0x08001028   0x0000003c   Code   RO          207    .text.GetVolCurr    wpt_tx.o
    0x08001064   0x08001064   0x00000350   Code   RO          296    .text.HAL_ADC_ConfigChannel  stm32g4xx_hal_adc.o
    0x080013b4   0x080013b4   0x00000002   Code   RO          288    .text.HAL_ADC_ConvCpltCallback  stm32g4xx_hal_adc.o
    0x080013b6   0x080013b6   0x00000002   Code   RO          294    .text.HAL_ADC_ConvHalfCpltCallback  stm32g4xx_hal_adc.o
    0x080013b8   0x080013b8   0x00000002   Code   RO          292    .text.HAL_ADC_ErrorCallback  stm32g4xx_hal_adc.o
    0x080013ba   0x080013ba   0x00000002   PAD
    0x080013bc   0x080013bc   0x00000204   Code   RO          244    .text.HAL_ADC_Init  stm32g4xx_hal_adc.o
    0x080015c0   0x080015c0   0x000000a4   Code   RO           51    .text.HAL_ADC_MspInit  adc.o
    0x08001664   0x08001664   0x00000110   Code   RO          270    .text.HAL_ADC_Start_DMA  stm32g4xx_hal_adc.o
    0x08001774   0x08001774   0x0000003e   Code   RO          260    .text.HAL_ADC_Stop  stm32g4xx_hal_adc.o
    0x080017b2   0x080017b2   0x0000007a   Code   RO          668    .text.HAL_DMA_Abort_IT  stm32g4xx_hal_dma.o
    0x0800182c   0x0800182c   0x000000a4   Code   RO          672    .text.HAL_DMA_IRQHandler  stm32g4xx_hal_dma.o
    0x080018d0   0x080018d0   0x000000c0   Code   RO          652    .text.HAL_DMA_Init  stm32g4xx_hal_dma.o
    0x08001990   0x08001990   0x00000088   Code   RO          664    .text.HAL_DMA_Start_IT  stm32g4xx_hal_dma.o
    0x08001a18   0x08001a18   0x00000024   Code   RO          403    .text.HAL_Delay     stm32g4xx_hal.o
    0x08001a3c   0x08001a3c   0x0000017c   Code   RO          219    .text.HAL_GPIO_Init  stm32g4xx_hal_gpio.o
    0x08001bb8   0x08001bb8   0x0000000c   Code   RO          395    .text.HAL_GetTick   stm32g4xx_hal.o
    0x08001bc4   0x08001bc4   0x00000002   Code   RO         1113    .text.HAL_HRTIM_BurstModePeriodCallback  stm32g4xx_hal_hrtim.o
    0x08001bc6   0x08001bc6   0x00000002   Code   RO         1129    .text.HAL_HRTIM_Capture1EventCallback  stm32g4xx_hal_hrtim.o
    0x08001bc8   0x08001bc8   0x00000002   Code   RO         1131    .text.HAL_HRTIM_Capture2EventCallback  stm32g4xx_hal_hrtim.o
    0x08001bca   0x08001bca   0x00000002   Code   RO         1121    .text.HAL_HRTIM_Compare1EventCallback  stm32g4xx_hal_hrtim.o
    0x08001bcc   0x08001bcc   0x00000002   Code   RO         1123    .text.HAL_HRTIM_Compare2EventCallback  stm32g4xx_hal_hrtim.o
    0x08001bce   0x08001bce   0x00000002   Code   RO         1125    .text.HAL_HRTIM_Compare3EventCallback  stm32g4xx_hal_hrtim.o
    0x08001bd0   0x08001bd0   0x00000002   Code   RO         1127    .text.HAL_HRTIM_Compare4EventCallback  stm32g4xx_hal_hrtim.o
    0x08001bd2   0x08001bd2   0x00000002   Code   RO         1135    .text.HAL_HRTIM_CounterResetCallback  stm32g4xx_hal_hrtim.o
    0x08001bd4   0x08001bd4   0x00000002   Code   RO         1111    .text.HAL_HRTIM_DLLCalibrationReadyCallback  stm32g4xx_hal_hrtim.o
    0x08001bd6   0x08001bd6   0x00000052   Code   RO          891    .text.HAL_HRTIM_DLLCalibrationStart  stm32g4xx_hal_hrtim.o
    0x08001c28   0x08001c28   0x00000098   Code   RO         1021    .text.HAL_HRTIM_DeadTimeConfig  stm32g4xx_hal_hrtim.o
    0x08001cc0   0x08001cc0   0x00000002   Code   RO         1133    .text.HAL_HRTIM_DelayedProtectionCallback  stm32g4xx_hal_hrtim.o
    0x08001cc2   0x08001cc2   0x00000002   Code   RO         1097    .text.HAL_HRTIM_Fault1Callback  stm32g4xx_hal_hrtim.o
    0x08001cc4   0x08001cc4   0x00000002   Code   RO         1099    .text.HAL_HRTIM_Fault2Callback  stm32g4xx_hal_hrtim.o
    0x08001cc6   0x08001cc6   0x00000002   Code   RO         1101    .text.HAL_HRTIM_Fault3Callback  stm32g4xx_hal_hrtim.o
    0x08001cc8   0x08001cc8   0x00000002   Code   RO         1103    .text.HAL_HRTIM_Fault4Callback  stm32g4xx_hal_hrtim.o
    0x08001cca   0x08001cca   0x00000002   Code   RO         1105    .text.HAL_HRTIM_Fault5Callback  stm32g4xx_hal_hrtim.o
    0x08001ccc   0x08001ccc   0x00000002   Code   RO         1107    .text.HAL_HRTIM_Fault6Callback  stm32g4xx_hal_hrtim.o
    0x08001cce   0x08001cce   0x0000049c   Code   RO         1095    .text.HAL_HRTIM_IRQHandler  stm32g4xx_hal_hrtim.o
    0x0800216a   0x0800216a   0x00000002   PAD
    0x0800216c   0x0800216c   0x00000098   Code   RO          883    .text.HAL_HRTIM_Init  stm32g4xx_hal_hrtim.o
    0x08002204   0x08002204   0x00000038   Code   RO           80    .text.HAL_HRTIM_MspInit  hrtim.o
    0x0800223c   0x0800223c   0x00000058   Code   RO           78    .text.HAL_HRTIM_MspPostInit  hrtim.o
    0x08002294   0x08002294   0x00000002   Code   RO         1139    .text.HAL_HRTIM_Output1ResetCallback  stm32g4xx_hal_hrtim.o
    0x08002296   0x08002296   0x00000002   Code   RO         1137    .text.HAL_HRTIM_Output1SetCallback  stm32g4xx_hal_hrtim.o
    0x08002298   0x08002298   0x00000002   Code   RO         1143    .text.HAL_HRTIM_Output2ResetCallback  stm32g4xx_hal_hrtim.o
    0x0800229a   0x0800229a   0x00000002   Code   RO         1141    .text.HAL_HRTIM_Output2SetCallback  stm32g4xx_hal_hrtim.o
    0x0800229c   0x0800229c   0x00000042   Code   RO          895    .text.HAL_HRTIM_PollForDLLCalibration  stm32g4xx_hal_hrtim.o
    0x080022de   0x080022de   0x00000002   Code   RO         1117    .text.HAL_HRTIM_RegistersUpdateCallback  stm32g4xx_hal_hrtim.o
    0x080022e0   0x080022e0   0x00000002   Code   RO         1119    .text.HAL_HRTIM_RepetitionEventCallback  stm32g4xx_hal_hrtim.o
    0x080022e2   0x080022e2   0x00000002   Code   RO         1115    .text.HAL_HRTIM_SynchronizationEventCallback  stm32g4xx_hal_hrtim.o
    0x080022e4   0x080022e4   0x00000002   Code   RO         1109    .text.HAL_HRTIM_SystemFaultCallback  stm32g4xx_hal_hrtim.o
    0x080022e6   0x080022e6   0x00000076   Code   RO          897    .text.HAL_HRTIM_TimeBaseConfig  stm32g4xx_hal_hrtim.o
    0x0800235c   0x0800235c   0x00000132   Code   RO         1027    .text.HAL_HRTIM_WaveformCompareConfig  stm32g4xx_hal_hrtim.o
    0x0800248e   0x0800248e   0x00000026   Code   RO         1039    .text.HAL_HRTIM_WaveformCountStart  stm32g4xx_hal_hrtim.o
    0x080024b4   0x080024b4   0x0000003a   Code   RO         1031    .text.HAL_HRTIM_WaveformOutputConfig  stm32g4xx_hal_hrtim.o
    0x080024ee   0x080024ee   0x0000002a   Code   RO         1035    .text.HAL_HRTIM_WaveformOutputStart  stm32g4xx_hal_hrtim.o
    0x08002518   0x08002518   0x00000274   Code   RO         1003    .text.HAL_HRTIM_WaveformTimerConfig  stm32g4xx_hal_hrtim.o
    0x0800278c   0x0800278c   0x00000094   Code   RO         1007    .text.HAL_HRTIM_WaveformTimerControl  stm32g4xx_hal_hrtim.o
    0x08002820   0x08002820   0x00000014   Code   RO          393    .text.HAL_IncTick   stm32g4xx_hal.o
    0x08002834   0x08002834   0x0000001c   Code   RO          383    .text.HAL_Init      stm32g4xx_hal.o
    0x08002850   0x08002850   0x00000044   Code   RO          385    .text.HAL_InitTick  stm32g4xx_hal.o
    0x08002894   0x08002894   0x00000034   Code   RO          188    .text.HAL_MspInit   stm32g4xx_hal_msp.o
    0x080028c8   0x080028c8   0x0000001c   Code   RO          840    .text.HAL_NVIC_EnableIRQ  stm32g4xx_hal_cortex.o
    0x080028e4   0x080028e4   0x0000003c   Code   RO          836    .text.HAL_NVIC_SetPriority  stm32g4xx_hal_cortex.o
    0x08002920   0x08002920   0x00000020   Code   RO          834    .text.HAL_NVIC_SetPriorityGrouping  stm32g4xx_hal_cortex.o
    0x08002940   0x08002940   0x000000ac   Code   RO          753    .text.HAL_PWREx_ControlVoltageScaling  stm32g4xx_hal_pwr_ex.o
    0x080029ec   0x080029ec   0x00000010   Code   RO          823    .text.HAL_PWREx_DisableUCPDDeadBattery  stm32g4xx_hal_pwr_ex.o
    0x080029fc   0x080029fc   0x00000298   Code   RO          503    .text.HAL_RCCEx_PeriphCLKConfig  stm32g4xx_hal_rcc_ex.o
    0x08002c94   0x08002c94   0x000001e4   Code   RO          468    .text.HAL_RCC_ClockConfig  stm32g4xx_hal_rcc.o
    0x08002e78   0x08002e78   0x00000018   Code   RO          476    .text.HAL_RCC_GetPCLK1Freq  stm32g4xx_hal_rcc.o
    0x08002e90   0x08002e90   0x00000020   Code   RO          478    .text.HAL_RCC_GetPCLK2Freq  stm32g4xx_hal_rcc.o
    0x08002eb0   0x08002eb0   0x0000006c   Code   RO          470    .text.HAL_RCC_GetSysClockFreq  stm32g4xx_hal_rcc.o
    0x08002f1c   0x08002f1c   0x0000043c   Code   RO          466    .text.HAL_RCC_OscConfig  stm32g4xx_hal_rcc.o
    0x08003358   0x08003358   0x00000028   Code   RO          848    .text.HAL_SYSTICK_Config  stm32g4xx_hal_cortex.o
    0x08003380   0x08003380   0x00000002   Code   RO         1530    .text.HAL_TIMEx_Break2Callback  stm32g4xx_hal_tim_ex.o
    0x08003382   0x08003382   0x00000002   Code   RO         1528    .text.HAL_TIMEx_BreakCallback  stm32g4xx_hal_tim_ex.o
    0x08003384   0x08003384   0x00000002   Code   RO         1524    .text.HAL_TIMEx_CommutCallback  stm32g4xx_hal_tim_ex.o
    0x08003386   0x08003386   0x00000002   PAD
    0x08003388   0x08003388   0x000000d0   Code   RO         1476    .text.HAL_TIMEx_ConfigBreakDeadTime  stm32g4xx_hal_tim_ex.o
    0x08003458   0x08003458   0x00000002   Code   RO         1534    .text.HAL_TIMEx_DirectionChangeCallback  stm32g4xx_hal_tim_ex.o
    0x0800345a   0x0800345a   0x00000002   Code   RO         1532    .text.HAL_TIMEx_EncoderIndexCallback  stm32g4xx_hal_tim_ex.o
    0x0800345c   0x0800345c   0x00000002   Code   RO         1536    .text.HAL_TIMEx_IndexErrorCallback  stm32g4xx_hal_tim_ex.o
    0x0800345e   0x0800345e   0x00000002   PAD
    0x08003460   0x08003460   0x000000ac   Code   RO         1474    .text.HAL_TIMEx_MasterConfigSynchronization  stm32g4xx_hal_tim_ex.o
    0x0800350c   0x0800350c   0x00000002   Code   RO         1538    .text.HAL_TIMEx_TransitionErrorCallback  stm32g4xx_hal_tim_ex.o
    0x0800350e   0x0800350e   0x00000060   Code   RO         1161    .text.HAL_TIM_Base_Init  stm32g4xx_hal_tim.o
    0x0800356e   0x0800356e   0x00000002   PAD
    0x08003570   0x08003570   0x0000003c   Code   RO           96    .text.HAL_TIM_Base_MspInit  tim.o
    0x080035ac   0x080035ac   0x00000140   Code   RO         1353    .text.HAL_TIM_ConfigClockSource  stm32g4xx_hal_tim.o
    0x080036ec   0x080036ec   0x00000002   Code   RO         1297    .text.HAL_TIM_IC_CaptureCallback  stm32g4xx_hal_tim.o
    0x080036ee   0x080036ee   0x00000002   PAD
    0x080036f0   0x080036f0   0x0000020c   Code   RO         1295    .text.HAL_TIM_IRQHandler  stm32g4xx_hal_tim.o
    0x080038fc   0x080038fc   0x00000002   Code   RO         1299    .text.HAL_TIM_OC_DelayElapsedCallback  stm32g4xx_hal_tim.o
    0x080038fe   0x080038fe   0x00000002   Code   RO         1301    .text.HAL_TIM_PWM_PulseFinishedCallback  stm32g4xx_hal_tim.o
    0x08003900   0x08003900   0x00000002   Code   RO         1303    .text.HAL_TIM_PeriodElapsedCallback  stm32g4xx_hal_tim.o
    0x08003902   0x08003902   0x00000002   Code   RO         1305    .text.HAL_TIM_TriggerCallback  stm32g4xx_hal_tim.o
    0x08003904   0x08003904   0x00000036   Code   RO         1715    .text.HAL_UARTEx_DisableFifoMode  stm32g4xx_hal_uart_ex.o
    0x0800393a   0x0800393a   0x00000002   Code   RO         1699    .text.HAL_UARTEx_RxFifoFullCallback  stm32g4xx_hal_uart_ex.o
    0x0800393c   0x0800393c   0x0000004a   Code   RO         1719    .text.HAL_UARTEx_SetRxFifoThreshold  stm32g4xx_hal_uart_ex.o
    0x08003986   0x08003986   0x0000004a   Code   RO         1717    .text.HAL_UARTEx_SetTxFifoThreshold  stm32g4xx_hal_uart_ex.o
    0x080039d0   0x080039d0   0x00000002   Code   RO         1701    .text.HAL_UARTEx_TxFifoEmptyCallback  stm32g4xx_hal_uart_ex.o
    0x080039d2   0x080039d2   0x00000002   Code   RO         1697    .text.HAL_UARTEx_WakeupCallback  stm32g4xx_hal_uart_ex.o
    0x080039d4   0x080039d4   0x00000002   Code   RO         1653    .text.HAL_UART_ErrorCallback  stm32g4xx_hal_uart.o
    0x080039d6   0x080039d6   0x00000002   PAD
    0x080039d8   0x080039d8   0x000001d0   Code   RO         1649    .text.HAL_UART_IRQHandler  stm32g4xx_hal_uart.o
    0x08003ba8   0x08003ba8   0x00000064   Code   RO         1553    .text.HAL_UART_Init  stm32g4xx_hal_uart.o
    0x08003c0c   0x08003c0c   0x000000ac   Code   RO          114    .text.HAL_UART_MspInit  usart.o
    0x08003cb8   0x08003cb8   0x00000094   Code   RO         1599    .text.HAL_UART_Transmit_DMA  stm32g4xx_hal_uart.o
    0x08003d4c   0x08003d4c   0x00000002   Code   RO         1655    .text.HAL_UART_TxCpltCallback  stm32g4xx_hal_uart.o
    0x08003d4e   0x08003d4e   0x00000002   Code   RO         1657    .text.HAL_UART_TxHalfCpltCallback  stm32g4xx_hal_uart.o
    0x08003d50   0x08003d50   0x0000001c   Code   RO          177    .text.HRTIM1_TIMC_IRQHandler  stm32g4xx_it.o
    0x08003d6c   0x08003d6c   0x00000038   Code   RO         1005    .text.HRTIM_ForceRegistersUpdate  stm32g4xx_hal_hrtim.o
    0x08003da4   0x08003da4   0x000000c2   Code   RO          921    .text.HRTIM_OutputConfig  stm32g4xx_hal_hrtim.o
    0x08003e66   0x08003e66   0x00000002   PAD
    0x08003e68   0x08003e68   0x00000024   Code   RO          203    .text.HRTIM_PWM_Enable  wpt_tx.o
    0x08003e8c   0x08003e8c   0x00000002   Code   RO          153    .text.HardFault_Handler  stm32g4xx_it.o
    0x08003e8e   0x08003e8e   0x00000020   Code   RO          298    .text.LL_ADC_SetChannelSamplingTime  stm32g4xx_hal_adc.o
    0x08003eae   0x08003eae   0x00000002   PAD
    0x08003eb0   0x08003eb0   0x0000009c   Code   RO           49    .text.MX_ADC5_Init  adc.o
    0x08003f4c   0x08003f4c   0x00000050   Code   RO           66    .text.MX_DMA_Init   dma.o
    0x08003f9c   0x08003f9c   0x00000044   Code   RO           40    .text.MX_GPIO_Init  gpio.o
    0x08003fe0   0x08003fe0   0x0000016c   Code   RO           76    .text.MX_HRTIM1_Init  hrtim.o
    0x0800414c   0x0800414c   0x00000080   Code   RO           94    .text.MX_TIM1_Init  tim.o
    0x080041cc   0x080041cc   0x00000064   Code   RO          112    .text.MX_USART1_UART_Init  usart.o
    0x08004230   0x08004230   0x00000002   Code   RO          155    .text.MemManage_Handler  stm32g4xx_it.o
    0x08004232   0x08004232   0x00000002   Code   RO          151    .text.NMI_Handler   stm32g4xx_it.o
    0x08004234   0x08004234   0x00000002   Code   RO          165    .text.PendSV_Handler  stm32g4xx_it.o
    0x08004236   0x08004236   0x00000002   PAD
    0x08004238   0x08004238   0x00000024   Code   RO          120    .text.PutStr        usart.o
    0x0800425c   0x0800425c   0x00000002   Code   RO          161    .text.SVC_Handler   stm32g4xx_it.o
    0x0800425e   0x0800425e   0x00000014   Code   RO           13    .text.Saturation_int  util.o
    0x08004272   0x08004272   0x00000002   PAD
    0x08004274   0x08004274   0x00000044   Code   RO          118    .text.SendBuf       usart.o
    0x080042b8   0x080042b8   0x00000040   Code   RO          124    .text.SendBufWhenFull  usart.o
    0x080042f8   0x080042f8   0x0000006c   Code   RO          199    .text.SetSwitchFreq  wpt_tx.o
    0x08004364   0x08004364   0x00000004   Code   RO          167    .text.SysTick_Handler  stm32g4xx_it.o
    0x08004368   0x08004368   0x00000074   Code   RO           26    .text.SystemClock_Config  main.o
    0x080043dc   0x080043dc   0x0000001c   Code   RO         1731    .text.SystemInit    system_stm32g4xx.o
    0x080043f8   0x080043f8   0x000000b0   Code   RO          173    .text.TIM1_UP_TIM16_IRQHandler  stm32g4xx_it.o
    0x080044a8   0x080044a8   0x000000d8   Code   RO         1165    .text.TIM_Base_SetConfig  stm32g4xx_hal_tim.o
    0x08004580   0x08004580   0x0000001c   Code   RO          100    .text.TIM_Enable    tim.o
    0x0800459c   0x0800459c   0x00000022   Code   RO         1355    .text.TIM_TI1_ConfigInputStage  stm32g4xx_hal_tim.o
    0x080045be   0x080045be   0x00000022   Code   RO         1357    .text.TIM_TI2_ConfigInputStage  stm32g4xx_hal_tim.o
    0x080045e0   0x080045e0   0x00000054   Code   RO         1713    .text.UARTEx_SetNbDataToProcess  stm32g4xx_hal_uart_ex.o
    0x08004634   0x08004634   0x000000d2   Code   RO         1559    .text.UART_AdvFeatureConfig  stm32g4xx_hal_uart.o
    0x08004706   0x08004706   0x00000002   PAD
    0x08004708   0x08004708   0x00000064   Code   RO         1561    .text.UART_CheckIdleState  stm32g4xx_hal_uart.o
    0x0800476c   0x0800476c   0x00000010   Code   RO         1651    .text.UART_DMAAbortOnError  stm32g4xx_hal_uart.o
    0x0800477c   0x0800477c   0x0000005a   Code   RO         1605    .text.UART_DMAError  stm32g4xx_hal_uart.o
    0x080047d6   0x080047d6   0x00000028   Code   RO         1601    .text.UART_DMATransmitCplt  stm32g4xx_hal_uart.o
    0x080047fe   0x080047fe   0x00000006   Code   RO         1603    .text.UART_DMATxHalfCplt  stm32g4xx_hal_uart.o
    0x08004804   0x08004804   0x00000010   Code   RO          134    .text.UART_Enable   usart.o
    0x08004814   0x08004814   0x00000024   Code   RO         1621    .text.UART_EndRxTransfer  stm32g4xx_hal_uart.o
    0x08004838   0x08004838   0x0000001a   Code   RO         1619    .text.UART_EndTxTransfer  stm32g4xx_hal_uart.o
    0x08004852   0x08004852   0x00000002   PAD
    0x08004854   0x08004854   0x00000234   Code   RO         1557    .text.UART_SetConfig  stm32g4xx_hal_uart.o
    0x08004a88   0x08004a88   0x000000a0   Code   RO         1575    .text.UART_WaitOnFlagUntilTimeout  stm32g4xx_hal_uart.o
    0x08004b28   0x08004b28   0x0000000c   Code   RO          175    .text.USART1_IRQHandler  stm32g4xx_it.o
    0x08004b34   0x08004b34   0x00000002   Code   RO          159    .text.UsageFault_Handler  stm32g4xx_it.o
    0x08004b36   0x08004b36   0x00000002   PAD
    0x08004b38   0x08004b38   0x00000044   Code   RO          197    .text.WPT_Tx_Init   wpt_tx.o
    0x08004b7c   0x08004b7c   0x00000024   Code   RO          838    .text.__NVIC_SetPriority  stm32g4xx_hal_cortex.o
    0x08004ba0   0x08004ba0   0x00000036   Code   RO           24    .text.main          main.o
    0x08004bd6   0x08004bd6   0x0000000e   Code   RO         1833    i._is_digit         c_w.l(__printf_wp.o)
    0x08004be4   0x08004be4   0x0000002c   Code   RO         1932    locale$$code        c_w.l(lc_ctype_c.o)
    0x08004c10   0x08004c10   0x000002b0   Code   RO         1759    x$fpl$ddiv          fz_wm.l(ddiv.o)
    0x08004ec0   0x08004ec0   0x0000005e   Code   RO         1762    x$fpl$dfix          fz_wm.l(dfix.o)
    0x08004f1e   0x08004f1e   0x00000002   PAD
    0x08004f20   0x08004f20   0x00000154   Code   RO         1766    x$fpl$dmul          fz_wm.l(dmul.o)
    0x08005074   0x08005074   0x0000009c   Code   RO         1866    x$fpl$dnaninf       fz_wm.l(dnaninf.o)
    0x08005110   0x08005110   0x0000000c   Code   RO         1868    x$fpl$dretinf       fz_wm.l(dretinf.o)
    0x0800511c   0x0800511c   0x00000056   Code   RO         1768    x$fpl$f2d           fz_wm.l(f2d.o)
    0x08005172   0x08005172   0x0000008c   Code   RO         1870    x$fpl$fnaninf       fz_wm.l(fnaninf.o)
    0x080051fe   0x080051fe   0x0000001a   Code   RO         2002    x$fpl$fpinit        fz_wm.l(fpinit.o)
    0x08005218   0x08005218   0x00000000   Code   RO         1872    x$fpl$usenofp       fz_wm.l(usenofp.o)
    0x08005218   0x08005218   0x00000008   Data   RO         1792    .constdata          c_w.l(_printf_wctomb.o)
    0x08005220   0x08005220   0x00000028   Data   RO         1821    .constdata          c_w.l(_printf_hex_int_ll_ptr.o)
    0x08005248   0x08005248   0x00000011   Data   RO         1841    .constdata          c_w.l(__printf_flags_ss_wp.o)
    0x08005259   0x08005259   0x00000010   Data   RO         1736    .rodata.AHBPrescTable  system_stm32g4xx.o
    0x08005269   0x08005269   0x00000008   Data   RO         1737    .rodata.APBPrescTable  system_stm32g4xx.o
    0x08005271   0x08005271   0x00000001   PAD
    0x08005272   0x08005272   0x00000018   Data   RO         1685    .rodata.UARTPrescTable  stm32g4xx_hal_uart.o
    0x0800528a   0x0800528a   0x00000010   Data   RO         1721    .rodata.cst8        stm32g4xx_hal_uart_ex.o
    0x0800529a   0x0800529a   0x00000016   Data   RO          140    .rodata.str1.1      usart.o
    0x080052b0   0x080052b0   0x00000020   Data   RO         2063    Region$$Table       anon$$obj.o
    0x080052d0   0x080052d0   0x00000110   Data   RO         1931    locale$$data        c_w.l(lc_ctype_c.o)


    Execution Region RW_IRAM1 (Exec base: 0x20000000, Load base: 0x080053e0, Size: 0x00001940, Max: 0x00020000, ABSOLUTE)

    Exec Addr    Load Addr    Size         Type   Attr      Idx    E Section Name        Object

    0x20000000   0x080053e0   0x00000008   Data   RW          141    .data..L_MergedGlobals  usart.o
    0x20000008   0x080053e8   0x00000008   Data   RW          454    .data..L_MergedGlobals  stm32g4xx_hal.o
    0x20000010   0x080053f0   0x00000004   Data   RW         1735    .data.SystemCoreClock  system_stm32g4xx.o
    0x20000014   0x080053f4   0x00000004   PAD
    0x20000018        -       0x00000060   Zero   RW         1920    .bss                c_w.l(libspace.o)
    0x20000078        -       0x00000004   Zero   RW          179    .bss.TIM1_UP_TIM16_IRQHandler.__i_divSendTimes  stm32g4xx_it.o
    0x2000007c        -       0x000007d0   Zero   RW          136    .bss.USART_BUFF1    usart.o
    0x2000084c        -       0x000007d0   Zero   RW          139    .bss.USART_BUFF2    usart.o
    0x2000101c        -       0x00000020   Zero   RW          209    .bss.WptTx          wpt_tx.o
    0x2000103c        -       0x0000006c   Zero   RW           55    .bss.hadc5          adc.o
    0x200010a8        -       0x00000060   Zero   RW           56    .bss.hdma_adc5      adc.o
    0x20001108        -       0x00000060   Zero   RW          138    .bss.hdma_usart1_tx  usart.o
    0x20001168        -       0x000000fc   Zero   RW           84    .bss.hhrtim1        hrtim.o
    0x20001264        -       0x0000004c   Zero   RW          102    .bss.htim1          tim.o
    0x200012b0        -       0x0000008c   Zero   RW          137    .bss.huart1         usart.o
    0x2000133c        -       0x00000004   Zero   RW          453    .bss.uwTick         stm32g4xx_hal.o
    0x20001340        -       0x00000200   Zero   RW            2    HEAP                startup_stm32g474xx.o
    0x20001540        -       0x00000400   Zero   RW            1    STACK               startup_stm32g474xx.o


==============================================================================

Image component sizes


      Code (inc. data)   RO Data    RW Data    ZI Data      Debug   Object Name

       320         32          0          0        204       6413   adc.o
        80          4          0          0          0       3914   dma.o
        68          4          0          0          0       1586   gpio.o
       508         24          0          0        252      11700   hrtim.o
       172          0          0          0          0       2443   main.o
        64         26        472          0       1536        844   startup_stm32g474xx.o
       164         16          0          8          4       9183   stm32g4xx_hal.o
      2254         96          0          0          0      24610   stm32g4xx_hal_adc.o
       196         28          0          0          0      10271   stm32g4xx_hal_cortex.o
       792         16          0          0          0       7706   stm32g4xx_hal_dma.o
       380         20          0          0          0       5105   stm32g4xx_hal_gpio.o
      3268        108          0          0          0      56704   stm32g4xx_hal_hrtim.o
        52          4          0          0          0       1585   stm32g4xx_hal_msp.o
       188         12          0          0          0       8234   stm32g4xx_hal_pwr_ex.o
      1732         60          0          0          0       9063   stm32g4xx_hal_rcc.o
       664          8          0          0          0       9819   stm32g4xx_hal_rcc_ex.o
      1234         92          0          0          0      43938   stm32g4xx_hal_tim.o
       394         36          0          0          0      24043   stm32g4xx_hal_tim_ex.o
      1966        114         24          0          0      22211   stm32g4xx_hal_uart.o
       292          8         16          0          0       7446   stm32g4xx_hal_uart_ex.o
       276         48          0          0          4       1761   stm32g4xx_it.o
        28          4         24          4          0       2724   system_stm32g4xx.o
       216         16          0          0         76       8971   tim.o
       456         52         22          8       4236      10737   usart.o
        20          0          0          0          0        755   util.o
       308         48          0          0         32       1674   wpt_tx.o

    ----------------------------------------------------------------------
     16126        876        591         20       6348     293440   Object Totals
         0          0         32          0          0          0   (incl. Generated)
        34          0          1          0          4          0   (incl. Padding)

    ----------------------------------------------------------------------

      Code (inc. data)   RO Data    RW Data    ZI Data      Debug   Library Member Name

         8          0          0          0          0         68   __main.o
       392          4         17          0          0         92   __printf_flags_ss_wp.o
        14          0          0          0          0         68   __printf_wp.o
         0          0          0          0          0          0   __rtentry.o
        12          0          0          0          0          0   __rtentry2.o
         6          0          0          0          0          0   __rtentry4.o
        52          8          0          0          0          0   __scatter.o
        26          0          0          0          0          0   __scatter_copy.o
        28          0          0          0          0          0   __scatter_zi.o
        72          0          0          0          0         96   _c16rtomb.o
         6          0          0          0          0          0   _printf_a.o
         6          0          0          0          0          0   _printf_c.o
        44          0          0          0          0        108   _printf_char.o
        48          6          0          0          0         96   _printf_char_common.o
        40          0          0          0          0         68   _printf_charcount.o
         6          0          0          0          0          0   _printf_d.o
       120         16          0          0          0         92   _printf_dec.o
         6          0          0          0          0          0   _printf_e.o
         6          0          0          0          0          0   _printf_f.o
         6          0          0          0          0          0   _printf_g.o
       148          4         40          0          0        160   _printf_hex_int_ll_ptr.o
         6          0          0          0          0          0   _printf_i.o
       178          0          0          0          0         88   _printf_intcommon.o
        10          0          0          0          0          0   _printf_l.o
         6          0          0          0          0          0   _printf_lc.o
        10          0          0          0          0          0   _printf_ll.o
         6          0          0          0          0          0   _printf_lld.o
         6          0          0          0          0          0   _printf_lli.o
         6          0          0          0          0          0   _printf_llo.o
         6          0          0          0          0          0   _printf_llu.o
         6          0          0          0          0          0   _printf_llx.o
       124         16          0          0          0         92   _printf_longlong_dec.o
         6          0          0          0          0          0   _printf_ls.o
         6          0          0          0          0          0   _printf_n.o
         6          0          0          0          0          0   _printf_o.o
       112          8          0          0          0        124   _printf_oct_int_ll.o
         6          0          0          0          0          0   _printf_p.o
        78          0          0          0          0        108   _printf_pad.o
         0          0          0          0          0          0   _printf_percent.o
         4          0          0          0          0          0   _printf_percent_end.o
         6          0          0          0          0          0   _printf_s.o
        82          0          0          0          0         80   _printf_str.o
        36          0          0          0          0         84   _printf_truncate.o
         6          0          0          0          0          0   _printf_u.o
        44          0          0          0          0        108   _printf_wchar.o
       188          6          8          0          0         92   _printf_wctomb.o
         6          0          0          0          0          0   _printf_x.o
        44          6          0          0          0         84   _sprintf.o
        10          0          0          0          0         68   _sputc.o
        18          0          0          0          0         80   exit.o
         6          0          0          0          0        152   heapauxi.o
         0          0          0          0          0          0   indicate_semi.o
        44         10        272          0          0         76   lc_ctype_c.o
         2          0          0          0          0          0   libinit.o
        24          0          0          0          0          0   libinit2.o
         2          0          0          0          0          0   libshutdown.o
         2          0          0          0          0          0   libshutdown2.o
         8          4          0          0         96         68   libspace.o
       138          0          0          0          0         80   lludiv10.o
       238          0          0          0          0        100   lludivv7m.o
        16          4          0          0          0         76   rt_ctype_table.o
         8          4          0          0          0         68   rt_locale_intlibspace.o
        78          0          0          0          0         80   rt_memclr_w.o
         2          0          0          0          0          0   rtexit.o
        10          0          0          0          0          0   rtexit2.o
       124          0          0          0          0         88   strcmpv7em.o
        12          4          0          0          0         68   sys_exit.o
        74          0          0          0          0         80   sys_stackheap_outer.o
         2          0          0          0          0         68   use_no_semi.o
       688        140          0          0          0        264   ddiv.o
        94          4          0          0          0        140   dfix.o
       340         12          0          0          0        152   dmul.o
       156          4          0          0          0        140   dnaninf.o
        12          0          0          0          0        116   dretinf.o
        86          4          0          0          0        132   f2d.o
       140          4          0          0          0        132   fnaninf.o
        26          0          0          0          0        116   fpinit.o
         0          0          0          0          0          0   usenofp.o

    ----------------------------------------------------------------------
      4418        272        337          0         96       4052   Library Totals
        18          4          0          0          0          0   (incl. Padding)

    ----------------------------------------------------------------------

      Code (inc. data)   RO Data    RW Data    ZI Data      Debug   Library Name

      2858        100        337          0         96       2860   c_w.l
      1542        168          0          0          0       1192   fz_wm.l

    ----------------------------------------------------------------------
      4418        272        337          0         96       4052   Library Totals

    ----------------------------------------------------------------------

==============================================================================


      Code (inc. data)   RO Data    RW Data    ZI Data      Debug   

     20544       1148        928         20       6444     294952   Grand Totals
     20544       1148        928         20       6444     294952   ELF Image Totals
     20544       1148        928         20          0          0   ROM Totals

==============================================================================

    Total RO  Size (Code + RO Data)                21472 (  20.97kB)
    Total RW  Size (RW Data + ZI Data)              6464 (   6.31kB)
    Total ROM Size (Code + RO Data + RW Data)      21492 (  20.99kB)

==============================================================================

