Component: ARM Compiler 6.11 Tool: armlink [5d3b3900]

==============================================================================

Section Cross References

    startup_stm32g474xx.o(STACK) refers (Special) to heapauxi.o(.text) for __use_two_region_memory
    startup_stm32g474xx.o(HEAP) refers (Special) to heapauxi.o(.text) for __use_two_region_memory
    startup_stm32g474xx.o(RESET) refers (Special) to heapauxi.o(.text) for __use_two_region_memory
    startup_stm32g474xx.o(RESET) refers to startup_stm32g474xx.o(STACK) for __initial_sp
    startup_stm32g474xx.o(RESET) refers to startup_stm32g474xx.o(.text) for Reset_Handler
    startup_stm32g474xx.o(RESET) refers to stm32g4xx_it.o(.text.NMI_Handler) for NMI_Handler
    startup_stm32g474xx.o(RESET) refers to stm32g4xx_it.o(.text.HardFault_Handler) for HardFault_Handler
    startup_stm32g474xx.o(RESET) refers to stm32g4xx_it.o(.text.MemManage_Handler) for MemManage_Handler
    startup_stm32g474xx.o(RESET) refers to stm32g4xx_it.o(.text.BusFault_Handler) for BusFault_Handler
    startup_stm32g474xx.o(RESET) refers to stm32g4xx_it.o(.text.UsageFault_Handler) for UsageFault_Handler
    startup_stm32g474xx.o(RESET) refers to stm32g4xx_it.o(.text.SVC_Handler) for SVC_Handler
    startup_stm32g474xx.o(RESET) refers to stm32g4xx_it.o(.text.DebugMon_Handler) for DebugMon_Handler
    startup_stm32g474xx.o(RESET) refers to stm32g4xx_it.o(.text.PendSV_Handler) for PendSV_Handler
    startup_stm32g474xx.o(RESET) refers to stm32g4xx_it.o(.text.SysTick_Handler) for SysTick_Handler
    startup_stm32g474xx.o(RESET) refers to stm32g4xx_it.o(.text.DMA1_Channel1_IRQHandler) for DMA1_Channel1_IRQHandler
    startup_stm32g474xx.o(RESET) refers to stm32g4xx_it.o(.text.DMA1_Channel2_IRQHandler) for DMA1_Channel2_IRQHandler
    startup_stm32g474xx.o(RESET) refers to stm32g4xx_it.o(.text.TIM1_UP_TIM16_IRQHandler) for TIM1_UP_TIM16_IRQHandler
    startup_stm32g474xx.o(RESET) refers to stm32g4xx_it.o(.text.TIM2_IRQHandler) for TIM2_IRQHandler
    startup_stm32g474xx.o(RESET) refers to stm32g4xx_it.o(.text.USART1_IRQHandler) for USART1_IRQHandler
    startup_stm32g474xx.o(RESET) refers to stm32g4xx_it.o(.text.HRTIM1_TIMC_IRQHandler) for HRTIM1_TIMC_IRQHandler
    startup_stm32g474xx.o(.text) refers (Special) to heapauxi.o(.text) for __use_two_region_memory
    startup_stm32g474xx.o(.text) refers to system_stm32g4xx.o(.text.SystemInit) for SystemInit
    startup_stm32g474xx.o(.text) refers to __main.o(!!!main) for __main
    startup_stm32g474xx.o(.text) refers to startup_stm32g474xx.o(HEAP) for Heap_Mem
    startup_stm32g474xx.o(.text) refers to startup_stm32g474xx.o(STACK) for Stack_Mem
    util.o(.ARM.exidx.text.Saturation_float) refers to util.o(.text.Saturation_float) for [Anonymous Symbol]
    util.o(.ARM.exidx.text.Saturation_int) refers to util.o(.text.Saturation_int) for [Anonymous Symbol]
    main.o(.text.main) refers to stm32g4xx_hal.o(.text.HAL_Init) for HAL_Init
    main.o(.text.main) refers to main.o(.text.SystemClock_Config) for SystemClock_Config
    main.o(.text.main) refers to gpio.o(.text.MX_GPIO_Init) for MX_GPIO_Init
    main.o(.text.main) refers to dma.o(.text.MX_DMA_Init) for MX_DMA_Init
    main.o(.text.main) refers to adc.o(.text.MX_ADC5_Init) for MX_ADC5_Init
    main.o(.text.main) refers to hrtim.o(.text.MX_HRTIM1_Init) for MX_HRTIM1_Init
    main.o(.text.main) refers to usart.o(.text.MX_USART1_UART_Init) for MX_USART1_UART_Init
    main.o(.text.main) refers to tim.o(.text.MX_TIM1_Init) for MX_TIM1_Init
    main.o(.text.main) refers to tim.o(.text.MX_TIM2_Init) for MX_TIM2_Init
    main.o(.text.main) refers to stm32g4xx_hal.o(.text.HAL_Delay) for HAL_Delay
    main.o(.text.main) refers to usart.o(.text.UART_Enable) for UART_Enable
    main.o(.text.main) refers to wpt_tx.o(.text.WPT_Tx_Init) for WPT_Tx_Init
    main.o(.text.main) refers to tim.o(.text.TIM_Enable) for TIM_Enable
    main.o(.ARM.exidx.text.main) refers to main.o(.text.main) for [Anonymous Symbol]
    main.o(.text.SystemClock_Config) refers to rt_memclr_w.o(.text) for __aeabi_memclr4
    main.o(.text.SystemClock_Config) refers to stm32g4xx_hal_pwr_ex.o(.text.HAL_PWREx_ControlVoltageScaling) for HAL_PWREx_ControlVoltageScaling
    main.o(.text.SystemClock_Config) refers to stm32g4xx_hal_rcc.o(.text.HAL_RCC_OscConfig) for HAL_RCC_OscConfig
    main.o(.text.SystemClock_Config) refers to stm32g4xx_hal_rcc.o(.text.HAL_RCC_ClockConfig) for HAL_RCC_ClockConfig
    main.o(.text.SystemClock_Config) refers to stm32g4xx_hal_rcc_ex.o(.text.HAL_RCCEx_PeriphCLKConfig) for HAL_RCCEx_PeriphCLKConfig
    main.o(.ARM.exidx.text.SystemClock_Config) refers to main.o(.text.SystemClock_Config) for [Anonymous Symbol]
    main.o(.ARM.exidx.text.Error_Handler) refers to main.o(.text.Error_Handler) for [Anonymous Symbol]
    gpio.o(.ARM.exidx.text.MX_GPIO_Init) refers to gpio.o(.text.MX_GPIO_Init) for [Anonymous Symbol]
    adc.o(.text.MX_ADC5_Init) refers to rt_memclr_w.o(.text) for __aeabi_memclr4
[...]
    [Anonymous Symbol]                       0x080034ec   Section        0  usart.o(.text.HAL_UART_MspInit)
    __arm_cp.1_0                             0x08003588   Number         4  usart.o(.text.HAL_UART_MspInit)
    __arm_cp.1_2                             0x0800358c   Number         4  usart.o(.text.HAL_UART_MspInit)
    __arm_cp.1_3                             0x08003590   Number         4  usart.o(.text.HAL_UART_MspInit)
    __arm_cp.1_4                             0x08003594   Number         4  usart.o(.text.HAL_UART_MspInit)
    [Anonymous Symbol]                       0x08003598   Section        0  stm32g4xx_hal_uart.o(.text.HAL_UART_TxCpltCallback)
    [Anonymous Symbol]                       0x0800359c   Section        0  stm32g4xx_it.o(.text.HRTIM1_TIMC_IRQHandler)
    HRTIM_ForceRegistersUpdate               0x080035b9   Thumb Code    56  stm32g4xx_hal_hrtim.o(.text.HRTIM_ForceRegistersUpdate)
    [Anonymous Symbol]                       0x080035b8   Section        0  stm32g4xx_hal_hrtim.o(.text.HRTIM_ForceRegistersUpdate)
    HRTIM_OutputConfig                       0x080035f1   Thumb Code   194  stm32g4xx_hal_hrtim.o(.text.HRTIM_OutputConfig)
    [Anonymous Symbol]                       0x080035f0   Section        0  stm32g4xx_hal_hrtim.o(.text.HRTIM_OutputConfig)
    [Anonymous Symbol]                       0x080036b4   Section        0  wpt_tx.o(.text.HRTIM_PWM_Enable)
    __arm_cp.4_0                             0x080036d8   Number         4  wpt_tx.o(.text.HRTIM_PWM_Enable)
    [Anonymous Symbol]                       0x080036dc   Section        0  stm32g4xx_it.o(.text.HardFault_Handler)
    LL_ADC_SetChannelSamplingTime            0x080036df   Thumb Code    32  stm32g4xx_hal_adc.o(.text.LL_ADC_SetChannelSamplingTime)
    [Anonymous Symbol]                       0x080036de   Section        0  stm32g4xx_hal_adc.o(.text.LL_ADC_SetChannelSamplingTime)
    [Anonymous Symbol]                       0x08003700   Section        0  adc.o(.text.MX_ADC5_Init)
    __arm_cp.0_0                             0x0800378c   Number         4  adc.o(.text.MX_ADC5_Init)
    __arm_cp.0_1                             0x08003790   Number         4  adc.o(.text.MX_ADC5_Init)
    __arm_cp.0_2                             0x08003794   Number         4  adc.o(.text.MX_ADC5_Init)
    __arm_cp.0_3                             0x08003798   Number         4  adc.o(.text.MX_ADC5_Init)
    [Anonymous Symbol]                       0x0800379c   Section        0  dma.o(.text.MX_DMA_Init)
    __arm_cp.0_0                             0x080037e8   Number         4  dma.o(.text.MX_DMA_Init)
    [Anonymous Symbol]                       0x080037ec   Section        0  gpio.o(.text.MX_GPIO_Init)
    __arm_cp.0_0                             0x0800382c   Number         4  gpio.o(.text.MX_GPIO_Init)
    [Anonymous Symbol]                       0x08003830   Section        0  hrtim.o(.text.MX_HRTIM1_Init)
    __arm_cp.0_0                             0x080039f8   Number         4  hrtim.o(.text.MX_HRTIM1_Init)
    __arm_cp.0_1                             0x080039fc   Number         4  hrtim.o(.text.MX_HRTIM1_Init)
    [Anonymous Symbol]                       0x08003a00   Section        0  tim.o(.text.MX_TIM1_Init)
    [Anonymous Symbol]                       0x08003a7c   Section        0  tim.o(.text.MX_TIM2_Init)
    __arm_cp.1_1                             0x08003b18   Number         4  tim.o(.text.MX_TIM2_Init)
    [Anonymous Symbol]                       0x08003b1c   Section        0  usart.o(.text.MX_USART1_UART_Init)
    __arm_cp.0_0                             0x08003b7c   Number         4  usart.o(.text.MX_USART1_UART_Init)
    __arm_cp.0_1                             0x08003b80   Number         4  usart.o(.text.MX_USART1_UART_Init)
    [Anonymous Symbol]                       0x08003b84   Section        0  stm32g4xx_it.o(.text.MemManage_Handler)
    [Anonymous Symbol]                       0x08003b86   Section        0  stm32g4xx_it.o(.text.NMI_Handler)
    [Anonymous Symbol]                       0x08003b88   Section        0  stm32g4xx_it.o(.text.PendSV_Handler)
    [Anonymous Symbol]                       0x08003b8a   Section        0  stm32g4xx_it.o(.text.SVC_Handler)
    [Anonymous Symbol]                       0x08003b8c   Section        0  util.o(.text.Saturation_float)
    [Anonymous Symbol]                       0x08003bb4   Section        0  util.o(.text.Saturation_int)
    [Anonymous Symbol]                       0x08003bc8   Section        0  wpt_tx.o(.text.SetCapDuty)
    __arm_cp.2_0                             0x08003c08   Number         4  wpt_tx.o(.text.SetCapDuty)
    [Anonymous Symbol]                       0x08003c10   Section        0  wpt_tx.o(.text.SetSwitchFreq)
    __arm_cp.1_1                             0x08003c68   Number         4  wpt_tx.o(.text.SetSwitchFreq)
    [Anonymous Symbol]                       0x08003c6c   Section        0  stm32g4xx_it.o(.text.SysTick_Handler)
    [Anonymous Symbol]                       0x08003c70   Section        0  main.o(.text.SystemClock_Config)
    [Anonymous Symbol]                       0x08003ce4   Section        0  system_stm32g4xx.o(.text.SystemInit)
    __arm_cp.0_0                             0x08003cfc   Number         4  system_stm32g4xx.o(.text.SystemInit)
    [Anonymous Symbol]                       0x08003d00   Section        0  stm32g4xx_it.o(.text.TIM1_UP_TIM16_IRQHandler)
    __arm_cp.11_0                            0x08003d24   Number         4  stm32g4xx_it.o(.text.TIM1_UP_TIM16_IRQHandler)
    [Anonymous Symbol]                       0x08003d28   Section        0  stm32g4xx_it.o(.text.TIM2_IRQHandler)
    __arm_cp.12_0                            0x08003d30   Number         4  stm32g4xx_it.o(.text.TIM2_IRQHandler)
    [Anonymous Symbol]                       0x08003d34   Section        0  stm32g4xx_hal_tim.o(.text.TIM_Base_SetConfig)
    __arm_cp.2_3                             0x08003de4   Number         4  stm32g4xx_hal_tim.o(.text.TIM_Base_SetConfig)
    __arm_cp.2_7                             0x08003de8   Number         4  stm32g4xx_hal_tim.o(.text.TIM_Base_SetConfig)
    __arm_cp.2_8                             0x08003dec   Number         4  stm32g4xx_hal_tim.o(.text.TIM_Base_SetConfig)
    __arm_cp.2_9                             0x08003df0   Number         4  stm32g4xx_hal_tim.o(.text.TIM_Base_SetConfig)
    [Anonymous Symbol]                       0x08003df4   Section        0  tim.o(.text.TIM_Enable)
    __arm_cp.4_0                             0x08003e0c   Number         4  tim.o(.text.TIM_Enable)
    TIM_TI1_ConfigInputStage                 0x08003e11   Thumb Code    34  stm32g4xx_hal_tim.o(.text.TIM_TI1_ConfigInputStage)
    [Anonymous Symbol]                       0x08003e10   Section        0  stm32g4xx_hal_tim.o(.text.TIM_TI1_ConfigInputStage)
    [Anonymous Symbol]                       0x08003e34   Section        0  stm32g4xx_hal_tim.o(.text.TIM_TI1_SetConfig)
    __arm_cp.81_0                            0x08003e9c   Number         4  stm32g4xx_hal_tim.o(.text.TIM_TI1_SetConfig)
    __arm_cp.81_1                            0x08003ea0   Number         4  stm32g4xx_hal_tim.o(.text.TIM_TI1_SetConfig)
    __arm_cp.81_2                            0x08003ea4   Number         4  stm32g4xx_hal_tim.o(.text.TIM_TI1_SetConfig)
    __arm_cp.81_3                            0x08003ea8   Number         4  stm32g4xx_hal_tim.o(.text.TIM_TI1_SetConfig)
    __arm_cp.81_4                            0x08003eac   Number         4  stm32g4xx_hal_tim.o(.text.TIM_TI1_SetConfig)
    __arm_cp.81_5                            0x08003eb0   Number         4  stm32g4xx_hal_tim.o(.text.TIM_TI1_SetConfig)
    __arm_cp.81_6                            0x08003eb4   Number         4  stm32g4xx_hal_tim.o(.text.TIM_TI1_SetConfig)
    TIM_TI2_ConfigInputStage                 0x08003eb9   Thumb Code    34  stm32g4xx_hal_tim.o(.text.TIM_TI2_ConfigInputStage)
    [Anonymous Symbol]                       0x08003eb8   Section        0  stm32g4xx_hal_tim.o(.text.TIM_TI2_ConfigInputStage)
    TIM_TI2_SetConfig                        0x08003edb   Thumb Code    56  stm32g4xx_hal_tim.o(.text.TIM_TI2_SetConfig)
    [Anonymous Symbol]                       0x08003eda   Section        0  stm32g4xx_hal_tim.o(.text.TIM_TI2_SetConfig)
    UARTEx_SetNbDataToProcess                0x08003f15   Thumb Code    84  stm32g4xx_hal_uart_ex.o(.text.UARTEx_SetNbDataToProcess)
    [Anonymous Symbol]                       0x08003f14   Section        0  stm32g4xx_hal_uart_ex.o(.text.UARTEx_SetNbDataToProcess)
    __arm_cp.9_0                             0x08003f60   Number         4  stm32g4xx_hal_uart_ex.o(.text.UARTEx_SetNbDataToProcess)
    __arm_cp.9_1                             0x08003f64   Number         4  stm32g4xx_hal_uart_ex.o(.text.UARTEx_SetNbDataToProcess)
    [Anonymous Symbol]                       0x08003f68   Section        0  stm32g4xx_hal_uart.o(.text.UART_AdvFeatureConfig)
    [Anonymous Symbol]                       0x0800403c   Section        0  stm32g4xx_hal_uart.o(.text.UART_CheckIdleState)
    __arm_cp.4_0                             0x0800409c   Number         4  stm32g4xx_hal_uart.o(.text.UART_CheckIdleState)
    UART_DMAAbortOnError                     0x080040a1   Thumb Code    16  stm32g4xx_hal_uart.o(.text.UART_DMAAbortOnError)
    [Anonymous Symbol]                       0x080040a0   Section        0  stm32g4xx_hal_uart.o(.text.UART_DMAAbortOnError)
    [Anonymous Symbol]                       0x080040b0   Section        0  usart.o(.text.UART_Enable)
    UART_EndRxTransfer                       0x080040c1   Thumb Code    36  stm32g4xx_hal_uart.o(.text.UART_EndRxTransfer)
    [Anonymous Symbol]                       0x080040c0   Section        0  stm32g4xx_hal_uart.o(.text.UART_EndRxTransfer)
    __arm_cp.34_0                            0x080040e0   Number         4  stm32g4xx_hal_uart.o(.text.UART_EndRxTransfer)
    [Anonymous Symbol]                       0x080040e4   Section        0  stm32g4xx_hal_uart.o(.text.UART_SetConfig)
    __arm_cp.2_0                             0x080042e4   Number         4  stm32g4xx_hal_uart.o(.text.UART_SetConfig)
    __arm_cp.2_1                             0x080042e8   Number         4  stm32g4xx_hal_uart.o(.text.UART_SetConfig)
    __arm_cp.2_2                             0x080042ec   Number         4  stm32g4xx_hal_uart.o(.text.UART_SetConfig)
    __arm_cp.2_3                             0x080042f0   Number         4  stm32g4xx_hal_uart.o(.text.UART_SetConfig)
    __arm_cp.2_4                             0x080042f4   Number         4  stm32g4xx_hal_uart.o(.text.UART_SetConfig)
    __arm_cp.2_5                             0x080042f8   Number         4  stm32g4xx_hal_uart.o(.text.UART_SetConfig)
    __arm_cp.2_6                             0x080042fc   Number         4  stm32g4xx_hal_uart.o(.text.UART_SetConfig)
    __arm_cp.2_7                             0x08004300   Number         4  stm32g4xx_hal_uart.o(.text.UART_SetConfig)
    __arm_cp.2_8                             0x08004304   Number         4  stm32g4xx_hal_uart.o(.text.UART_SetConfig)
    __arm_cp.2_9                             0x08004308   Number         4  stm32g4xx_hal_uart.o(.text.UART_SetConfig)
    __arm_cp.2_10                            0x0800430c   Number         4  stm32g4xx_hal_uart.o(.text.UART_SetConfig)
    __arm_cp.2_11                            0x08004310   Number         4  stm32g4xx_hal_uart.o(.text.UART_SetConfig)
    __arm_cp.2_12                            0x08004314   Number         4  stm32g4xx_hal_uart.o(.text.UART_SetConfig)
    [Anonymous Symbol]                       0x08004318   Section        0  stm32g4xx_hal_uart.o(.text.UART_WaitOnFlagUntilTimeout)
    [Anonymous Symbol]                       0x080043b8   Section        0  stm32g4xx_it.o(.text.USART1_IRQHandler)
    __arm_cp.13_0                            0x080043c0   Number         4  stm32g4xx_it.o(.text.USART1_IRQHandler)
    [Anonymous Symbol]                       0x080043c4   Section        0  stm32g4xx_it.o(.text.UsageFault_Handler)
    [Anonymous Symbol]                       0x080043c8   Section        0  wpt_tx.o(.text.WPT_Tx_Init)
    __arm_cp.0_0                             0x08004400   Number         4  wpt_tx.o(.text.WPT_Tx_Init)
    __arm_cp.0_1                             0x08004404   Number         4  wpt_tx.o(.text.WPT_Tx_Init)
    __arm_cp.0_3                             0x0800440c   Number         4  wpt_tx.o(.text.WPT_Tx_Init)
    __arm_cp.0_4                             0x08004410   Number         4  wpt_tx.o(.text.WPT_Tx_Init)
    __arm_cp.0_5                             0x08004414   Number         4  wpt_tx.o(.text.WPT_Tx_Init)
    __arm_cp.0_6                             0x08004418   Number         4  wpt_tx.o(.text.WPT_Tx_Init)
    __NVIC_SetPriority                       0x0800441d   Thumb Code    36  stm32g4xx_hal_cortex.o(.text.__NVIC_SetPriority)
    [Anonymous Symbol]                       0x0800441c   Section        0  stm32g4xx_hal_cortex.o(.text.__NVIC_SetPriority)
    __arm_cp.2_0                             0x08004438   Number         4  stm32g4xx_hal_cortex.o(.text.__NVIC_SetPriority)
    __arm_cp.2_1                             0x0800443c   Number         4  stm32g4xx_hal_cortex.o(.text.__NVIC_SetPriority)
    [Anonymous Symbol]                       0x08004440   Section        0  main.o(.text.main)
    $v0                                      0x0800447c   Number         0  ddiv.o(x$fpl$ddiv)
    x$fpl$ddiv                               0x0800447c   Section      688  ddiv.o(x$fpl$ddiv)
    ddiv_entry                               0x08004483   Thumb Code     0  ddiv.o(x$fpl$ddiv)
    $v0                                      0x0800472c   Number         0  dfix.o(x$fpl$dfix)
    x$fpl$dfix                               0x0800472c   Section       94  dfix.o(x$fpl$dfix)
    $v0                                      0x0800478a   Number         0  dnaninf.o(x$fpl$dnaninf)
    x$fpl$dnaninf                            0x0800478a   Section      156  dnaninf.o(x$fpl$dnaninf)
    $v0                                      0x08004826   Number         0  dretinf.o(x$fpl$dretinf)
    x$fpl$dretinf                            0x08004826   Section       12  dretinf.o(x$fpl$dretinf)
    $v0                                      0x08004834   Number         0  f2d.o(x$fpl$f2d)
    x$fpl$f2d                                0x08004834   Section       86  f2d.o(x$fpl$f2d)
    $v0                                      0x0800488a   Number         0  fnaninf.o(x$fpl$fnaninf)
    x$fpl$fnaninf                            0x0800488a   Section      140  fnaninf.o(x$fpl$fnaninf)
    $v0                                      0x08004916   Number         0  fpinit.o(x$fpl$fpinit)
    x$fpl$fpinit                             0x08004916   Section       26  fpinit.o(x$fpl$fpinit)
    x$fpl$usenofp                            0x08004930   Section        0  usenofp.o(x$fpl$usenofp)
    .LUARTEx_SetNbDataToProcess.numerator    0x08004960   Data           8  stm32g4xx_hal_uart_ex.o(.rodata.cst8)
    .LUARTEx_SetNbDataToProcess.denominator  0x08004968   Data           8  stm32g4xx_hal_uart_ex.o(.rodata.cst8)
    [Anonymous Symbol]                       0x20000000   Section        0  stm32g4xx_hal.o(.data..L_MergedGlobals)
    .bss                                     0x20000010   Section       96  libspace.o(.bss)
    Heap_Mem                                 0x200003e8   Data         512  startup_stm32g474xx.o(HEAP)
    HEAP                                     0x200003e8   Section      512  startup_stm32g474xx.o(HEAP)
    Stack_Mem                                0x200005e8   Data        1024  startup_stm32g474xx.o(STACK)
    STACK                                    0x200005e8   Section     1024  startup_stm32g474xx.o(STACK)
    __initial_sp                             0x200009e8   Data           0  startup_stm32g474xx.o(STACK)

    Global Symbols

    Symbol Name                              Value     Ov Type        Size  Object(Section)

    BuildAttributes$$THM_ISAv4$E$P$D$K$B$S$7EM$VFPi3$EXTD16$VFPS$VFMA$PE$A:L22UL41UL21$X:L11$S22US41US21$IEEE1$IW$~IW$USESV6$~STKCKD$USESV7$~SHL$OSPACE$ROPI$EBA8$UX$STANDARDLIB$REQ8$PRES8$EABIv2 0x00000000   Number         0  anon$$obj.o ABSOLUTE
    __ARM_exceptions_init                     - Undefined Weak Reference
    __alloca_initialize                       - Undefined Weak Reference
    __arm_preinit_                            - Undefined Weak Reference
    __cpp_initialize__aeabi_                  - Undefined Weak Reference
    __cxa_finalize                            - Undefined Weak Reference
    __rt_locale                               - Undefined Weak Reference
    __sigvec_lookup                           - Undefined Weak Reference
    _atexit_init                              - Undefined Weak Reference
    _call_atexit_fns                          - Undefined Weak Reference
    _clock_init                               - Undefined Weak Reference
    _fp_trap_init                             - Undefined Weak Reference
    _fp_trap_shutdown                         - Undefined Weak Reference
    _get_lc_collate                           - Undefined Weak Reference
    _get_lc_ctype                             - Undefined Weak Reference
    _get_lc_monetary                          - Undefined Weak Reference
    _get_lc_numeric                           - Undefined Weak Reference
    _get_lc_time                              - Undefined Weak Reference
    _getenv_init                              - Undefined Weak Reference
    _handle_redirection                       - Undefined Weak Reference
    _init_alloc                               - Undefined Weak Reference
    _init_user_alloc                          - Undefined Weak Reference
    _initio                                   - Undefined Weak Reference
    _rand_init                                - Undefined Weak Reference
    _signal_finish                            - Undefined Weak Reference
    _signal_init                              - Undefined Weak Reference
    _terminate_alloc                          - Undefined Weak Reference
    _terminate_user_alloc                     - Undefined Weak Reference
    _terminateio                              - Undefined Weak Reference
    __Vectors_Size                           0x000001d8   Number         0  startup_stm32g474xx.o ABSOLUTE
    __Vectors                                0x08000000   Data           4  startup_stm32g474xx.o(RESET)
    __Vectors_End                            0x080001d8   Data           0  startup_stm32g474xx.o(RESET)
    __main                                   0x080001d9   Thumb Code     8  __main.o(!!!main)
    __scatterload                            0x080001e1   Thumb Code     0  __scatter.o(!!!scatter)
    __scatterload_rt2                        0x080001e1   Thumb Code    44  __scatter.o(!!!scatter)
    __scatterload_rt2_thumb_only             0x080001e1   Thumb Code     0  __scatter.o(!!!scatter)
    __scatterload_null                       0x080001ef   Thumb Code     0  __scatter.o(!!!scatter)
    __scatterload_copy                       0x08000215   Thumb Code    26  __scatter_copy.o(!!handler_copy)
    __scatterload_zeroinit                   0x08000231   Thumb Code    28  __scatter_zi.o(!!handler_zi)
    __rt_lib_init                            0x0800024d   Thumb Code     0  libinit.o(.ARM.Collect$$libinit$$00000000)
    __rt_lib_init_fp_1                       0x0800024f   Thumb Code     0  libinit2.o(.ARM.Collect$$libinit$$00000001)
    __rt_lib_init_alloca_1                   0x08000253   Thumb Code     0  libinit2.o(.ARM.Collect$$libinit$$0000002E)
    __rt_lib_init_argv_1                     0x08000253   Thumb Code     0  libinit2.o(.ARM.Collect$$libinit$$0000002C)
    __rt_lib_init_atexit_1                   0x08000253   Thumb Code     0  libinit2.o(.ARM.Collect$$libinit$$0000001B)
    __rt_lib_init_clock_1                    0x08000253   Thumb Code     0  libinit2.o(.ARM.Collect$$libinit$$00000021)
    __rt_lib_init_cpp_1                      0x08000253   Thumb Code     0  libinit2.o(.ARM.Collect$$libinit$$00000032)
    __rt_lib_init_exceptions_1               0x08000253   Thumb Code     0  libinit2.o(.ARM.Collect$$libinit$$00000030)
    __rt_lib_init_fp_trap_1                  0x08000253   Thumb Code     0  libinit2.o(.ARM.Collect$$libinit$$0000001F)
    __rt_lib_init_getenv_1                   0x08000253   Thumb Code     0  libinit2.o(.ARM.Collect$$libinit$$00000023)
    __rt_lib_init_heap_1                     0x08000253   Thumb Code     0  libinit2.o(.ARM.Collect$$libinit$$0000000A)
    __rt_lib_init_lc_collate_1               0x08000253   Thumb Code     0  libinit2.o(.ARM.Collect$$libinit$$00000011)
    __rt_lib_init_lc_ctype_1                 0x08000253   Thumb Code     0  libinit2.o(.ARM.Collect$$libinit$$00000013)
    __rt_lib_init_lc_monetary_1              0x08000253   Thumb Code     0  libinit2.o(.ARM.Collect$$libinit$$00000015)
    __rt_lib_init_lc_numeric_1               0x08000253   Thumb Code     0  libinit2.o(.ARM.Collect$$libinit$$00000017)
    __rt_lib_init_lc_time_1                  0x08000253   Thumb Code     0  libinit2.o(.ARM.Collect$$libinit$$00000019)
    __rt_lib_init_preinit_1                  0x08000253   Thumb Code     0  libinit2.o(.ARM.Collect$$libinit$$00000004)
    __rt_lib_init_rand_1                     0x08000253   Thumb Code     0  libinit2.o(.ARM.Collect$$libinit$$0000000E)
    __rt_lib_init_return                     0x08000253   Thumb Code     0  libinit2.o(.ARM.Collect$$libinit$$00000033)
    __rt_lib_init_signal_1                   0x08000253   Thumb Code     0  libinit2.o(.ARM.Collect$$libinit$$0000001D)
    __rt_lib_init_stdio_1                    0x08000253   Thumb Code     0  libinit2.o(.ARM.Collect$$libinit$$00000025)
    __rt_lib_init_user_alloc_1               0x08000253   Thumb Code     0  libinit2.o(.ARM.Collect$$libinit$$0000000C)
    __rt_lib_shutdown                        0x08000255   Thumb Code     0  libshutdown.o(.ARM.Collect$$libshutdown$$00000000)
    __rt_lib_shutdown_cpp_1                  0x08000257   Thumb Code     0  libshutdown2.o(.ARM.Collect$$libshutdown$$00000002)
    __rt_lib_shutdown_fp_trap_1              0x08000257   Thumb Code     0  libshutdown2.o(.ARM.Collect$$libshutdown$$00000007)
    __rt_lib_shutdown_heap_1                 0x08000257   Thumb Code     0  libshutdown2.o(.ARM.Collect$$libshutdown$$0000000F)
    __rt_lib_shutdown_return                 0x08000257   Thumb Code     0  libshutdown2.o(.ARM.Collect$$libshutdown$$00000010)
    __rt_lib_shutdown_signal_1               0x08000257   Thumb Code     0  libshutdown2.o(.ARM.Collect$$libshutdown$$0000000A)
    __rt_lib_shutdown_stdio_1                0x08000257   Thumb Code     0  libshutdown2.o(.ARM.Collect$$libshutdown$$00000004)
    __rt_lib_shutdown_user_alloc_1           0x08000257   Thumb Code     0  libshutdown2.o(.ARM.Collect$$libshutdown$$0000000C)
    __rt_entry                               0x08000259   Thumb Code     0  __rtentry.o(.ARM.Collect$$rtentry$$00000000)
    __rt_entry_presh_1                       0x08000259   Thumb Code     0  __rtentry2.o(.ARM.Collect$$rtentry$$00000002)
    __rt_entry_sh                            0x08000259   Thumb Code     0  __rtentry4.o(.ARM.Collect$$rtentry$$00000004)
    __rt_entry_li                            0x0800025f   Thumb Code     0  __rtentry2.o(.ARM.Collect$$rtentry$$0000000A)
    __rt_entry_postsh_1                      0x0800025f   Thumb Code     0  __rtentry2.o(.ARM.Collect$$rtentry$$00000009)
    __rt_entry_main                          0x08000263   Thumb Code     0  __rtentry2.o(.ARM.Collect$$rtentry$$0000000D)
    __rt_entry_postli_1                      0x08000263   Thumb Code     0  __rtentry2.o(.ARM.Collect$$rtentry$$0000000C)
    __rt_exit                                0x0800026b   Thumb Code     0  rtexit.o(.ARM.Collect$$rtexit$$00000000)
    __rt_exit_ls                             0x0800026d   Thumb Code     0  rtexit2.o(.ARM.Collect$$rtexit$$00000003)
    __rt_exit_prels_1                        0x0800026d   Thumb Code     0  rtexit2.o(.ARM.Collect$$rtexit$$00000002)
    __rt_exit_exit                           0x08000271   Thumb Code     0  rtexit2.o(.ARM.Collect$$rtexit$$00000004)
    Reset_Handler                            0x08000279   Thumb Code     8  startup_stm32g474xx.o(.text)
    ADC1_2_IRQHandler                        0x08000293   Thumb Code     0  startup_stm32g474xx.o(.text)
    ADC3_IRQHandler                          0x08000293   Thumb Code     0  startup_stm32g474xx.o(.text)
    ADC4_IRQHandler                          0x08000293   Thumb Code     0  startup_stm32g474xx.o(.text)
    ADC5_IRQHandler                          0x08000293   Thumb Code     0  startup_stm32g474xx.o(.text)
    COMP1_2_3_IRQHandler                     0x08000293   Thumb Code     0  startup_stm32g474xx.o(.text)
    COMP4_5_6_IRQHandler                     0x08000293   Thumb Code     0  startup_stm32g474xx.o(.text)
    COMP7_IRQHandler                         0x08000293   Thumb Code     0  startup_stm32g474xx.o(.text)
    CORDIC_IRQHandler                        0x08000293   Thumb Code     0  startup_stm32g474xx.o(.text)
    CRS_IRQHandler                           0x08000293   Thumb Code     0  startup_stm32g474xx.o(.text)
    DMA1_Channel3_IRQHandler                 0x08000293   Thumb Code     0  startup_stm32g474xx.o(.text)
    DMA1_Channel4_IRQHandler                 0x08000293   Thumb Code     0  startup_stm32g474xx.o(.text)
    DMA1_Channel5_IRQHandler                 0x08000293   Thumb Code     0  startup_stm32g474xx.o(.text)
    DMA1_Channel6_IRQHandler                 0x08000293   Thumb Code     0  startup_stm32g474xx.o(.text)
    DMA1_Channel7_IRQHandler                 0x08000293   Thumb Code     0  startup_stm32g474xx.o(.text)
    DMA1_Channel8_IRQHandler                 0x08000293   Thumb Code     0  startup_stm32g474xx.o(.text)
    DMA2_Channel1_IRQHandler                 0x08000293   Thumb Code     0  startup_stm32g474xx.o(.text)
    DMA2_Channel2_IRQHandler                 0x08000293   Thumb Code     0  startup_stm32g474xx.o(.text)
    DMA2_Channel3_IRQHandler                 0x08000293   Thumb Code     0  startup_stm32g474xx.o(.text)
    DMA2_Channel4_IRQHandler                 0x08000293   Thumb Code     0  startup_stm32g474xx.o(.text)
    DMA2_Channel5_IRQHandler                 0x08000293   Thumb Code     0  startup_stm32g474xx.o(.text)
    DMA2_Channel6_IRQHandler                 0x08000293   Thumb Code     0  startup_stm32g474xx.o(.text)
    DMA2_Channel7_IRQHandler                 0x08000293   Thumb Code     0  startup_stm32g474xx.o(.text)
    DMA2_Channel8_IRQHandler                 0x08000293   Thumb Code     0  startup_stm32g474xx.o(.text)
    DMAMUX_OVR_IRQHandler                    0x08000293   Thumb Code     0  startup_stm32g474xx.o(.text)
    EXTI0_IRQHandler                         0x08000293   Thumb Code     0  startup_stm32g474xx.o(.text)
    EXTI15_10_IRQHandler                     0x08000293   Thumb Code     0  startup_stm32g474xx.o(.text)
    EXTI1_IRQHandler                         0x08000293   Thumb Code     0  startup_stm32g474xx.o(.text)
    EXTI2_IRQHandler                         0x08000293   Thumb Code     0  startup_stm32g474xx.o(.text)
    EXTI3_IRQHandler                         0x08000293   Thumb Code     0  startup_stm32g474xx.o(.text)
    EXTI4_IRQHandler                         0x08000293   Thumb Code     0  startup_stm32g474xx.o(.text)
    EXTI9_5_IRQHandler                       0x08000293   Thumb Code     0  startup_stm32g474xx.o(.text)
    FDCAN1_IT0_IRQHandler                    0x08000293   Thumb Code     0  startup_stm32g474xx.o(.text)
    FDCAN1_IT1_IRQHandler                    0x08000293   Thumb Code     0  startup_stm32g474xx.o(.text)
    FDCAN2_IT0_IRQHandler                    0x08000293   Thumb Code     0  startup_stm32g474xx.o(.text)
    FDCAN2_IT1_IRQHandler                    0x08000293   Thumb Code     0  startup_stm32g474xx.o(.text)
    FDCAN3_IT0_IRQHandler                    0x08000293   Thumb Code     0  startup_stm32g474xx.o(.text)
    FDCAN3_IT1_IRQHandler                    0x08000293   Thumb Code     0  startup_stm32g474xx.o(.text)
    FLASH_IRQHandler                         0x08000293   Thumb Code     0  startup_stm32g474xx.o(.text)
    FMAC_IRQHandler                          0x08000293   Thumb Code     0  startup_stm32g474xx.o(.text)
    FMC_IRQHandler                           0x08000293   Thumb Code     0  startup_stm32g474xx.o(.text)
    FPU_IRQHandler                           0x08000293   Thumb Code     0  startup_stm32g474xx.o(.text)
    HRTIM1_FLT_IRQHandler                    0x08000293   Thumb Code     0  startup_stm32g474xx.o(.text)
    HRTIM1_Master_IRQHandler                 0x08000293   Thumb Code     0  startup_stm32g474xx.o(.text)
    HRTIM1_TIMA_IRQHandler                   0x08000293   Thumb Code     0  startup_stm32g474xx.o(.text)
    HRTIM1_TIMB_IRQHandler                   0x08000293   Thumb Code     0  startup_stm32g474xx.o(.text)
    HRTIM1_TIMD_IRQHandler                   0x08000293   Thumb Code     0  startup_stm32g474xx.o(.text)
    HRTIM1_TIME_IRQHandler                   0x08000293   Thumb Code     0  startup_stm32g474xx.o(.text)
    HRTIM1_TIMF_IRQHandler                   0x08000293   Thumb Code     0  startup_stm32g474xx.o(.text)
    I2C1_ER_IRQHandler                       0x08000293   Thumb Code     0  startup_stm32g474xx.o(.text)
    I2C1_EV_IRQHandler                       0x08000293   Thumb Code     0  startup_stm32g474xx.o(.text)
    I2C2_ER_IRQHandler                       0x08000293   Thumb Code     0  startup_stm32g474xx.o(.text)
    I2C2_EV_IRQHandler                       0x08000293   Thumb Code     0  startup_stm32g474xx.o(.text)
    I2C3_ER_IRQHandler                       0x08000293   Thumb Code     0  startup_stm32g474xx.o(.text)
    I2C3_EV_IRQHandler                       0x08000293   Thumb Code     0  startup_stm32g474xx.o(.text)
    I2C4_ER_IRQHandler                       0x08000293   Thumb Code     0  startup_stm32g474xx.o(.text)
    I2C4_EV_IRQHandler                       0x08000293   Thumb Code     0  startup_stm32g474xx.o(.text)
    LPTIM1_IRQHandler                        0x08000293   Thumb Code     0  startup_stm32g474xx.o(.text)
    LPUART1_IRQHandler                       0x08000293   Thumb Code     0  startup_stm32g474xx.o(.text)
    PVD_PVM_IRQHandler                       0x08000293   Thumb Code     0  startup_stm32g474xx.o(.text)
    QUADSPI_IRQHandler                       0x08000293   Thumb Code     0  startup_stm32g474xx.o(.text)
    RCC_IRQHandler                           0x08000293   Thumb Code     0  startup_stm32g474xx.o(.text)
    RNG_IRQHandler                           0x08000293   Thumb Code     0  startup_stm32g474xx.o(.text)
    RTC_Alarm_IRQHandler                     0x08000293   Thumb Code     0  startup_stm32g474xx.o(.text)
    RTC_TAMP_LSECSS_IRQHandler               0x08000293   Thumb Code     0  startup_stm32g474xx.o(.text)
    RTC_WKUP_IRQHandler                      0x08000293   Thumb Code     0  startup_stm32g474xx.o(.text)
    SAI1_IRQHandler                          0x08000293   Thumb Code     0  startup_stm32g474xx.o(.text)
    SPI1_IRQHandler                          0x08000293   Thumb Code     0  startup_stm32g474xx.o(.text)
    SPI2_IRQHandler                          0x08000293   Thumb Code     0  startup_stm32g474xx.o(.text)
    SPI3_IRQHandler                          0x08000293   Thumb Code     0  startup_stm32g474xx.o(.text)
    SPI4_IRQHandler                          0x08000293   Thumb Code     0  startup_stm32g474xx.o(.text)
    TIM1_BRK_TIM15_IRQHandler                0x08000293   Thumb Code     0  startup_stm32g474xx.o(.text)
    TIM1_CC_IRQHandler                       0x08000293   Thumb Code     0  startup_stm32g474xx.o(.text)
    TIM1_TRG_COM_TIM17_IRQHandler            0x08000293   Thumb Code     0  startup_stm32g474xx.o(.text)
    TIM20_BRK_IRQHandler                     0x08000293   Thumb Code     0  startup_stm32g474xx.o(.text)
    TIM20_CC_IRQHandler                      0x08000293   Thumb Code     0  startup_stm32g474xx.o(.text)
    TIM20_TRG_COM_IRQHandler                 0x08000293   Thumb Code     0  startup_stm32g474xx.o(.text)
    TIM20_UP_IRQHandler                      0x08000293   Thumb Code     0  startup_stm32g474xx.o(.text)
    TIM3_IRQHandler                          0x08000293   Thumb Code     0  startup_stm32g474xx.o(.text)
    TIM4_IRQHandler                          0x08000293   Thumb Code     0  startup_stm32g474xx.o(.text)
    TIM5_IRQHandler                          0x08000293   Thumb Code     0  startup_stm32g474xx.o(.text)
    TIM6_DAC_IRQHandler                      0x08000293   Thumb Code     0  startup_stm32g474xx.o(.text)
    TIM7_DAC_IRQHandler                      0x08000293   Thumb Code     0  startup_stm32g474xx.o(.text)
    TIM8_BRK_IRQHandler                      0x08000293   Thumb Code     0  startup_stm32g474xx.o(.text)
    TIM8_CC_IRQHandler                       0x08000293   Thumb Code     0  startup_stm32g474xx.o(.text)
    TIM8_TRG_COM_IRQHandler                  0x08000293   Thumb Code     0  startup_stm32g474xx.o(.text)
    TIM8_UP_IRQHandler                       0x08000293   Thumb Code     0  startup_stm32g474xx.o(.text)
    UART4_IRQHandler                         0x08000293   Thumb Code     0  startup_stm32g474xx.o(.text)
    UART5_IRQHandler                         0x08000293   Thumb Code     0  startup_stm32g474xx.o(.text)
    UCPD1_IRQHandler                         0x08000293   Thumb Code     0  startup_stm32g474xx.o(.text)
    USART2_IRQHandler                        0x08000293   Thumb Code     0  startup_stm32g474xx.o(.text)
    USART3_IRQHandler                        0x08000293   Thumb Code     0  startup_stm32g474xx.o(.text)
    USBWakeUp_IRQHandler                     0x08000293   Thumb Code     0  startup_stm32g474xx.o(.text)
    USB_HP_IRQHandler                        0x08000293   Thumb Code     0  startup_stm32g474xx.o(.text)
    USB_LP_IRQHandler                        0x08000293   Thumb Code     0  startup_stm32g474xx.o(.text)
    WWDG_IRQHandler                          0x08000293   Thumb Code     0  startup_stm32g474xx.o(.text)
    __user_initial_stackheap                 0x08000295   Thumb Code     0  startup_stm32g474xx.o(.text)
    __aeabi_uldivmod                         0x080002b9   Thumb Code     0  lludivv7m.o(.text)
    _ll_udiv                                 0x080002b9   Thumb Code   238  lludivv7m.o(.text)
    __aeabi_memclr4                          0x080003a7   Thumb Code     0  rt_memclr_w.o(.text)
    __aeabi_memclr8                          0x080003a7   Thumb Code     0  rt_memclr_w.o(.text)
    __rt_memclr_w                            0x080003a7   Thumb Code    78  rt_memclr_w.o(.text)
    _memset_w                                0x080003ab   Thumb Code     0  rt_memclr_w.o(.text)
    __use_two_region_memory                  0x080003f5   Thumb Code     2  heapauxi.o(.text)
    __rt_heap_escrow$2region                 0x080003f7   Thumb Code     2  heapauxi.o(.text)
    __rt_heap_expand$2region                 0x080003f9   Thumb Code     2  heapauxi.o(.text)
    __user_setup_stackheap                   0x080003fb   Thumb Code    74  sys_stackheap_outer.o(.text)
    exit                                     0x08000445   Thumb Code    18  exit.o(.text)
    __user_libspace                          0x08000459   Thumb Code     8  libspace.o(.text)
    __user_perproc_libspace                  0x08000459   Thumb Code     0  libspace.o(.text)
    __user_perthread_libspace                0x08000459   Thumb Code     0  libspace.o(.text)
    _sys_exit                                0x08000461   Thumb Code     8  sys_exit.o(.text)
    __I$use$semihosting                      0x0800046d   Thumb Code     0  use_no_semi.o(.text)
    __use_no_semihosting_swi                 0x0800046d   Thumb Code     2  use_no_semi.o(.text)
    __semihosting_library_function           0x0800046f   Thumb Code     0  indicate_semi.o(.text)
    ADC_ConversionStop                       0x08000471   Thumb Code   196  stm32g4xx_hal_adc.o(.text.ADC_ConversionStop)
    ADC_DMAConvCplt                          0x08000531   Thumb Code    94  stm32g4xx_hal_adc.o(.text.ADC_DMAConvCplt)
    ADC_DMAError                             0x0800058f   Thumb Code    22  stm32g4xx_hal_adc.o(.text.ADC_DMAError)
    ADC_DMAHalfConvCplt                      0x080005a5   Thumb Code     6  stm32g4xx_hal_adc.o(.text.ADC_DMAHalfConvCplt)
    ADC_Disable                              0x080005ad   Thumb Code   104  stm32g4xx_hal_adc.o(.text.ADC_Disable)
    ADC_Enable                               0x08000611   Thumb Code   104  stm32g4xx_hal_adc.o(.text.ADC_Enable)
    ADConvert_Enable                         0x08000679   Thumb Code    44  wpt_tx.o(.text.ADConvert_Enable)
    BusFault_Handler                         0x0800069d   Thumb Code     2  stm32g4xx_it.o(.text.BusFault_Handler)
    DMA1_Channel1_IRQHandler                 0x080006a1   Thumb Code    28  stm32g4xx_it.o(.text.DMA1_Channel1_IRQHandler)
    DMA1_Channel2_IRQHandler                 0x080006bd   Thumb Code    12  stm32g4xx_it.o(.text.DMA1_Channel2_IRQHandler)
    DebugMon_Handler                         0x0800077b   Thumb Code     2  stm32g4xx_it.o(.text.DebugMon_Handler)
    Error_Handler                            0x0800077d   Thumb Code     2  main.o(.text.Error_Handler)
    GetVolCurr                               0x08000781   Thumb Code    60  wpt_tx.o(.text.GetVolCurr)
    HAL_ADC_ConfigChannel                    0x080007bd   Thumb Code   864  stm32g4xx_hal_adc.o(.text.HAL_ADC_ConfigChannel)
    HAL_ADC_ConvCpltCallback                 0x08000b0d   Thumb Code     2  stm32g4xx_hal_adc.o(.text.HAL_ADC_ConvCpltCallback)
    HAL_ADC_ConvHalfCpltCallback             0x08000b0f   Thumb Code     2  stm32g4xx_hal_adc.o(.text.HAL_ADC_ConvHalfCpltCallback)
    HAL_ADC_ErrorCallback                    0x08000b11   Thumb Code     2  stm32g4xx_hal_adc.o(.text.HAL_ADC_ErrorCallback)
    HAL_ADC_Init                             0x08000b15   Thumb Code   516  stm32g4xx_hal_adc.o(.text.HAL_ADC_Init)
    HAL_ADC_MspInit                          0x08000d19   Thumb Code   164  adc.o(.text.HAL_ADC_MspInit)
    HAL_ADC_Start_DMA                        0x08000dbd   Thumb Code   272  stm32g4xx_hal_adc.o(.text.HAL_ADC_Start_DMA)
    HAL_ADC_Stop                             0x08000ecd   Thumb Code    62  stm32g4xx_hal_adc.o(.text.HAL_ADC_Stop)
    HAL_DMA_Abort_IT                         0x08000f0b   Thumb Code   122  stm32g4xx_hal_dma.o(.text.HAL_DMA_Abort_IT)
    HAL_DMA_IRQHandler                       0x08000f85   Thumb Code   164  stm32g4xx_hal_dma.o(.text.HAL_DMA_IRQHandler)
    HAL_DMA_Init                             0x08001029   Thumb Code   192  stm32g4xx_hal_dma.o(.text.HAL_DMA_Init)
    HAL_DMA_Start_IT                         0x080010e9   Thumb Code   136  stm32g4xx_hal_dma.o(.text.HAL_DMA_Start_IT)
    HAL_Delay                                0x08001171   Thumb Code    36  stm32g4xx_hal.o(.text.HAL_Delay)
    HAL_GPIO_Init                            0x08001195   Thumb Code   380  stm32g4xx_hal_gpio.o(.text.HAL_GPIO_Init)
    HAL_GetTick                              0x08001311   Thumb Code    12  stm32g4xx_hal.o(.text.HAL_GetTick)
    HAL_HRTIM_BurstModePeriodCallback        0x0800131d   Thumb Code     2  stm32g4xx_hal_hrtim.o(.text.HAL_HRTIM_BurstModePeriodCallback)
    HAL_HRTIM_Capture1EventCallback          0x0800131f   Thumb Code     2  stm32g4xx_hal_hrtim.o(.text.HAL_HRTIM_Capture1EventCallback)
    HAL_HRTIM_Capture2EventCallback          0x08001321   Thumb Code     2  stm32g4xx_hal_hrtim.o(.text.HAL_HRTIM_Capture2EventCallback)
    HAL_HRTIM_Compare1EventCallback          0x08001323   Thumb Code     2  stm32g4xx_hal_hrtim.o(.text.HAL_HRTIM_Compare1EventCallback)
    HAL_HRTIM_Compare2EventCallback          0x08001325   Thumb Code     2  stm32g4xx_hal_hrtim.o(.text.HAL_HRTIM_Compare2EventCallback)
    HAL_HRTIM_Compare3EventCallback          0x08001327   Thumb Code     2  stm32g4xx_hal_hrtim.o(.text.HAL_HRTIM_Compare3EventCallback)
    HAL_HRTIM_Compare4EventCallback          0x08001329   Thumb Code     2  stm32g4xx_hal_hrtim.o(.text.HAL_HRTIM_Compare4EventCallback)
    HAL_HRTIM_CounterResetCallback           0x0800132b   Thumb Code     2  stm32g4xx_hal_hrtim.o(.text.HAL_HRTIM_CounterResetCallback)
    HAL_HRTIM_DLLCalibrationReadyCallback    0x0800132d   Thumb Code     2  stm32g4xx_hal_hrtim.o(.text.HAL_HRTIM_DLLCalibrationReadyCallback)
    HAL_HRTIM_DLLCalibrationStart            0x0800132f   Thumb Code    82  stm32g4xx_hal_hrtim.o(.text.HAL_HRTIM_DLLCalibrationStart)
    HAL_HRTIM_DeadTimeConfig                 0x08001381   Thumb Code   152  stm32g4xx_hal_hrtim.o(.text.HAL_HRTIM_DeadTimeConfig)
    HAL_HRTIM_DelayedProtectionCallback      0x08001419   Thumb Code     2  stm32g4xx_hal_hrtim.o(.text.HAL_HRTIM_DelayedProtectionCallback)
    HAL_HRTIM_Fault1Callback                 0x0800141b   Thumb Code     2  stm32g4xx_hal_hrtim.o(.text.HAL_HRTIM_Fault1Callback)
    HAL_HRTIM_Fault2Callback                 0x0800141d   Thumb Code     2  stm32g4xx_hal_hrtim.o(.text.HAL_HRTIM_Fault2Callback)
    HAL_HRTIM_Fault3Callback                 0x0800141f   Thumb Code     2  stm32g4xx_hal_hrtim.o(.text.HAL_HRTIM_Fault3Callback)
    HAL_HRTIM_Fault4Callback                 0x08001421   Thumb Code     2  stm32g4xx_hal_hrtim.o(.text.HAL_HRTIM_Fault4Callback)
    HAL_HRTIM_Fault5Callback                 0x08001423   Thumb Code     2  stm32g4xx_hal_hrtim.o(.text.HAL_HRTIM_Fault5Callback)
    HAL_HRTIM_Fault6Callback                 0x08001425   Thumb Code     2  stm32g4xx_hal_hrtim.o(.text.HAL_HRTIM_Fault6Callback)
    HAL_HRTIM_IRQHandler                     0x08001427   Thumb Code  1180  stm32g4xx_hal_hrtim.o(.text.HAL_HRTIM_IRQHandler)
    HAL_HRTIM_Init                           0x080018c5   Thumb Code   160  stm32g4xx_hal_hrtim.o(.text.HAL_HRTIM_Init)
    HAL_HRTIM_MspInit                        0x0800195d   Thumb Code    60  hrtim.o(.text.HAL_HRTIM_MspInit)
    HAL_HRTIM_MspPostInit                    0x08001995   Thumb Code    88  hrtim.o(.text.HAL_HRTIM_MspPostInit)
    HAL_HRTIM_Output1ResetCallback           0x080019ed   Thumb Code     2  stm32g4xx_hal_hrtim.o(.text.HAL_HRTIM_Output1ResetCallback)
    HAL_HRTIM_Output1SetCallback             0x080019ef   Thumb Code     2  stm32g4xx_hal_hrtim.o(.text.HAL_HRTIM_Output1SetCallback)
    HAL_HRTIM_Output2ResetCallback           0x080019f1   Thumb Code     2  stm32g4xx_hal_hrtim.o(.text.HAL_HRTIM_Output2ResetCallback)
    HAL_HRTIM_Output2SetCallback             0x080019f3   Thumb Code     2  stm32g4xx_hal_hrtim.o(.text.HAL_HRTIM_Output2SetCallback)
    HAL_HRTIM_PollForDLLCalibration          0x080019f5   Thumb Code    66  stm32g4xx_hal_hrtim.o(.text.HAL_HRTIM_PollForDLLCalibration)
    HAL_HRTIM_RegistersUpdateCallback        0x08001a37   Thumb Code     2  stm32g4xx_hal_hrtim.o(.text.HAL_HRTIM_RegistersUpdateCallback)
    HAL_HRTIM_RepetitionEventCallback        0x08001a39   Thumb Code     2  stm32g4xx_hal_hrtim.o(.text.HAL_HRTIM_RepetitionEventCallback)
    HAL_HRTIM_SynchronizationEventCallback   0x08001a3b   Thumb Code     2  stm32g4xx_hal_hrtim.o(.text.HAL_HRTIM_SynchronizationEventCallback)
    HAL_HRTIM_SystemFaultCallback            0x08001a3d   Thumb Code     2  stm32g4xx_hal_hrtim.o(.text.HAL_HRTIM_SystemFaultCallback)
    HAL_HRTIM_TimeBaseConfig                 0x08001a3f   Thumb Code   118  stm32g4xx_hal_hrtim.o(.text.HAL_HRTIM_TimeBaseConfig)
    HAL_HRTIM_WaveformCompareConfig          0x08001ab5   Thumb Code   306  stm32g4xx_hal_hrtim.o(.text.HAL_HRTIM_WaveformCompareConfig)
    HAL_HRTIM_WaveformCountStart             0x08001be7   Thumb Code    38  stm32g4xx_hal_hrtim.o(.text.HAL_HRTIM_WaveformCountStart)
    HAL_HRTIM_WaveformOutputConfig           0x08001c0d   Thumb Code    58  stm32g4xx_hal_hrtim.o(.text.HAL_HRTIM_WaveformOutputConfig)
    HAL_HRTIM_WaveformOutputStart            0x08001c47   Thumb Code    42  stm32g4xx_hal_hrtim.o(.text.HAL_HRTIM_WaveformOutputStart)
    HAL_HRTIM_WaveformTimerConfig            0x08001c71   Thumb Code   628  stm32g4xx_hal_hrtim.o(.text.HAL_HRTIM_WaveformTimerConfig)
    HAL_HRTIM_WaveformTimerControl           0x08001ee5   Thumb Code   148  stm32g4xx_hal_hrtim.o(.text.HAL_HRTIM_WaveformTimerControl)
    HAL_IncTick                              0x08001f79   Thumb Code    24  stm32g4xx_hal.o(.text.HAL_IncTick)
    HAL_Init                                 0x08001f8d   Thumb Code    28  stm32g4xx_hal.o(.text.HAL_Init)
    HAL_InitTick                             0x08001fa9   Thumb Code    72  stm32g4xx_hal.o(.text.HAL_InitTick)
    HAL_MspInit                              0x08001fed   Thumb Code    52  stm32g4xx_hal_msp.o(.text.HAL_MspInit)
    HAL_NVIC_EnableIRQ                       0x08002021   Thumb Code    28  stm32g4xx_hal_cortex.o(.text.HAL_NVIC_EnableIRQ)
    HAL_NVIC_SetPriority                     0x0800203d   Thumb Code    64  stm32g4xx_hal_cortex.o(.text.HAL_NVIC_SetPriority)
    HAL_NVIC_SetPriorityGrouping             0x08002079   Thumb Code    32  stm32g4xx_hal_cortex.o(.text.HAL_NVIC_SetPriorityGrouping)
    HAL_PWREx_ControlVoltageScaling          0x08002099   Thumb Code   176  stm32g4xx_hal_pwr_ex.o(.text.HAL_PWREx_ControlVoltageScaling)
    HAL_PWREx_DisableUCPDDeadBattery         0x08002145   Thumb Code    16  stm32g4xx_hal_pwr_ex.o(.text.HAL_PWREx_DisableUCPDDeadBattery)
    HAL_RCCEx_PeriphCLKConfig                0x08002155   Thumb Code   664  stm32g4xx_hal_rcc_ex.o(.text.HAL_RCCEx_PeriphCLKConfig)
    HAL_RCC_ClockConfig                      0x080023ed   Thumb Code   496  stm32g4xx_hal_rcc.o(.text.HAL_RCC_ClockConfig)
    HAL_RCC_GetPCLK1Freq                     0x080025d1   Thumb Code    36  stm32g4xx_hal_rcc.o(.text.HAL_RCC_GetPCLK1Freq)
    HAL_RCC_GetPCLK2Freq                     0x080025e9   Thumb Code    36  stm32g4xx_hal_rcc.o(.text.HAL_RCC_GetPCLK2Freq)
    HAL_RCC_GetSysClockFreq                  0x08002609   Thumb Code   108  stm32g4xx_hal_rcc.o(.text.HAL_RCC_GetSysClockFreq)
    HAL_RCC_OscConfig                        0x08002675   Thumb Code  1084  stm32g4xx_hal_rcc.o(.text.HAL_RCC_OscConfig)
    HAL_SYSTICK_Config                       0x08002ab1   Thumb Code    40  stm32g4xx_hal_cortex.o(.text.HAL_SYSTICK_Config)
    HAL_TIMEx_Break2Callback                 0x08002ad9   Thumb Code     2  stm32g4xx_hal_tim_ex.o(.text.HAL_TIMEx_Break2Callback)
    HAL_TIMEx_BreakCallback                  0x08002adb   Thumb Code     2  stm32g4xx_hal_tim_ex.o(.text.HAL_TIMEx_BreakCallback)
    HAL_TIMEx_CommutCallback                 0x08002add   Thumb Code     2  stm32g4xx_hal_tim_ex.o(.text.HAL_TIMEx_CommutCallback)
    HAL_TIMEx_ConfigBreakDeadTime            0x08002ae1   Thumb Code   220  stm32g4xx_hal_tim_ex.o(.text.HAL_TIMEx_ConfigBreakDeadTime)
    HAL_TIMEx_DirectionChangeCallback        0x08002bb1   Thumb Code     2  stm32g4xx_hal_tim_ex.o(.text.HAL_TIMEx_DirectionChangeCallback)
    HAL_TIMEx_EncoderIndexCallback           0x08002bb3   Thumb Code     2  stm32g4xx_hal_tim_ex.o(.text.HAL_TIMEx_EncoderIndexCallback)
    HAL_TIMEx_IndexErrorCallback             0x08002bb5   Thumb Code     2  stm32g4xx_hal_tim_ex.o(.text.HAL_TIMEx_IndexErrorCallback)
    HAL_TIMEx_MasterConfigSynchronization    0x08002bb9   Thumb Code   176  stm32g4xx_hal_tim_ex.o(.text.HAL_TIMEx_MasterConfigSynchronization)
    HAL_TIMEx_TransitionErrorCallback        0x08002c65   Thumb Code     2  stm32g4xx_hal_tim_ex.o(.text.HAL_TIMEx_TransitionErrorCallback)
    HAL_TIM_Base_Init                        0x08002c67   Thumb Code    96  stm32g4xx_hal_tim.o(.text.HAL_TIM_Base_Init)
    HAL_TIM_Base_MspInit                     0x08002cc9   Thumb Code   156  tim.o(.text.HAL_TIM_Base_MspInit)
    HAL_TIM_ConfigClockSource                0x08002d65   Thumb Code   320  stm32g4xx_hal_tim.o(.text.HAL_TIM_ConfigClockSource)
    HAL_TIM_IC_CaptureCallback               0x08002ea5   Thumb Code     2  stm32g4xx_hal_tim.o(.text.HAL_TIM_IC_CaptureCallback)
    HAL_TIM_IC_ConfigChannel                 0x08002ea7   Thumb Code   198  stm32g4xx_hal_tim.o(.text.HAL_TIM_IC_ConfigChannel)
    HAL_TIM_IC_Init                          0x08002f6d   Thumb Code    96  stm32g4xx_hal_tim.o(.text.HAL_TIM_IC_Init)
    HAL_TIM_IC_MspInit                       0x08002fcd   Thumb Code     2  stm32g4xx_hal_tim.o(.text.HAL_TIM_IC_MspInit)
    HAL_TIM_IRQHandler                       0x08002fd1   Thumb Code   524  stm32g4xx_hal_tim.o(.text.HAL_TIM_IRQHandler)
    HAL_TIM_OC_DelayElapsedCallback          0x080031dd   Thumb Code     2  stm32g4xx_hal_tim.o(.text.HAL_TIM_OC_DelayElapsedCallback)
    HAL_TIM_PWM_PulseFinishedCallback        0x080031df   Thumb Code     2  stm32g4xx_hal_tim.o(.text.HAL_TIM_PWM_PulseFinishedCallback)
    HAL_TIM_PeriodElapsedCallback            0x080031e1   Thumb Code     2  stm32g4xx_hal_tim.o(.text.HAL_TIM_PeriodElapsedCallback)
    HAL_TIM_TriggerCallback                  0x080031e3   Thumb Code     2  stm32g4xx_hal_tim.o(.text.HAL_TIM_TriggerCallback)
    HAL_UARTEx_DisableFifoMode               0x080031e5   Thumb Code    54  stm32g4xx_hal_uart_ex.o(.text.HAL_UARTEx_DisableFifoMode)
    HAL_UARTEx_RxFifoFullCallback            0x0800321b   Thumb Code     2  stm32g4xx_hal_uart_ex.o(.text.HAL_UARTEx_RxFifoFullCallback)
    HAL_UARTEx_SetRxFifoThreshold            0x0800321d   Thumb Code    74  stm32g4xx_hal_uart_ex.o(.text.HAL_UARTEx_SetRxFifoThreshold)
    HAL_UARTEx_SetTxFifoThreshold            0x08003267   Thumb Code    74  stm32g4xx_hal_uart_ex.o(.text.HAL_UARTEx_SetTxFifoThreshold)
    HAL_UARTEx_TxFifoEmptyCallback           0x080032b1   Thumb Code     2  stm32g4xx_hal_uart_ex.o(.text.HAL_UARTEx_TxFifoEmptyCallback)
    HAL_UARTEx_WakeupCallback                0x080032b3   Thumb Code     2  stm32g4xx_hal_uart_ex.o(.text.HAL_UARTEx_WakeupCallback)
    HAL_UART_ErrorCallback                   0x080032b5   Thumb Code     2  stm32g4xx_hal_uart.o(.text.HAL_UART_ErrorCallback)
    HAL_UART_IRQHandler                      0x080032b9   Thumb Code   464  stm32g4xx_hal_uart.o(.text.HAL_UART_IRQHandler)
    HAL_UART_Init                            0x08003489   Thumb Code   100  stm32g4xx_hal_uart.o(.text.HAL_UART_Init)
    HAL_UART_MspInit                         0x080034ed   Thumb Code   176  usart.o(.text.HAL_UART_MspInit)
    HAL_UART_TxCpltCallback                  0x08003599   Thumb Code     2  stm32g4xx_hal_uart.o(.text.HAL_UART_TxCpltCallback)
    HRTIM1_TIMC_IRQHandler                   0x0800359d   Thumb Code    32  stm32g4xx_it.o(.text.HRTIM1_TIMC_IRQHandler)
    HRTIM_PWM_Enable                         0x080036b5   Thumb Code    40  wpt_tx.o(.text.HRTIM_PWM_Enable)
    HardFault_Handler                        0x080036dd   Thumb Code     2  stm32g4xx_it.o(.text.HardFault_Handler)
    MX_ADC5_Init                             0x08003701   Thumb Code   156  adc.o(.text.MX_ADC5_Init)
    MX_DMA_Init                              0x0800379d   Thumb Code    80  dma.o(.text.MX_DMA_Init)
    MX_GPIO_Init                             0x080037ed   Thumb Code    68  gpio.o(.text.MX_GPIO_Init)
    MX_HRTIM1_Init                           0x08003831   Thumb Code   464  hrtim.o(.text.MX_HRTIM1_Init)
    MX_TIM1_Init                             0x08003a01   Thumb Code   132  tim.o(.text.MX_TIM1_Init)
    MX_TIM2_Init                             0x08003a7d   Thumb Code   164  tim.o(.text.MX_TIM2_Init)
    MX_USART1_UART_Init                      0x08003b1d   Thumb Code   104  usart.o(.text.MX_USART1_UART_Init)
    MemManage_Handler                        0x08003b85   Thumb Code     2  stm32g4xx_it.o(.text.MemManage_Handler)
    NMI_Handler                              0x08003b87   Thumb Code     2  stm32g4xx_it.o(.text.NMI_Handler)
    PendSV_Handler                           0x08003b89   Thumb Code     2  stm32g4xx_it.o(.text.PendSV_Handler)
    SVC_Handler                              0x08003b8b   Thumb Code     2  stm32g4xx_it.o(.text.SVC_Handler)
    Saturation_float                         0x08003b8d   Thumb Code    40  util.o(.text.Saturation_float)
    Saturation_int                           0x08003bb5   Thumb Code    20  util.o(.text.Saturation_int)
    SetCapDuty                               0x08003bc9   Thumb Code    72  wpt_tx.o(.text.SetCapDuty)
    SetSwitchFreq                            0x08003c11   Thumb Code    92  wpt_tx.o(.text.SetSwitchFreq)
    SysTick_Handler                          0x08003c6d   Thumb Code     4  stm32g4xx_it.o(.text.SysTick_Handler)
    SystemClock_Config                       0x08003c71   Thumb Code   116  main.o(.text.SystemClock_Config)
    SystemInit                               0x08003ce5   Thumb Code    28  system_stm32g4xx.o(.text.SystemInit)
    TIM1_UP_TIM16_IRQHandler                 0x08003d01   Thumb Code    40  stm32g4xx_it.o(.text.TIM1_UP_TIM16_IRQHandler)
    TIM2_IRQHandler                          0x08003d29   Thumb Code    12  stm32g4xx_it.o(.text.TIM2_IRQHandler)
    TIM_Base_SetConfig                       0x08003d35   Thumb Code   216  stm32g4xx_hal_tim.o(.text.TIM_Base_SetConfig)
    TIM_Enable                               0x08003df5   Thumb Code    28  tim.o(.text.TIM_Enable)
    TIM_TI1_SetConfig                        0x08003e35   Thumb Code   132  stm32g4xx_hal_tim.o(.text.TIM_TI1_SetConfig)
    UART_AdvFeatureConfig                    0x08003f69   Thumb Code   210  stm32g4xx_hal_uart.o(.text.UART_AdvFeatureConfig)
    UART_CheckIdleState                      0x0800403d   Thumb Code   100  stm32g4xx_hal_uart.o(.text.UART_CheckIdleState)
    UART_Enable                              0x080040b1   Thumb Code    20  usart.o(.text.UART_Enable)
    UART_SetConfig                           0x080040e5   Thumb Code   564  stm32g4xx_hal_uart.o(.text.UART_SetConfig)
    UART_WaitOnFlagUntilTimeout              0x08004319   Thumb Code   160  stm32g4xx_hal_uart.o(.text.UART_WaitOnFlagUntilTimeout)
    USART1_IRQHandler                        0x080043b9   Thumb Code    12  stm32g4xx_it.o(.text.USART1_IRQHandler)
    UsageFault_Handler                       0x080043c5   Thumb Code     2  stm32g4xx_it.o(.text.UsageFault_Handler)
    WPT_Tx_Init                              0x080043c9   Thumb Code    84  wpt_tx.o(.text.WPT_Tx_Init)
    main                                     0x08004441   Thumb Code    58  main.o(.text.main)
    __aeabi_ddiv                             0x0800447d   Thumb Code     0  ddiv.o(x$fpl$ddiv)
    _ddiv                                    0x0800447d   Thumb Code   552  ddiv.o(x$fpl$ddiv)
    __aeabi_d2iz                             0x0800472d   Thumb Code     0  dfix.o(x$fpl$dfix)
    _dfix                                    0x0800472d   Thumb Code    94  dfix.o(x$fpl$dfix)
    __fpl_dnaninf                            0x0800478b   Thumb Code   156  dnaninf.o(x$fpl$dnaninf)
    __fpl_dretinf                            0x08004827   Thumb Code    12  dretinf.o(x$fpl$dretinf)
    __aeabi_f2d                              0x08004835   Thumb Code     0  f2d.o(x$fpl$f2d)
    _f2d                                     0x08004835   Thumb Code    86  f2d.o(x$fpl$f2d)
    __fpl_fnaninf                            0x0800488b   Thumb Code   140  fnaninf.o(x$fpl$fnaninf)
    _fp_init                                 0x08004917   Thumb Code    26  fpinit.o(x$fpl$fpinit)
    __fplib_config_fpu_vfp                   0x0800492f   Thumb Code     0  fpinit.o(x$fpl$fpinit)
    __fplib_config_pureend_doubles           0x0800492f   Thumb Code     0  fpinit.o(x$fpl$fpinit)
    AHBPrescTable                            0x08004930   Data          16  system_stm32g4xx.o(.rodata.AHBPrescTable)
    __I$use$fp                               0x08004930   Number         0  usenofp.o(x$fpl$usenofp)
    APBPrescTable                            0x08004940   Data           8  system_stm32g4xx.o(.rodata.APBPrescTable)
    UARTPrescTable                           0x08004948   Data          24  stm32g4xx_hal_uart.o(.rodata.UARTPrescTable)
    Region$$Table$$Base                      0x08004970   Number         0  anon$$obj.o(Region$$Table)
    Region$$Table$$Limit                     0x08004990   Number         0  anon$$obj.o(Region$$Table)
    uwTickPrio                               0x20000000   Data           4  stm32g4xx_hal.o(.data..L_MergedGlobals)
    uwTickFreq                               0x20000004   Data           4  stm32g4xx_hal.o(.data..L_MergedGlobals)
    SystemCoreClock                          0x20000008   Data           4  system_stm32g4xx.o(.data.SystemCoreClock)
    __libspace_start                         0x20000010   Data          96  libspace.o(.bss)
    WptTx                                    0x20000070   Data          36  wpt_tx.o(.bss.WptTx)
    __temporary_stack_top$libspace           0x20000070   Data           0  libspace.o(.bss)
    hadc5                                    0x20000094   Data         108  adc.o(.bss.hadc5)
    hdma_adc5                                0x20000100   Data          96  adc.o(.bss.hdma_adc5)
    hdma_usart1_tx                           0x20000160   Data          96  usart.o(.bss.hdma_usart1_tx)
    hhrtim1                                  0x200001c0   Data         252  hrtim.o(.bss.hhrtim1)
    htim1                                    0x200002bc   Data          76  tim.o(.bss.htim1)
    htim2                                    0x20000308   Data          76  tim.o(.bss.htim2)
    huart1                                   0x20000354   Data         140  usart.o(.bss.huart1)
    uwTick                                   0x200003e0   Data           4  stm32g4xx_hal.o(.bss.uwTick)



==============================================================================

Memory Map of the image

  Image Entry point : 0x080001d9

  Load Region LR_IROM1 (Base: 0x08000000, Size: 0x000049a0, Max: 0x00080000, ABSOLUTE)

    Execution Region ER_IROM1 (Exec base: 0x08000000, Load base: 0x08000000, Size: 0x00004990, Max: 0x00080000, ABSOLUTE)

    Exec Addr    Load Addr    Size         Type   Attr      Idx    E Section Name        Object

    0x08000000   0x08000000   0x000001d8   Data   RO            3    RESET               startup_stm32g474xx.o
    0x080001d8   0x080001d8   0x00000008   Code   RO         1760  * !!!main             c_w.l(__main.o)
    0x080001e0   0x080001e0   0x00000034   Code   RO         1950    !!!scatter          c_w.l(__scatter.o)
    0x08000214   0x08000214   0x0000001a   Code   RO         1952    !!handler_copy      c_w.l(__scatter_copy.o)
    0x0800022e   0x0800022e   0x00000002   PAD
    0x08000230   0x08000230   0x0000001c   Code   RO         1954    !!handler_zi        c_w.l(__scatter_zi.o)
    0x0800024c   0x0800024c   0x00000002   Code   RO         1814    .ARM.Collect$$libinit$$00000000  c_w.l(libinit.o)
    0x0800024e   0x0800024e   0x00000004   Code   RO         1826    .ARM.Collect$$libinit$$00000001  c_w.l(libinit2.o)
    0x08000252   0x08000252   0x00000000   Code   RO         1829    .ARM.Collect$$libinit$$00000004  c_w.l(libinit2.o)
    0x08000252   0x08000252   0x00000000   Code   RO         1832    .ARM.Collect$$libinit$$0000000A  c_w.l(libinit2.o)
    0x08000252   0x08000252   0x00000000   Code   RO         1834    .ARM.Collect$$libinit$$0000000C  c_w.l(libinit2.o)
    0x08000252   0x08000252   0x00000000   Code   RO         1836    .ARM.Collect$$libinit$$0000000E  c_w.l(libinit2.o)
    0x08000252   0x08000252   0x00000000   Code   RO         1839    .ARM.Collect$$libinit$$00000011  c_w.l(libinit2.o)
    0x08000252   0x08000252   0x00000000   Code   RO         1841    .ARM.Collect$$libinit$$00000013  c_w.l(libinit2.o)
    0x08000252   0x08000252   0x00000000   Code   RO         1843    .ARM.Collect$$libinit$$00000015  c_w.l(libinit2.o)
    0x08000252   0x08000252   0x00000000   Code   RO         1845    .ARM.Collect$$libinit$$00000017  c_w.l(libinit2.o)
    0x08000252   0x08000252   0x00000000   Code   RO         1847    .ARM.Collect$$libinit$$00000019  c_w.l(libinit2.o)
    0x08000252   0x08000252   0x00000000   Code   RO         1849    .ARM.Collect$$libinit$$0000001B  c_w.l(libinit2.o)
    0x08000252   0x08000252   0x00000000   Code   RO         1851    .ARM.Collect$$libinit$$0000001D  c_w.l(libinit2.o)
    0x08000252   0x08000252   0x00000000   Code   RO         1853    .ARM.Collect$$libinit$$0000001F  c_w.l(libinit2.o)
    0x08000252   0x08000252   0x00000000   Code   RO         1855    .ARM.Collect$$libinit$$00000021  c_w.l(libinit2.o)
    0x08000252   0x08000252   0x00000000   Code   RO         1857    .ARM.Collect$$libinit$$00000023  c_w.l(libinit2.o)
    0x08000252   0x08000252   0x00000000   Code   RO         1859    .ARM.Collect$$libinit$$00000025  c_w.l(libinit2.o)
    0x08000252   0x08000252   0x00000000   Code   RO         1863    .ARM.Collect$$libinit$$0000002C  c_w.l(libinit2.o)
    0x08000252   0x08000252   0x00000000   Code   RO         1865    .ARM.Collect$$libinit$$0000002E  c_w.l(libinit2.o)
    0x08000252   0x08000252   0x00000000   Code   RO         1867    .ARM.Collect$$libinit$$00000030  c_w.l(libinit2.o)
    0x08000252   0x08000252   0x00000000   Code   RO         1869    .ARM.Collect$$libinit$$00000032  c_w.l(libinit2.o)
    0x08000252   0x08000252   0x00000002   Code   RO         1870    .ARM.Collect$$libinit$$00000033  c_w.l(libinit2.o)
    0x08000254   0x08000254   0x00000002   Code   RO         1905    .ARM.Collect$$libshutdown$$00000000  c_w.l(libshutdown.o)
    0x08000256   0x08000256   0x00000000   Code   RO         1933    .ARM.Collect$$libshutdown$$00000002  c_w.l(libshutdown2.o)
    0x08000256   0x08000256   0x00000000   Code   RO         1935    .ARM.Collect$$libshutdown$$00000004  c_w.l(libshutdown2.o)
    0x08000256   0x08000256   0x00000000   Code   RO         1938    .ARM.Collect$$libshutdown$$00000007  c_w.l(libshutdown2.o)
    0x08000256   0x08000256   0x00000000   Code   RO         1941    .ARM.Collect$$libshutdown$$0000000A  c_w.l(libshutdown2.o)
    0x08000256   0x08000256   0x00000000   Code   RO         1943    .ARM.Collect$$libshutdown$$0000000C  c_w.l(libshutdown2.o)
    0x08000256   0x08000256   0x00000000   Code   RO         1946    .ARM.Collect$$libshutdown$$0000000F  c_w.l(libshutdown2.o)
    0x08000256   0x08000256   0x00000002   Code   RO         1947    .ARM.Collect$$libshutdown$$00000010  c_w.l(libshutdown2.o)
    0x08000258   0x08000258   0x00000000   Code   RO         1772    .ARM.Collect$$rtentry$$00000000  c_w.l(__rtentry.o)
    0x08000258   0x08000258   0x00000000   Code   RO         1785    .ARM.Collect$$rtentry$$00000002  c_w.l(__rtentry2.o)
    0x08000258   0x08000258   0x00000006   Code   RO         1797    .ARM.Collect$$rtentry$$00000004  c_w.l(__rtentry4.o)
    0x0800025e   0x0800025e   0x00000000   Code   RO         1787    .ARM.Collect$$rtentry$$00000009  c_w.l(__rtentry2.o)
    0x0800025e   0x0800025e   0x00000004   Code   RO         1788    .ARM.Collect$$rtentry$$0000000A  c_w.l(__rtentry2.o)
    0x08000262   0x08000262   0x00000000   Code   RO         1790    .ARM.Collect$$rtentry$$0000000C  c_w.l(__rtentry2.o)
    0x08000262   0x08000262   0x00000008   Code   RO         1791    .ARM.Collect$$rtentry$$0000000D  c_w.l(__rtentry2.o)
    0x0800026a   0x0800026a   0x00000002   Code   RO         1818    .ARM.Collect$$rtexit$$00000000  c_w.l(rtexit.o)
    0x0800026c   0x0800026c   0x00000000   Code   RO         1876    .ARM.Collect$$rtexit$$00000002  c_w.l(rtexit2.o)
    0x0800026c   0x0800026c   0x00000004   Code   RO         1877    .ARM.Collect$$rtexit$$00000003  c_w.l(rtexit2.o)
    0x08000270   0x08000270   0x00000006   Code   RO         1878    .ARM.Collect$$rtexit$$00000004  c_w.l(rtexit2.o)
    0x08000276   0x08000276   0x00000002   PAD
    0x08000278   0x08000278   0x00000040   Code   RO            4    .text               startup_stm32g474xx.o
    0x080002b8   0x080002b8   0x000000ee   Code   RO         1754    .text               c_w.l(lludivv7m.o)
    0x080003a6   0x080003a6   0x0000004e   Code   RO         1756    .text               c_w.l(rt_memclr_w.o)
    0x080003f4   0x080003f4   0x00000006   Code   RO         1758    .text               c_w.l(heapauxi.o)
    0x080003fa   0x080003fa   0x0000004a   Code   RO         1801    .text               c_w.l(sys_stackheap_outer.o)
    0x08000444   0x08000444   0x00000012   Code   RO         1803    .text               c_w.l(exit.o)
    0x08000456   0x08000456   0x00000002   PAD
    0x08000458   0x08000458   0x00000008   Code   RO         1815    .text               c_w.l(libspace.o)
    0x08000460   0x08000460   0x0000000c   Code   RO         1871    .text               c_w.l(sys_exit.o)
    0x0800046c   0x0800046c   0x00000002   Code   RO         1894    .text               c_w.l(use_no_semi.o)
    0x0800046e   0x0800046e   0x00000000   Code   RO         1896    .text               c_w.l(indicate_semi.o)
    0x0800046e   0x0800046e   0x00000002   PAD
    0x08000470   0x08000470   0x000000c0   Code   RO          231    .text.ADC_ConversionStop  stm32g4xx_hal_adc.o
    0x08000530   0x08000530   0x0000005e   Code   RO          253    .text.ADC_DMAConvCplt  stm32g4xx_hal_adc.o
    0x0800058e   0x0800058e   0x00000016   Code   RO          257    .text.ADC_DMAError  stm32g4xx_hal_adc.o
    0x080005a4   0x080005a4   0x00000006   Code   RO          255    .text.ADC_DMAHalfConvCplt  stm32g4xx_hal_adc.o
    0x080005aa   0x080005aa   0x00000002   PAD
    0x080005ac   0x080005ac   0x00000064   Code   RO          233    .text.ADC_Disable   stm32g4xx_hal_adc.o
    0x08000610   0x08000610   0x00000068   Code   RO          239    .text.ADC_Enable    stm32g4xx_hal_adc.o
    0x08000678   0x08000678   0x00000024   Code   RO          207    .text.ADConvert_Enable  wpt_tx.o
    0x0800069c   0x0800069c   0x00000002   Code   RO          160    .text.BusFault_Handler  stm32g4xx_it.o
    0x0800069e   0x0800069e   0x00000002   PAD
    0x080006a0   0x080006a0   0x0000001c   Code   RO          172    .text.DMA1_Channel1_IRQHandler  stm32g4xx_it.o
    0x080006bc   0x080006bc   0x0000000c   Code   RO          174    .text.DMA1_Channel2_IRQHandler  stm32g4xx_it.o
    0x080006c8   0x080006c8   0x00000048   Code   RO          660    .text.DMA_CalcDMAMUXChannelBaseAndMask  stm32g4xx_hal_dma.o
    0x08000710   0x08000710   0x00000024   Code   RO          662    .text.DMA_CalcDMAMUXRequestGenBaseAndMask  stm32g4xx_hal_dma.o
    0x08000734   0x08000734   0x00000046   Code   RO          668    .text.DMA_SetConfig  stm32g4xx_hal_dma.o
    0x0800077a   0x0800077a   0x00000002   Code   RO          166    .text.DebugMon_Handler  stm32g4xx_it.o
    0x0800077c   0x0800077c   0x00000002   Code   RO           28    .text.Error_Handler  main.o
    0x0800077e   0x0800077e   0x00000002   PAD
    0x08000780   0x08000780   0x0000003c   Code   RO          213    .text.GetVolCurr    wpt_tx.o
    0x080007bc   0x080007bc   0x00000350   Code   RO          277    .text.HAL_ADC_ConfigChannel  stm32g4xx_hal_adc.o
    0x08000b0c   0x08000b0c   0x00000002   Code   RO          269    .text.HAL_ADC_ConvCpltCallback  stm32g4xx_hal_adc.o
    0x08000b0e   0x08000b0e   0x00000002   Code   RO          275    .text.HAL_ADC_ConvHalfCpltCallback  stm32g4xx_hal_adc.o
    0x08000b10   0x08000b10   0x00000002   Code   RO          273    .text.HAL_ADC_ErrorCallback  stm32g4xx_hal_adc.o
    0x08000b12   0x08000b12   0x00000002   PAD
    0x08000b14   0x08000b14   0x00000204   Code   RO          225    .text.HAL_ADC_Init  stm32g4xx_hal_adc.o
    0x08000d18   0x08000d18   0x000000a4   Code   RO           51    .text.HAL_ADC_MspInit  adc.o
    0x08000dbc   0x08000dbc   0x00000110   Code   RO          251    .text.HAL_ADC_Start_DMA  stm32g4xx_hal_adc.o
    0x08000ecc   0x08000ecc   0x0000003e   Code   RO          241    .text.HAL_ADC_Stop  stm32g4xx_hal_adc.o
    0x08000f0a   0x08000f0a   0x0000007a   Code   RO          674    .text.HAL_DMA_Abort_IT  stm32g4xx_hal_dma.o
    0x08000f84   0x08000f84   0x000000a4   Code   RO          678    .text.HAL_DMA_IRQHandler  stm32g4xx_hal_dma.o
    0x08001028   0x08001028   0x000000c0   Code   RO          658    .text.HAL_DMA_Init  stm32g4xx_hal_dma.o
    0x080010e8   0x080010e8   0x00000088   Code   RO          670    .text.HAL_DMA_Start_IT  stm32g4xx_hal_dma.o
    0x08001170   0x08001170   0x00000024   Code   RO          384    .text.HAL_Delay     stm32g4xx_hal.o
    0x08001194   0x08001194   0x0000017c   Code   RO          606    .text.HAL_GPIO_Init  stm32g4xx_hal_gpio.o
    0x08001310   0x08001310   0x0000000c   Code   RO          376    .text.HAL_GetTick   stm32g4xx_hal.o
    0x0800131c   0x0800131c   0x00000002   Code   RO         1119    .text.HAL_HRTIM_BurstModePeriodCallback  stm32g4xx_hal_hrtim.o
    0x0800131e   0x0800131e   0x00000002   Code   RO         1135    .text.HAL_HRTIM_Capture1EventCallback  stm32g4xx_hal_hrtim.o
    0x08001320   0x08001320   0x00000002   Code   RO         1137    .text.HAL_HRTIM_Capture2EventCallback  stm32g4xx_hal_hrtim.o
    0x08001322   0x08001322   0x00000002   Code   RO         1127    .text.HAL_HRTIM_Compare1EventCallback  stm32g4xx_hal_hrtim.o
    0x08001324   0x08001324   0x00000002   Code   RO         1129    .text.HAL_HRTIM_Compare2EventCallback  stm32g4xx_hal_hrtim.o
    0x08001326   0x08001326   0x00000002   Code   RO         1131    .text.HAL_HRTIM_Compare3EventCallback  stm32g4xx_hal_hrtim.o
    0x08001328   0x08001328   0x00000002   Code   RO         1133    .text.HAL_HRTIM_Compare4EventCallback  stm32g4xx_hal_hrtim.o
    0x0800132a   0x0800132a   0x00000002   Code   RO         1141    .text.HAL_HRTIM_CounterResetCallback  stm32g4xx_hal_hrtim.o
    0x0800132c   0x0800132c   0x00000002   Code   RO         1117    .text.HAL_HRTIM_DLLCalibrationReadyCallback  stm32g4xx_hal_hrtim.o
    0x0800132e   0x0800132e   0x00000052   Code   RO          897    .text.HAL_HRTIM_DLLCalibrationStart  stm32g4xx_hal_hrtim.o
    0x08001380   0x08001380   0x00000098   Code   RO         1027    .text.HAL_HRTIM_DeadTimeConfig  stm32g4xx_hal_hrtim.o
    0x08001418   0x08001418   0x00000002   Code   RO         1139    .text.HAL_HRTIM_DelayedProtectionCallback  stm32g4xx_hal_hrtim.o
    0x0800141a   0x0800141a   0x00000002   Code   RO         1103    .text.HAL_HRTIM_Fault1Callback  stm32g4xx_hal_hrtim.o
    0x0800141c   0x0800141c   0x00000002   Code   RO         1105    .text.HAL_HRTIM_Fault2Callback  stm32g4xx_hal_hrtim.o
    0x0800141e   0x0800141e   0x00000002   Code   RO         1107    .text.HAL_HRTIM_Fault3Callback  stm32g4xx_hal_hrtim.o
    0x08001420   0x08001420   0x00000002   Code   RO         1109    .text.HAL_HRTIM_Fault4Callback  stm32g4xx_hal_hrtim.o
    0x08001422   0x08001422   0x00000002   Code   RO         1111    .text.HAL_HRTIM_Fault5Callback  stm32g4xx_hal_hrtim.o
    0x08001424   0x08001424   0x00000002   Code   RO         1113    .text.HAL_HRTIM_Fault6Callback  stm32g4xx_hal_hrtim.o
    0x08001426   0x08001426   0x0000049c   Code   RO         1101    .text.HAL_HRTIM_IRQHandler  stm32g4xx_hal_hrtim.o
    0x080018c2   0x080018c2   0x00000002   PAD
    0x080018c4   0x080018c4   0x00000098   Code   RO          889    .text.HAL_HRTIM_Init  stm32g4xx_hal_hrtim.o
    0x0800195c   0x0800195c   0x00000038   Code   RO           80    .text.HAL_HRTIM_MspInit  hrtim.o
    0x08001994   0x08001994   0x00000058   Code   RO           78    .text.HAL_HRTIM_MspPostInit  hrtim.o
    0x080019ec   0x080019ec   0x00000002   Code   RO         1145    .text.HAL_HRTIM_Output1ResetCallback  stm32g4xx_hal_hrtim.o
    0x080019ee   0x080019ee   0x00000002   Code   RO         1143    .text.HAL_HRTIM_Output1SetCallback  stm32g4xx_hal_hrtim.o
    0x080019f0   0x080019f0   0x00000002   Code   RO         1149    .text.HAL_HRTIM_Output2ResetCallback  stm32g4xx_hal_hrtim.o
    0x080019f2   0x080019f2   0x00000002   Code   RO         1147    .text.HAL_HRTIM_Output2SetCallback  stm32g4xx_hal_hrtim.o
    0x080019f4   0x080019f4   0x00000042   Code   RO          901    .text.HAL_HRTIM_PollForDLLCalibration  stm32g4xx_hal_hrtim.o
    0x08001a36   0x08001a36   0x00000002   Code   RO         1123    .text.HAL_HRTIM_RegistersUpdateCallback  stm32g4xx_hal_hrtim.o
    0x08001a38   0x08001a38   0x00000002   Code   RO         1125    .text.HAL_HRTIM_RepetitionEventCallback  stm32g4xx_hal_hrtim.o
    0x08001a3a   0x08001a3a   0x00000002   Code   RO         1121    .text.HAL_HRTIM_SynchronizationEventCallback  stm32g4xx_hal_hrtim.o
    0x08001a3c   0x08001a3c   0x00000002   Code   RO         1115    .text.HAL_HRTIM_SystemFaultCallback  stm32g4xx_hal_hrtim.o
    0x08001a3e   0x08001a3e   0x00000076   Code   RO          903    .text.HAL_HRTIM_TimeBaseConfig  stm32g4xx_hal_hrtim.o
    0x08001ab4   0x08001ab4   0x00000132   Code   RO         1033    .text.HAL_HRTIM_WaveformCompareConfig  stm32g4xx_hal_hrtim.o
    0x08001be6   0x08001be6   0x00000026   Code   RO         1045    .text.HAL_HRTIM_WaveformCountStart  stm32g4xx_hal_hrtim.o
    0x08001c0c   0x08001c0c   0x0000003a   Code   RO         1037    .text.HAL_HRTIM_WaveformOutputConfig  stm32g4xx_hal_hrtim.o
    0x08001c46   0x08001c46   0x0000002a   Code   RO         1041    .text.HAL_HRTIM_WaveformOutputStart  stm32g4xx_hal_hrtim.o
    0x08001c70   0x08001c70   0x00000274   Code   RO         1009    .text.HAL_HRTIM_WaveformTimerConfig  stm32g4xx_hal_hrtim.o
    0x08001ee4   0x08001ee4   0x00000094   Code   RO         1013    .text.HAL_HRTIM_WaveformTimerControl  stm32g4xx_hal_hrtim.o
    0x08001f78   0x08001f78   0x00000014   Code   RO          374    .text.HAL_IncTick   stm32g4xx_hal.o
    0x08001f8c   0x08001f8c   0x0000001c   Code   RO          364    .text.HAL_Init      stm32g4xx_hal.o
    0x08001fa8   0x08001fa8   0x00000044   Code   RO          366    .text.HAL_InitTick  stm32g4xx_hal.o
    0x08001fec   0x08001fec   0x00000034   Code   RO          192    .text.HAL_MspInit   stm32g4xx_hal_msp.o
    0x08002020   0x08002020   0x0000001c   Code   RO          846    .text.HAL_NVIC_EnableIRQ  stm32g4xx_hal_cortex.o
    0x0800203c   0x0800203c   0x0000003c   Code   RO          842    .text.HAL_NVIC_SetPriority  stm32g4xx_hal_cortex.o
    0x08002078   0x08002078   0x00000020   Code   RO          840    .text.HAL_NVIC_SetPriorityGrouping  stm32g4xx_hal_cortex.o
    0x08002098   0x08002098   0x000000ac   Code   RO          759    .text.HAL_PWREx_ControlVoltageScaling  stm32g4xx_hal_pwr_ex.o
    0x08002144   0x08002144   0x00000010   Code   RO          829    .text.HAL_PWREx_DisableUCPDDeadBattery  stm32g4xx_hal_pwr_ex.o
    0x08002154   0x08002154   0x00000298   Code   RO          484    .text.HAL_RCCEx_PeriphCLKConfig  stm32g4xx_hal_rcc_ex.o
    0x080023ec   0x080023ec   0x000001e4   Code   RO          449    .text.HAL_RCC_ClockConfig  stm32g4xx_hal_rcc.o
    0x080025d0   0x080025d0   0x00000018   Code   RO          457    .text.HAL_RCC_GetPCLK1Freq  stm32g4xx_hal_rcc.o
    0x080025e8   0x080025e8   0x00000020   Code   RO          459    .text.HAL_RCC_GetPCLK2Freq  stm32g4xx_hal_rcc.o
    0x08002608   0x08002608   0x0000006c   Code   RO          451    .text.HAL_RCC_GetSysClockFreq  stm32g4xx_hal_rcc.o
    0x08002674   0x08002674   0x0000043c   Code   RO          447    .text.HAL_RCC_OscConfig  stm32g4xx_hal_rcc.o
    0x08002ab0   0x08002ab0   0x00000028   Code   RO          854    .text.HAL_SYSTICK_Config  stm32g4xx_hal_cortex.o
    0x08002ad8   0x08002ad8   0x00000002   Code   RO         1536    .text.HAL_TIMEx_Break2Callback  stm32g4xx_hal_tim_ex.o
    0x08002ada   0x08002ada   0x00000002   Code   RO         1534    .text.HAL_TIMEx_BreakCallback  stm32g4xx_hal_tim_ex.o
    0x08002adc   0x08002adc   0x00000002   Code   RO         1530    .text.HAL_TIMEx_CommutCallback  stm32g4xx_hal_tim_ex.o
    0x08002ade   0x08002ade   0x00000002   PAD
    0x08002ae0   0x08002ae0   0x000000d0   Code   RO         1482    .text.HAL_TIMEx_ConfigBreakDeadTime  stm32g4xx_hal_tim_ex.o
    0x08002bb0   0x08002bb0   0x00000002   Code   RO         1540    .text.HAL_TIMEx_DirectionChangeCallback  stm32g4xx_hal_tim_ex.o
    0x08002bb2   0x08002bb2   0x00000002   Code   RO         1538    .text.HAL_TIMEx_EncoderIndexCallback  stm32g4xx_hal_tim_ex.o
    0x08002bb4   0x08002bb4   0x00000002   Code   RO         1542    .text.HAL_TIMEx_IndexErrorCallback  stm32g4xx_hal_tim_ex.o
    0x08002bb6   0x08002bb6   0x00000002   PAD
    0x08002bb8   0x08002bb8   0x000000ac   Code   RO         1480    .text.HAL_TIMEx_MasterConfigSynchronization  stm32g4xx_hal_tim_ex.o
    0x08002c64   0x08002c64   0x00000002   Code   RO         1544    .text.HAL_TIMEx_TransitionErrorCallback  stm32g4xx_hal_tim_ex.o
    0x08002c66   0x08002c66   0x00000060   Code   RO         1167    .text.HAL_TIM_Base_Init  stm32g4xx_hal_tim.o
    0x08002cc6   0x08002cc6   0x00000002   PAD
    0x08002cc8   0x08002cc8   0x0000009c   Code   RO           98    .text.HAL_TIM_Base_MspInit  tim.o
    0x08002d64   0x08002d64   0x00000140   Code   RO         1359    .text.HAL_TIM_ConfigClockSource  stm32g4xx_hal_tim.o
    0x08002ea4   0x08002ea4   0x00000002   Code   RO         1303    .text.HAL_TIM_IC_CaptureCallback  stm32g4xx_hal_tim.o
    0x08002ea6   0x08002ea6   0x000000c6   Code   RO         1327    .text.HAL_TIM_IC_ConfigChannel  stm32g4xx_hal_tim.o
    0x08002f6c   0x08002f6c   0x00000060   Code   RO         1241    .text.HAL_TIM_IC_Init  stm32g4xx_hal_tim.o
    0x08002fcc   0x08002fcc   0x00000002   Code   RO         1243    .text.HAL_TIM_IC_MspInit  stm32g4xx_hal_tim.o
    0x08002fce   0x08002fce   0x00000002   PAD
    0x08002fd0   0x08002fd0   0x0000020c   Code   RO         1301    .text.HAL_TIM_IRQHandler  stm32g4xx_hal_tim.o
    0x080031dc   0x080031dc   0x00000002   Code   RO         1305    .text.HAL_TIM_OC_DelayElapsedCallback  stm32g4xx_hal_tim.o
    0x080031de   0x080031de   0x00000002   Code   RO         1307    .text.HAL_TIM_PWM_PulseFinishedCallback  stm32g4xx_hal_tim.o
    0x080031e0   0x080031e0   0x00000002   Code   RO         1309    .text.HAL_TIM_PeriodElapsedCallback  stm32g4xx_hal_tim.o
    0x080031e2   0x080031e2   0x00000002   Code   RO         1311    .text.HAL_TIM_TriggerCallback  stm32g4xx_hal_tim.o
    0x080031e4   0x080031e4   0x00000036   Code   RO         1721    .text.HAL_UARTEx_DisableFifoMode  stm32g4xx_hal_uart_ex.o
    0x0800321a   0x0800321a   0x00000002   Code   RO         1705    .text.HAL_UARTEx_RxFifoFullCallback  stm32g4xx_hal_uart_ex.o
    0x0800321c   0x0800321c   0x0000004a   Code   RO         1725    .text.HAL_UARTEx_SetRxFifoThreshold  stm32g4xx_hal_uart_ex.o
    0x08003266   0x08003266   0x0000004a   Code   RO         1723    .text.HAL_UARTEx_SetTxFifoThreshold  stm32g4xx_hal_uart_ex.o
    0x080032b0   0x080032b0   0x00000002   Code   RO         1707    .text.HAL_UARTEx_TxFifoEmptyCallback  stm32g4xx_hal_uart_ex.o
    0x080032b2   0x080032b2   0x00000002   Code   RO         1703    .text.HAL_UARTEx_WakeupCallback  stm32g4xx_hal_uart_ex.o
    0x080032b4   0x080032b4   0x00000002   Code   RO         1659    .text.HAL_UART_ErrorCallback  stm32g4xx_hal_uart.o
    0x080032b6   0x080032b6   0x00000002   PAD
    0x080032b8   0x080032b8   0x000001d0   Code   RO         1655    .text.HAL_UART_IRQHandler  stm32g4xx_hal_uart.o
    0x08003488   0x08003488   0x00000064   Code   RO         1559    .text.HAL_UART_Init  stm32g4xx_hal_uart.o
    0x080034ec   0x080034ec   0x000000ac   Code   RO          117    .text.HAL_UART_MspInit  usart.o
    0x08003598   0x08003598   0x00000002   Code   RO         1661    .text.HAL_UART_TxCpltCallback  stm32g4xx_hal_uart.o
    0x0800359a   0x0800359a   0x00000002   PAD
    0x0800359c   0x0800359c   0x0000001c   Code   RO          182    .text.HRTIM1_TIMC_IRQHandler  stm32g4xx_it.o
    0x080035b8   0x080035b8   0x00000038   Code   RO         1011    .text.HRTIM_ForceRegistersUpdate  stm32g4xx_hal_hrtim.o
    0x080035f0   0x080035f0   0x000000c2   Code   RO          927    .text.HRTIM_OutputConfig  stm32g4xx_hal_hrtim.o
    0x080036b2   0x080036b2   0x00000002   PAD
    0x080036b4   0x080036b4   0x00000028   Code   RO          209    .text.HRTIM_PWM_Enable  wpt_tx.o
    0x080036dc   0x080036dc   0x00000002   Code   RO          156    .text.HardFault_Handler  stm32g4xx_it.o
    0x080036de   0x080036de   0x00000020   Code   RO          279    .text.LL_ADC_SetChannelSamplingTime  stm32g4xx_hal_adc.o
    0x080036fe   0x080036fe   0x00000002   PAD
    0x08003700   0x08003700   0x0000009c   Code   RO           49    .text.MX_ADC5_Init  adc.o
    0x0800379c   0x0800379c   0x00000050   Code   RO           66    .text.MX_DMA_Init   dma.o
    0x080037ec   0x080037ec   0x00000044   Code   RO           40    .text.MX_GPIO_Init  gpio.o
    0x08003830   0x08003830   0x000001d0   Code   RO           76    .text.MX_HRTIM1_Init  hrtim.o
    0x08003a00   0x08003a00   0x0000007c   Code   RO           94    .text.MX_TIM1_Init  tim.o
    0x08003a7c   0x08003a7c   0x000000a0   Code   RO           96    .text.MX_TIM2_Init  tim.o
    0x08003b1c   0x08003b1c   0x00000068   Code   RO          115    .text.MX_USART1_UART_Init  usart.o
    0x08003b84   0x08003b84   0x00000002   Code   RO          158    .text.MemManage_Handler  stm32g4xx_it.o
    0x08003b86   0x08003b86   0x00000002   Code   RO          154    .text.NMI_Handler   stm32g4xx_it.o
    0x08003b88   0x08003b88   0x00000002   Code   RO          168    .text.PendSV_Handler  stm32g4xx_it.o
    0x08003b8a   0x08003b8a   0x00000002   Code   RO          164    .text.SVC_Handler   stm32g4xx_it.o
    0x08003b8c   0x08003b8c   0x00000028   Code   RO           11    .text.Saturation_float  util.o
    0x08003bb4   0x08003bb4   0x00000014   Code   RO           13    .text.Saturation_int  util.o
    0x08003bc8   0x08003bc8   0x00000048   Code   RO          205    .text.SetCapDuty    wpt_tx.o
    0x08003c10   0x08003c10   0x0000005c   Code   RO          203    .text.SetSwitchFreq  wpt_tx.o
    0x08003c6c   0x08003c6c   0x00000004   Code   RO          170    .text.SysTick_Handler  stm32g4xx_it.o
    0x08003c70   0x08003c70   0x00000074   Code   RO           26    .text.SystemClock_Config  main.o
    0x08003ce4   0x08003ce4   0x0000001c   Code   RO         1737    .text.SystemInit    system_stm32g4xx.o
    0x08003d00   0x08003d00   0x00000028   Code   RO          176    .text.TIM1_UP_TIM16_IRQHandler  stm32g4xx_it.o
    0x08003d28   0x08003d28   0x0000000c   Code   RO          178    .text.TIM2_IRQHandler  stm32g4xx_it.o
    0x08003d34   0x08003d34   0x000000c0   Code   RO         1171    .text.TIM_Base_SetConfig  stm32g4xx_hal_tim.o
    0x08003df4   0x08003df4   0x0000001c   Code   RO          102    .text.TIM_Enable    tim.o
    0x08003e10   0x08003e10   0x00000022   Code   RO         1361    .text.TIM_TI1_ConfigInputStage  stm32g4xx_hal_tim.o
    0x08003e32   0x08003e32   0x00000002   PAD
    0x08003e34   0x08003e34   0x00000084   Code   RO         1329    .text.TIM_TI1_SetConfig  stm32g4xx_hal_tim.o
    0x08003eb8   0x08003eb8   0x00000022   Code   RO         1363    .text.TIM_TI2_ConfigInputStage  stm32g4xx_hal_tim.o
    0x08003eda   0x08003eda   0x00000038   Code   RO         1331    .text.TIM_TI2_SetConfig  stm32g4xx_hal_tim.o
    0x08003f12   0x08003f12   0x00000002   PAD
    0x08003f14   0x08003f14   0x00000054   Code   RO         1719    .text.UARTEx_SetNbDataToProcess  stm32g4xx_hal_uart_ex.o
    0x08003f68   0x08003f68   0x000000d2   Code   RO         1565    .text.UART_AdvFeatureConfig  stm32g4xx_hal_uart.o
    0x0800403a   0x0800403a   0x00000002   PAD
    0x0800403c   0x0800403c   0x00000064   Code   RO         1567    .text.UART_CheckIdleState  stm32g4xx_hal_uart.o
    0x080040a0   0x080040a0   0x00000010   Code   RO         1657    .text.UART_DMAAbortOnError  stm32g4xx_hal_uart.o
    0x080040b0   0x080040b0   0x00000010   Code   RO          137    .text.UART_Enable   usart.o
    0x080040c0   0x080040c0   0x00000024   Code   RO         1627    .text.UART_EndRxTransfer  stm32g4xx_hal_uart.o
    0x080040e4   0x080040e4   0x00000234   Code   RO         1563    .text.UART_SetConfig  stm32g4xx_hal_uart.o
    0x08004318   0x08004318   0x000000a0   Code   RO         1581    .text.UART_WaitOnFlagUntilTimeout  stm32g4xx_hal_uart.o
    0x080043b8   0x080043b8   0x0000000c   Code   RO          180    .text.USART1_IRQHandler  stm32g4xx_it.o
    0x080043c4   0x080043c4   0x00000002   Code   RO          162    .text.UsageFault_Handler  stm32g4xx_it.o
    0x080043c6   0x080043c6   0x00000002   PAD
    0x080043c8   0x080043c8   0x00000054   Code   RO          201    .text.WPT_Tx_Init   wpt_tx.o
    0x0800441c   0x0800441c   0x00000024   Code   RO          844    .text.__NVIC_SetPriority  stm32g4xx_hal_cortex.o
    0x08004440   0x08004440   0x0000003a   Code   RO           24    .text.main          main.o
    0x0800447a   0x0800447a   0x00000002   PAD
    0x0800447c   0x0800447c   0x000002b0   Code   RO         1763    x$fpl$ddiv          fz_wm.l(ddiv.o)
    0x0800472c   0x0800472c   0x0000005e   Code   RO         1766    x$fpl$dfix          fz_wm.l(dfix.o)
    0x0800478a   0x0800478a   0x0000009c   Code   RO         1777    x$fpl$dnaninf       fz_wm.l(dnaninf.o)
    0x08004826   0x08004826   0x0000000c   Code   RO         1779    x$fpl$dretinf       fz_wm.l(dretinf.o)
    0x08004832   0x08004832   0x00000002   PAD
    0x08004834   0x08004834   0x00000056   Code   RO         1770    x$fpl$f2d           fz_wm.l(f2d.o)
    0x0800488a   0x0800488a   0x0000008c   Code   RO         1781    x$fpl$fnaninf       fz_wm.l(fnaninf.o)
    0x08004916   0x08004916   0x0000001a   Code   RO         1888    x$fpl$fpinit        fz_wm.l(fpinit.o)
    0x08004930   0x08004930   0x00000000   Code   RO         1783    x$fpl$usenofp       fz_wm.l(usenofp.o)
    0x08004930   0x08004930   0x00000010   Data   RO         1742    .rodata.AHBPrescTable  system_stm32g4xx.o
    0x08004940   0x08004940   0x00000008   Data   RO         1743    .rodata.APBPrescTable  system_stm32g4xx.o
    0x08004948   0x08004948   0x00000018   Data   RO         1691    .rodata.UARTPrescTable  stm32g4xx_hal_uart.o
    0x08004960   0x08004960   0x00000010   Data   RO         1727    .rodata.cst8        stm32g4xx_hal_uart_ex.o
    0x08004970   0x08004970   0x00000020   Data   RO         1949    Region$$Table       anon$$obj.o


    Execution Region RW_IRAM1 (Exec base: 0x20000000, Load base: 0x08004990, Size: 0x000009e8, Max: 0x00020000, ABSOLUTE)

    Exec Addr    Load Addr    Size         Type   Attr      Idx    E Section Name        Object

    0x20000000   0x08004990   0x00000008   Data   RW          435    .data..L_MergedGlobals  stm32g4xx_hal.o
    0x20000008   0x08004998   0x00000004   Data   RW         1741    .data.SystemCoreClock  system_stm32g4xx.o
    0x2000000c   0x0800499c   0x00000004   PAD
    0x20000010        -       0x00000060   Zero   RW         1816    .bss                c_w.l(libspace.o)
    0x20000070        -       0x00000024   Zero   RW          215    .bss.WptTx          wpt_tx.o
    0x20000094        -       0x0000006c   Zero   RW           55    .bss.hadc5          adc.o
    0x20000100        -       0x00000060   Zero   RW           56    .bss.hdma_adc5      adc.o
    0x20000160        -       0x00000060   Zero   RW          141    .bss.hdma_usart1_tx  usart.o
    0x200001c0        -       0x000000fc   Zero   RW           84    .bss.hhrtim1        hrtim.o
    0x200002bc        -       0x0000004c   Zero   RW          104    .bss.htim1          tim.o
    0x20000308        -       0x0000004c   Zero   RW          105    .bss.htim2          tim.o
    0x20000354        -       0x0000008c   Zero   RW          140    .bss.huart1         usart.o
    0x200003e0        -       0x00000004   Zero   RW          434    .bss.uwTick         stm32g4xx_hal.o
    0x200003e4   0x0800499c   0x00000004   PAD
    0x200003e8        -       0x00000200   Zero   RW            2    HEAP                startup_stm32g474xx.o
    0x200005e8        -       0x00000400   Zero   RW            1    STACK               startup_stm32g474xx.o


==============================================================================

Image component sizes


      Code (inc. data)   RO Data    RW Data    ZI Data      Debug   Object Name

       320         32          0          0        204       6413   adc.o
        80          4          0          0          0       3914   dma.o
        68          4          0          0          0       1586   gpio.o
       608         24          0          0        252      11789   hrtim.o
       176          0          0          0          0       2444   main.o
        64         26        472          0       1536        844   startup_stm32g474xx.o
       164         16          0          8          4       9183   stm32g4xx_hal.o
      2254         96          0          0          0      24610   stm32g4xx_hal_adc.o
       196         28          0          0          0      10271   stm32g4xx_hal_cortex.o
       792         16          0          0          0       7706   stm32g4xx_hal_dma.o
       380         20          0          0          0       5105   stm32g4xx_hal_gpio.o
      3268        108          0          0          0      56704   stm32g4xx_hal_hrtim.o
        52          4          0          0          0       1585   stm32g4xx_hal_msp.o
       188         12          0          0          0       8234   stm32g4xx_hal_pwr_ex.o
      1732         60          0          0          0       9063   stm32g4xx_hal_rcc.o
       664          8          0          0          0       9819   stm32g4xx_hal_rcc_ex.o
      1694         96          0          0          0      43938   stm32g4xx_hal_tim.o
       394         36          0          0          0      24043   stm32g4xx_hal_tim_ex.o
      1654        102         24          0          0      22211   stm32g4xx_hal_uart.o
       292          8         16          0          0       7446   stm32g4xx_hal_uart_ex.o
       152         24          0          0          0       1599   stm32g4xx_it.o
        28          4         24          4          0       2724   system_stm32g4xx.o
       468         16          0          0        152      10032   tim.o
       292         24          0          0        236      10737   usart.o
        60          0          0          0          0        755   util.o
       384         56          0          0         36       2031   wpt_tx.o

    ----------------------------------------------------------------------
     16460        824        568         12       2428     294786   Object Totals
         0          0         32          0          0          0   (incl. Generated)
        36          0          0          0          8          0   (incl. Padding)

    ----------------------------------------------------------------------

      Code (inc. data)   RO Data    RW Data    ZI Data      Debug   Library Member Name

         8          0          0          0          0         68   __main.o
         0          0          0          0          0          0   __rtentry.o
        12          0          0          0          0          0   __rtentry2.o
         6          0          0          0          0          0   __rtentry4.o
        52          8          0          0          0          0   __scatter.o
        26          0          0          0          0          0   __scatter_copy.o
        28          0          0          0          0          0   __scatter_zi.o
        18          0          0          0          0         80   exit.o
         6          0          0          0          0        152   heapauxi.o
         0          0          0          0          0          0   indicate_semi.o
         2          0          0          0          0          0   libinit.o
         6          0          0          0          0          0   libinit2.o
         2          0          0          0          0          0   libshutdown.o
         2          0          0          0          0          0   libshutdown2.o
         8          4          0          0         96         68   libspace.o
       238          0          0          0          0        100   lludivv7m.o
        78          0          0          0          0         80   rt_memclr_w.o
         2          0          0          0          0          0   rtexit.o
        10          0          0          0          0          0   rtexit2.o
        12          4          0          0          0         68   sys_exit.o
        74          0          0          0          0         80   sys_stackheap_outer.o
         2          0          0          0          0         68   use_no_semi.o
       688        140          0          0          0        264   ddiv.o
        94          4          0          0          0        140   dfix.o
       156          4          0          0          0        140   dnaninf.o
        12          0          0          0          0        116   dretinf.o
        86          4          0          0          0        132   f2d.o
       140          4          0          0          0        132   fnaninf.o
        26          0          0          0          0        116   fpinit.o
         0          0          0          0          0          0   usenofp.o

    ----------------------------------------------------------------------
      1804        172          0          0         96       1804   Library Totals
        10          0          0          0          0          0   (incl. Padding)

    ----------------------------------------------------------------------

      Code (inc. data)   RO Data    RW Data    ZI Data      Debug   Library Name

       592         16          0          0         96        764   c_w.l
      1202        156          0          0          0       1040   fz_wm.l

    ----------------------------------------------------------------------
      1804        172          0          0         96       1804   Library Totals

    ----------------------------------------------------------------------

==============================================================================


      Code (inc. data)   RO Data    RW Data    ZI Data      Debug   

     18264        996        568         12       2524     295346   Grand Totals
     18264        996        568         12       2524     295346   ELF Image Totals
     18264        996        568         12          0          0   ROM Totals

==============================================================================

    Total RO  Size (Code + RO Data)                18832 (  18.39kB)
    Total RW  Size (RW Data + ZI Data)              2536 (   2.48kB)
    Total ROM Size (Code + RO Data + RW Data)      18844 (  18.40kB)

==============================================================================

